<html class="js flexbox flexboxlegacy canvas canvastext no-touch postmessage websqldatabase indexeddb hashchange history draganddrop websockets rgba hsla multiplebgs backgroundsize borderimage borderradius boxshadow textshadow opacity cssanimations csscolumns cssgradients cssreflections csstransforms csstransforms3d csstransitions fontface generatedcontent video audio localstorage sessionstorage webworkers no-applicationcache" lang="en" style="">
 <head>
  <!-- Start Session Info: {"SessionId" : "-xiL1FyuFea-MfjW0mR6sT4", "S" : "fp2" } -->
  <meta content="36f0f692-c208-4cb7-b976-00d27450f65f" name="PageRequestID"/>
  <!-- Page information ['Page ID': 'tcm:270-76799-64', 'Page last modified date-time': '28.04.2022 16:00:49', 'Page template ID': 'tcm:270-934-128', 'Page template last modified date-time': '21.04.2020 16:30:49', 'Publish time': '17.08.2022 13:56:08'] -->
  <!-- Component information ['Component ID': 'tcm:270-284850', 'Component last modified date-time': '10.05.2021 16:16:45', 'Component template ID': 'tcm:270-29651-32', 'Component template last modified date-time': '4.06.2019 16:14:09', 'Publish time': '25.08.2022 16:53:33'] -->
  <meta content="on" http-equiv="x-dns-prefetch-control"/>
  <link href="//www.turkishairlines.com" rel="preconnect"/>
  <link href="//www.turkishairlines.com" rel="dns-prefetch"/>
  <link crossorigin="" href="//turkishairlines.bynder.com" rel="preconnect"/>
  <link crossorigin="" href="//turkishairlines.bynder.com" rel="dns-prefetch"/>
  <link crossorigin="" href="//cdn.turkishairlines.com" rel="preconnect"/>
  <link crossorigin="" href="//cdn.turkishairlines.com" rel="dns-prefetch"/>
  <link crossorigin="" href="//www.turkishairlines.com" rel="preconnect"/>
  <link crossorigin="" href="//www.turkishairlines.com" rel="dns-prefetch"/>
  <link as="font" crossorigin="" href="/theme/fonts/MuseoSans-100.woff" rel="preload"/>
  <link as="font" crossorigin="" href="/theme/fonts/MuseoSans-300.woff" rel="preload"/>
  <link as="font" crossorigin="" href="/theme/fonts/MuseoSans-500.woff" rel="preload"/>
  <link as="font" crossorigin="" href="/theme/fonts/MuseoSans-700.woff" rel="preload"/>
  <link as="font" crossorigin="" href="/theme/fonts/MuseoSans-900.woff" rel="preload"/>
  <link as="font" crossorigin="" href="/theme/fonts/currency.woff" rel="preload"/>
  <link as="font" crossorigin="" href="/theme/img/fonts/tk-font.woff" rel="preload"/>
  <link as="font" crossorigin="" href="/theme/fonts/fontawesome-webfont.woff?v=4.2.0" rel="preload"/>
  <meta content="thy" name="website"/>
  <meta charset="utf-8"/>
  <meta content="IE=edge" http-equiv="X-UA-Compatible"/>
  <meta content="width=device-width, initial-scale=1" name="viewport"/>
  <meta content="4C3EABAC469C4D5A53C199B47EEDC9A4" name="msvalidate.01"/>
  <style>
   .async-hide { opacity: 0 !important}
  </style>
  <iframe role="presentation" src="javascript:void(0)" style="width: 0px; height: 0px; border: 0px; display: none;" title="">
  </iframe>
  <script async="" src="https://connect.facebook.net/signals/config/912223215635574?v=2.9.77&amp;r=stable">
  </script>
  <script async="" src="https://connect.facebook.net/en_US/fbevents.js">
  </script>
  <script async="" src="https://www.googleadservices.com/pagead/conversion_async.js" type="text/javascript">
  </script>
  <script async="" src="https://www.google-analytics.com/analytics.js" type="text/javascript">
  </script>
  <script async="" src="https://static.ads-twitter.com/uwt.js" type="text/javascript">
  </script>
  <script async="" src="https://www.googletagmanager.com/gtag/js?id=G-RTFZQZD6PL&amp;l=dataLayer&amp;cx=c" type="text/javascript">
  </script>
  <script async="" gtm="GTM-N4SDPR" src="https://www.google-analytics.com/gtm/optimize.js?id=GTM-W74BTN2" type="text/javascript">
  </script>
  <script async="" src="//www.googletagmanager.com/gtm.js?id=GTM-N4SDPR">
  </script>
  <script>
   if(!window.dataLayer){ (function(w, d, s, l, i) { w[l] = w[l] || []; w[l].push({ 'gtm.start': new Date().getTime(), event: 'gtm.js' }); var f = d.getElementsByTagName(s)[0], j = d.createElement(s), dl = l != 'dataLayer' ? '&l=' + l : ''; j.async = true; j.src = '//www.googletagmanager.com/gtm.js?id=' + i + dl; f.parentNode.insertBefore(j, f); })(window, document, 'script', 'dataLayer', 'GTM-N4SDPR'); (function(a,s,y,n,c,h,i,d,e){s.className+=' '+y;h.start=1*new Date; h.end=i=function(){s.className=s.className.replace(RegExp(' ?'+y),'')}; (a[n]=a[n]||[]).hide=h;setTimeout(function(){i();h.end=null},c);h.timeout=c; })(window,document.documentElement,'async-hide','dataLayer',4000, {'GTM-N4SDPR':true}); }
  </script>
  <meta content="Discover more than 120 countries with Turkish Airlines for a unique travel experience. Buy a flight ticket, make hotel reservation and rent a car." name="description"/>
  <meta content="flight tickets, best airline, plane tickets, check-in, award tickets, flights, thy, turkish airlines, turkishairlines.com, low cost flight tickets, hotel, car rental, holiday" name="keywords"/>
  <meta content="en-il" name="languagecountry"/>
  <meta content="Discover more than 120 countries with Turkish Airlines for a unique travel experience. Buy a flight ticket, make hotel reservation and rent a car." name="pagesummary"/>
  <meta content="index, follow" name="robots"/>
  <meta content="Turkish Airlines ®️ | Flying to the Most Countries‎" name="pagetitle"/>
  <meta content="" name="pagebreadcrumb"/>
  <meta content="76799" name="PageID"/>
  <meta content="270" name="PublicationID"/>
  <meta content="/en-il/" name="currentPageURL"/>
  <meta content="59b48105a717c1eb" name="yandex-verification"/>
  <meta content="app-id=1283414961" name="apple-itunes-app"/>
  <meta content="22xfa9x4jg5xjernfu9k5nynm1xiqb" name="facebook-domain-verification"/>
  <title>
   Turkish Airlines ®️ | Flying to the Most Countries‎
  </title>
  <script data-dtconfig="app=4d1273d1581bf374|rcdec=1209600000|featureHash=ICA2Vfqru|vcv=2|rdnt=1|uxrgce=1|bp=3|srmcrv=10|cuc=hsw07kw7|mel=100000|dpvc=1|ssv=4|lastModification=1661430576516|dtVersion=10245220704125537|srmcrl=1|tp=500,50,0,1|uxdcw=1500|agentUri=/thyweb3.website/ruxitagentjs_ICA2Vfqru_10245220704125537.js|reportUrl=/thyweb3.website/rb_b2184cfc-2124-4b71-b883-fda1c67cd750|rid=RID_2418|rpid=-195717792|domain=turkishairlines.com" src="/thyweb3.website/ruxitagentjs_ICA2Vfqru_10245220704125537.js" type="text/javascript">
  </script>
  <link href="https://www.turkishairlines.com/en-il/" rel="canonical"/>
  <link href="https://www.turkishairlines.com/de-at/" hreflang="de-at" rel="alternate" type="text/html"/>
  <link href="https://www.turkishairlines.com/de-be/" hreflang="de-be" rel="alternate" type="text/html"/>
  <link href="https://www.turkishairlines.com/de-ch/" hreflang="de-ch" rel="alternate" type="text/html"/>
  <link href="https://www.turkishairlines.com/de-de/" hreflang="de-de" rel="alternate" type="text/html"/>
  <link href="https://www.turkishairlines.com/de-int/" hreflang="de" rel="alternate" type="text/html"/>
  <link href="https://www.turkishairlines.com/de-lu/" hreflang="de-lu" rel="alternate" type="text/html"/>
  <link href="https://www.turkishairlines.com/en-ae/" hreflang="en-ae" rel="alternate" type="text/html"/>
  <link href="https://www.turkishairlines.com/en-ar/" hreflang="en-ar" rel="alternate" type="text/html"/>
  <link href="https://www.turkishairlines.com/en-at/" hreflang="en-at" rel="alternate" type="text/html"/>
  <link href="https://www.turkishairlines.com/en-az/" hreflang="en-az" rel="alternate" type="text/html"/>
  <link href="https://www.turkishairlines.com/en-be/" hreflang="en-be" rel="alternate" type="text/html"/>
  <link href="https://www.turkishairlines.com/en-bh/" hreflang="en-bh" rel="alternate" type="text/html"/>
  <link href="https://www.turkishairlines.com/en-br/" hreflang="en-br" rel="alternate" type="text/html"/>
  <link href="https://www.turkishairlines.com/en-by/" hreflang="en-by" rel="alternate" type="text/html"/>
  <link href="https://www.turkishairlines.com/en-ca/" hreflang="en-ca" rel="alternate" type="text/html"/>
  <link href="https://www.turkishairlines.com/en-ch/" hreflang="en-ch" rel="alternate" type="text/html"/>
  <link href="https://www.turkishairlines.com/en-cn/" hreflang="en-cn" rel="alternate" type="text/html"/>
  <link href="https://www.turkishairlines.com/en-co/" hreflang="en-co" rel="alternate" type="text/html"/>
  <link href="https://www.turkishairlines.com/en-de/" hreflang="en-de" rel="alternate" type="text/html"/>
  <link href="https://www.turkishairlines.com/en-dk/" hreflang="en-dk" rel="alternate" type="text/html"/>
  <link href="https://www.turkishairlines.com/en-ee/" hreflang="en-ee" rel="alternate" type="text/html"/>
  <link href="https://www.turkishairlines.com/en-eg/" hreflang="en-eg" rel="alternate" type="text/html"/>
  <link href="https://www.turkishairlines.com/en-es/" hreflang="en-es" rel="alternate" type="text/html"/>
  <link href="https://www.turkishairlines.com/en-fi/" hreflang="en-fi" rel="alternate" type="text/html"/>
  <link href="https://www.turkishairlines.com/en-fr/" hreflang="en-fr" rel="alternate" type="text/html"/>
  <link href="https://www.turkishairlines.com/en-gb/" hreflang="en-gb" rel="alternate" type="text/html"/>
  <link href="https://www.turkishairlines.com/en-gr/" hreflang="en-gr" rel="alternate" type="text/html"/>
  <link href="https://www.turkishairlines.com/en-hk/" hreflang="en-hk" rel="alternate" type="text/html"/>
  <link href="https://www.turkishairlines.com/en-hu/" hreflang="en-hu" rel="alternate" type="text/html"/>
  <link href="https://www.turkishairlines.com/en-ie/" hreflang="en-ie" rel="alternate" type="text/html"/>
  <link href="https://www.turkishairlines.com/en-in/" hreflang="en-in" rel="alternate" type="text/html"/>
  <link href="https://www.turkishairlines.com/en-int/" hreflang="en" rel="alternate" type="text/html"/>
  <link href="https://www.turkishairlines.com/en-ir/" hreflang="en-ir" rel="alternate" type="text/html"/>
  <link href="https://www.turkishairlines.com/en-it/" hreflang="en-it" rel="alternate" type="text/html"/>
  <link href="https://www.turkishairlines.com/en-jp/" hreflang="en-jp" rel="alternate" type="text/html"/>
  <link href="https://www.turkishairlines.com/en-kr/" hreflang="en-kr" rel="alternate" type="text/html"/>
  <link href="https://www.turkishairlines.com/en-kt/" hreflang="en-kt" rel="alternate" type="text/html"/>
  <link href="https://www.turkishairlines.com/en-kw/" hreflang="en-kw" rel="alternate" type="text/html"/>
  <link href="https://www.turkishairlines.com/en-lb/" hreflang="en-lb" rel="alternate" type="text/html"/>
  <link href="https://www.turkishairlines.com/en-lu/" hreflang="en-lu" rel="alternate" type="text/html"/>
  <link href="https://www.turkishairlines.com/en-mx/" hreflang="en-mx" rel="alternate" type="text/html"/>
  <link href="https://www.turkishairlines.com/en-my/" hreflang="en-my" rel="alternate" type="text/html"/>
  <link href="https://www.turkishairlines.com/en-nl/" hreflang="en-nl" rel="alternate" type="text/html"/>
  <link href="https://www.turkishairlines.com/en-no/" hreflang="en-no" rel="alternate" type="text/html"/>
  <link href="https://www.turkishairlines.com/en-pl/" hreflang="en-pl" rel="alternate" type="text/html"/>
  <link href="https://www.turkishairlines.com/en-pt/" hreflang="en-pt" rel="alternate" type="text/html"/>
  <link href="https://www.turkishairlines.com/en-qa/" hreflang="en-qa" rel="alternate" type="text/html"/>
  <link href="https://www.turkishairlines.com/en-ru/" hreflang="en-ru" rel="alternate" type="text/html"/>
  <link href="https://www.turkishairlines.com/en-sa/" hreflang="en-sa" rel="alternate" type="text/html"/>
  <link href="https://www.turkishairlines.com/en-se/" hreflang="en-se" rel="alternate" type="text/html"/>
  <link href="https://www.turkishairlines.com/en-sg/" hreflang="en-sg" rel="alternate" type="text/html"/>
  <link href="https://www.turkishairlines.com/en-th/" hreflang="en-th" rel="alternate" type="text/html"/>
  <link href="https://www.turkishairlines.com/en-tr/" hreflang="en-tr" rel="alternate" type="text/html"/>
  <link href="https://www.turkishairlines.com/en-tw/" hreflang="en-tw" rel="alternate" type="text/html"/>
  <link href="https://www.turkishairlines.com/en-ua/" hreflang="en-ua" rel="alternate" type="text/html"/>
  <link href="https://www.turkishairlines.com/en-us/" hreflang="en-us" rel="alternate" type="text/html"/>
  <link href="https://www.turkishairlines.com/en-za/" hreflang="en-za" rel="alternate" type="text/html"/>
  <link href="https://www.turkishairlines.com/es-ar/" hreflang="es-ar" rel="alternate" type="text/html"/>
  <link href="https://www.turkishairlines.com/es-co/" hreflang="es-co" rel="alternate" type="text/html"/>
  <link href="https://www.turkishairlines.com/es-es/" hreflang="es-es" rel="alternate" type="text/html"/>
  <link href="https://www.turkishairlines.com/es-int/" hreflang="es" rel="alternate" type="text/html"/>
  <link href="https://www.turkishairlines.com/es-mx/" hreflang="es-mx" rel="alternate" type="text/html"/>
  <link href="https://www.turkishairlines.com/es-us/" hreflang="es-us" rel="alternate" type="text/html"/>
  <link href="https://www.turkishairlines.com/fr-be/" hreflang="fr-be" rel="alternate" type="text/html"/>
  <link href="https://www.turkishairlines.com/fr-ca/" hreflang="fr-ca" rel="alternate" type="text/html"/>
  <link href="https://www.turkishairlines.com/fr-ch/" hreflang="fr-ch" rel="alternate" type="text/html"/>
  <link href="https://www.turkishairlines.com/fr-fr/" hreflang="fr-fr" rel="alternate" type="text/html"/>
  <link href="https://www.turkishairlines.com/fr-int/" hreflang="fr" rel="alternate" type="text/html"/>
  <link href="https://www.turkishairlines.com/fr-lu/" hreflang="fr-lu" rel="alternate" type="text/html"/>
  <link href="https://www.turkishairlines.com/it-ch/" hreflang="it-ch" rel="alternate" type="text/html"/>
  <link href="https://www.turkishairlines.com/it-int/" hreflang="it" rel="alternate" type="text/html"/>
  <link href="https://www.turkishairlines.com/it-it/" hreflang="it-it" rel="alternate" type="text/html"/>
  <link href="https://www.turkishairlines.com/ja-int/" hreflang="ja" rel="alternate" type="text/html"/>
  <link href="https://www.turkishairlines.com/ja-jp/" hreflang="ja-jp" rel="alternate" type="text/html"/>
  <link href="https://www.turkishairlines.com/ko-int/" hreflang="ko" rel="alternate" type="text/html"/>
  <link href="https://www.turkishairlines.com/ko-kr/" hreflang="ko-kr" rel="alternate" type="text/html"/>
  <link href="https://www.turkishairlines.com/pt-br/" hreflang="pt-br" rel="alternate" type="text/html"/>
  <link href="https://www.turkishairlines.com/pt-int/" hreflang="pt" rel="alternate" type="text/html"/>
  <link href="https://www.turkishairlines.com/pt-pt/" hreflang="pt-pt" rel="alternate" type="text/html"/>
  <link href="https://www.turkishairlines.com/ru-az/" hreflang="ru-az" rel="alternate" type="text/html"/>
  <link href="https://www.turkishairlines.com/ru-by/" hreflang="ru-by" rel="alternate" type="text/html"/>
  <link href="https://www.turkishairlines.com/ru-ee/" hreflang="ru-ee" rel="alternate" type="text/html"/>
  <link href="https://www.turkishairlines.com/ru-int/" hreflang="ru" rel="alternate" type="text/html"/>
  <link href="https://www.turkishairlines.com/ru-ru/" hreflang="ru-ru" rel="alternate" type="text/html"/>
  <link href="https://www.turkishairlines.com/ru-ua/" hreflang="ru-ua" rel="alternate" type="text/html"/>
  <link href="https://www.turkishairlines.com/th-int/" hreflang="th" rel="alternate" type="text/html"/>
  <link href="https://www.turkishairlines.com/th-th/" hreflang="th-th" rel="alternate" type="text/html"/>
  <link href="https://www.turkishairlines.com/tr-at/" hreflang="tr-at" rel="alternate" type="text/html"/>
  <link href="https://www.turkishairlines.com/tr-az/" hreflang="tr-az" rel="alternate" type="text/html"/>
  <link href="https://www.turkishairlines.com/tr-be/" hreflang="tr-be" rel="alternate" type="text/html"/>
  <link href="https://www.turkishairlines.com/tr-by/" hreflang="tr-by" rel="alternate" type="text/html"/>
  <link href="https://www.turkishairlines.com/tr-ch/" hreflang="tr-ch" rel="alternate" type="text/html"/>
  <link href="https://www.turkishairlines.com/tr-cn/" hreflang="tr-cn" rel="alternate" type="text/html"/>
  <link href="https://www.turkishairlines.com/tr-de/" hreflang="tr-de" rel="alternate" type="text/html"/>
  <link href="https://www.turkishairlines.com/tr-dk/" hreflang="tr-dk" rel="alternate" type="text/html"/>
  <link href="https://www.turkishairlines.com/tr-eg/" hreflang="tr-eg" rel="alternate" type="text/html"/>
  <link href="https://www.turkishairlines.com/tr-es/" hreflang="tr-es" rel="alternate" type="text/html"/>
  <link href="https://www.turkishairlines.com/tr-fr/" hreflang="tr-fr" rel="alternate" type="text/html"/>
  <link href="https://www.turkishairlines.com/tr-gb/" hreflang="tr-gb" rel="alternate" type="text/html"/>
  <link href="https://www.turkishairlines.com/tr-int/" hreflang="tr" rel="alternate" type="text/html"/>
  <link href="https://www.turkishairlines.com/tr-ir/" hreflang="tr-ir" rel="alternate" type="text/html"/>
  <link href="https://www.turkishairlines.com/tr-it/" hreflang="tr-it" rel="alternate" type="text/html"/>
  <link href="https://www.turkishairlines.com/tr-jp/" hreflang="tr-jp" rel="alternate" type="text/html"/>
  <link href="https://www.turkishairlines.com/tr-kt/" hreflang="tr-kt" rel="alternate" type="text/html"/>
  <link href="https://www.turkishairlines.com/tr-nl/" hreflang="tr-nl" rel="alternate" type="text/html"/>
  <link href="https://www.turkishairlines.com/tr-no/" hreflang="tr-no" rel="alternate" type="text/html"/>
  <link href="https://www.turkishairlines.com/tr-ru/" hreflang="tr-ru" rel="alternate" type="text/html"/>
  <link href="https://www.turkishairlines.com/tr-sa/" hreflang="tr-sa" rel="alternate" type="text/html"/>
  <link href="https://www.turkishairlines.com/tr-se/" hreflang="tr-se" rel="alternate" type="text/html"/>
  <link href="https://www.turkishairlines.com/tr-tr/" hreflang="x-default" rel="alternate" type="text/html"/>
  <link href="https://www.turkishairlines.com/tr-tr/" hreflang="tr-tr" rel="alternate" type="text/html"/>
  <link href="https://www.turkishairlines.com/tr-ua/" hreflang="tr-ua" rel="alternate" type="text/html"/>
  <link href="https://www.turkishairlines.com/tr-us/" hreflang="tr-us" rel="alternate" type="text/html"/>
  <link href="https://www.turkishairlines.com/uk-int/" hreflang="uk" rel="alternate" type="text/html"/>
  <link href="https://www.turkishairlines.com/uk-ua/" hreflang="uk-ua" rel="alternate" type="text/html"/>
  <link href="https://www.turkishairlines.com/zh-cn/" hreflang="zh-cn" rel="alternate" type="text/html"/>
  <link href="https://www.turkishairlines.com/zh-int/" hreflang="zh" rel="alternate" type="text/html"/>
  <link href="https://www.turkishairlines.com/zh-my/" hreflang="zh-my" rel="alternate" type="text/html"/>
  <link href="https://www.turkishairlines.com/zh-tw/" hreflang="zh-tw" rel="alternate" type="text/html"/>
  <!-- Component information ['Component ID': 'tcm:270-284965', 'Component last modified date-time': '21.04.2020 16:32:50', 'Component template ID': 'tcm:270-29651-32', 'Component template last modified date-time': '4.06.2019 16:14:09', 'Publish time': '25.08.2022 16:53:36'] -->
  <link href="//www.turkishairlines.com/theme/img/icons/favicon.ico" rel="shortcut icon"/>
  <link crossorigin="" href="https://cdn.turkishairlines.com/" rel="preconnect"/>
  <link href="/theme/css/styles-min.css?v=${build.number}" rel="stylesheet"/>
  <link href="https://plus.google.com/" rel="publisher"/>
  <!--[if lt IE 9]> <script type="text/javascript" src="//www.turkishairlines.com/com.thy.web.online.portal/assets/js/ie/excanvas.js"></script> <script type="text/javascript" src="//www.turkishairlines.com/com.thy.web.online.portal/assets/js/ie/html5shiv.js"></script> <script type="text/javascript" src="//www.turkishairlines.com/com.thy.web.online.portal/assets/js/ie/respond.js"></script> <link rel="stylesheet" href="//www.turkishairlines.com/theme/css/ie8.css" /> <![endif]-->
  <script type="text/javascript">
   var cpath = '/thyweb3.website'; window.cdnDomain = ""; (function() { var noop = function () {}; var console = (window.console = window.console || {}); console.log=noop; console.dir=noop; }());
  </script>
  <script data-main="/com.thy.web.online.portal/assets/js/main.js" src="/com.thy.web.online.portal/assets/js/require.js?v=${build.number}">
  </script>
  <script data-main="/com.thy.web.online.portal/assets/js/main.js" src="/com.thy.web.online.portal/assets/js/dist/core.js?v=${build.number}">
  </script>
  <script async="" charset="utf-8" data-requirecontext="_" data-requiremodule="main" gapi_processed="true" src="/com.thy.web.online.portal/assets/js/main.js" type="text/javascript">
  </script>
  <script type="text/javascript">
   require(["application"]);
  </script>
  <script>
   (window.BOOMR_mq=window.BOOMR_mq||[]).push(["addVar",{"rua.upush":"false","rua.cpush":"true","rua.upre":"true","rua.cpre":"false","rua.uprl":"false","rua.cprl":"false","rua.cprf":"false","rua.trans":"SJ-a744673b-6631-4f8c-ba0d-4b305e432779","rua.cook":"false","rua.ims":"false","rua.ufprl":"false","rua.cfprl":"false","rua.isuxp":"false","rua.texp":"norulematch"}]);
  </script>
  <script>
   !function(a){var e="https://s.go-mpulse.net/boomerang/",t="addEventListener";if("False"=="True")a.BOOMR_config=a.BOOMR_config||{},a.BOOMR_config.PageParams=a.BOOMR_config.PageParams||{},a.BOOMR_config.PageParams.pci=!0,e="https://s2.go-mpulse.net/boomerang/";if(window.BOOMR_API_key="LSMU7-C5H93-ESK2A-P43SN-Y6CZH",function(){function n(e){a.BOOMR_onload=e&&e.timeStamp||(new Date).getTime()}if(!a.BOOMR||!a.BOOMR.version&&!a.BOOMR.snippetExecuted){a.BOOMR=a.BOOMR||{},a.BOOMR.snippetExecuted=!0;var i,_,o,r=document.createElement("iframe");if(a[t])a[t]("load",n,!1);else if(a.attachEvent)a.attachEvent("onload",n);r.src="javascript:void(0)",r.title="",r.role="presentation",(r.frameElement||r).style.cssText="width:0;height:0;border:0;display:none;",o=document.getElementsByTagName("script")[0],o.parentNode.insertBefore(r,o);try{_=r.contentWindow.document}catch(O){i=document.domain,r.src="javascript:var d=document.open();d.domain='"+i+"';void(0);",_=r.contentWindow.document}_.open()._l=function(){var a=this.createElement("script");if(i)this.domain=i;a.id="boomr-if-as",a.src=e+"LSMU7-C5H93-ESK2A-P43SN-Y6CZH",BOOMR_lstart=(new Date).getTime(),this.body.appendChild(a)},_.write("<bo"+'dy onload="document._l();">'),_.close()}}(),"".length>0)if(a&&"performance"in a&&a.performance&&"function"==typeof a.performance.setResourceTimingBufferSize)a.performance.setResourceTimingBufferSize();!function(){if(BOOMR=a.BOOMR||{},BOOMR.plugins=BOOMR.plugins||{},!BOOMR.plugins.AK){var e="true"=="true"?1:0,t="",n="jv66242sm2mmcyyht5gq-f-fbe3b8da7-clientnsv4-s.akamaihd.net",i="false"=="true"?2:1,_={"ak.v":"32","ak.cp":"654378","ak.ai":parseInt("417743",10),"ak.ol":"0","ak.cr":4,"ak.ipv":4,"ak.proto":"h2","ak.rid":"26129b57","ak.r":43412,"ak.a2":e,"ak.m":"a","ak.n":"essl","ak.bpcip":"77.125.237.0","ak.cport":50817,"ak.gh":"82.102.152.189","ak.quicv":"","ak.tlsv":"tls1.3","ak.0rtt":"","ak.csrc":"-","ak.acc":"","ak.t":"1661443917","ak.ak":"hOBiQwZUYzCg5VSAfCLimQ==lP1dhXb8UKleYNaUH9GLuOG5tK1JF3oOVC4QG1drJHlH7IvZ+WbkvIVvRx36/2mrAeAO1Qh5MsC2b+/55PHwiruX4mto7NhoU05QXyR9yzV78v7uNcO+qVFUDDCpt+4er6Gv3fvQylR9Wg+OEFX7DFVeA3sEZVinlx7RYjFd7HxHCvIr7hH0ag+W4aPxpDKWinkeNrhxJzdzxCSc0OcZ3rYyVYZe6purEyVupMDOYwgVrvLKTD0LNmnSJqKa5uu31eSFAGfbyjv3+j3XsRh2z8Nrta16+ru+JsiWa9ZMTp0QPkGJkHKocE6Pzq2Nl/OE5n5Rthf4byJdWktOMlQo2kA2ZI7/LgX50hq1kAfs9AxaVAOLqioba7gwkXBwcdu66x7Wt/BWnGfBNiuXY+sKRnCuNolisXRZFexi8VVYQhI=","ak.pv":"184","ak.dpoabenc":"","ak.tf":i};if(""!==t)_["ak.ruds"]=t;var o={i:!1,av:function(e){var t="http.initiator";if(e&&(!e[t]||"spa_hard"===e[t]))_["ak.feo"]=void 0!==a.aFeoApplied?1:0,BOOMR.addVar(_)},rv:function(){var a=["ak.bpcip","ak.cport","ak.cr","ak.csrc","ak.gh","ak.ipv","ak.m","ak.n","ak.ol","ak.proto","ak.quicv","ak.tlsv","ak.0rtt","ak.r","ak.acc","ak.t","ak.tf"];BOOMR.removeVar(a)}};BOOMR.plugins.AK={akVars:_,akDNSPreFetchDomain:n,init:function(){if(!o.i){var a=BOOMR.subscribe;a("before_beacon",o.av,null,null),a("onbeacon",o.rv,null,null),o.i=!0}return this},is_complete:function(){return!0}}}}()}(window);
  </script>
  <script>
   bazadebezolkohpepadr="2002294307"
  </script>
  <script defer="" src="https://www.turkishairlines.com/akam/13/7758959f" type="text/javascript">
  </script>
  <script async="" charset="utf-8" data-requirecontext="_" data-requiremodule="/com.thy.web.online.search/search/module/faqsearch/faqsearch.js" src="/com.thy.web.online.search/search/module/faqsearch/faqsearch.js" type="text/javascript">
  </script>
  <script async="" charset="utf-8" data-requirecontext="_" data-requiremodule="/com.thy.web.online.ibs/ibs/module/messages/messages.js" src="/com.thy.web.online.ibs/ibs/module/messages/messages.js" type="text/javascript">
  </script>
  <script async="" charset="utf-8" data-requirecontext="_" data-requiremodule="/com.thy.web.online.ibs/ibs/module/schedulenew/schedulenew.js" src="/com.thy.web.online.ibs/ibs/module/schedulenew/schedulenew.js" type="text/javascript">
  </script>
  <script async="" charset="utf-8" data-requirecontext="_" data-requiremodule="base64.min" src="/com.thy.web.online.portal/assets/js/ie/base64.min.js?vs=v12037" type="text/javascript">
  </script>
  <script async="" charset="utf-8" data-requirecontext="_" data-requiremodule="/com.thy.web.online.ibs/ibs/module/schedulenew/viewmodels/schedulenew-viewmodel.js" src="/com.thy.web.online.ibs/ibs/module/schedulenew/viewmodels/schedulenew-viewmodel.js?vs=v12037" type="text/javascript">
  </script>
  <script async="" charset="utf-8" data-requirecontext="_" data-requiremodule="accessibility/accessibility-component" src="/com.thy.web.online.portal/assets/js/accessibility/accessibility-component.js?vs=v12037" type="text/javascript">
  </script>
  <script async="" charset="utf-8" data-requirecontext="_" data-requiremodule="eteration/widgets/ui-datelabel-new" src="/com.thy.web.online.portal/assets/js/eteration/widgets/ui-datelabel-new.js?vs=v12037" type="text/javascript">
  </script>
  <script async="" charset="utf-8" data-requirecontext="_" data-requiremodule="eteration/widgets/ui-datelabel-travel-package" src="/com.thy.web.online.portal/assets/js/eteration/widgets/ui-datelabel-travel-package.js?vs=v12037" type="text/javascript">
  </script>
  <script async="" charset="utf-8" data-requirecontext="_" data-requiremodule="eteration/widgets/ui-general-booker-new" src="/com.thy.web.online.portal/assets/js/eteration/widgets/ui-general-booker-new.js?vs=v12037" type="text/javascript">
  </script>
  <script async="" charset="utf-8" data-requirecontext="_" data-requiremodule="eteration/widgets/ui-travel-package-booker" src="/com.thy.web.online.portal/assets/js/eteration/widgets/ui-travel-package-booker.js?vs=v12037" type="text/javascript">
  </script>
  <script async="" charset="utf-8" data-requirecontext="_" data-requiremodule="eteration/widgets/ui-etrtimeperiod-select" src="/com.thy.web.online.portal/assets/js/eteration/widgets/ui-etrtimeperiod-select.js?vs=v12037" type="text/javascript">
  </script>
  <script async="" charset="utf-8" data-requirecontext="_" data-requiremodule="eteration/widgets/ui-selectdatepicker" src="/com.thy.web.online.portal/assets/js/eteration/widgets/ui-selectdatepicker.js?vs=v12037" type="text/javascript">
  </script>
  <script async="" charset="utf-8" data-requirecontext="_" data-requiremodule="eteration/widgets/ui-general-booker-datepicker" src="/com.thy.web.online.portal/assets/js/eteration/widgets/ui-general-booker-datepicker.js?vs=v12037" type="text/javascript">
  </script>
  <script async="" charset="utf-8" data-requirecontext="_" data-requiremodule="eteration/widgets/ui-general-booker-paxpicker" src="/com.thy.web.online.portal/assets/js/eteration/widgets/ui-general-booker-paxpicker.js?vs=v12037" type="text/javascript">
  </script>
  <script async="" charset="utf-8" data-requirecontext="_" data-requiremodule="eteration/widgets/ui-general-booker-selectport-new" src="/com.thy.web.online.portal/assets/js/eteration/widgets/ui-general-booker-selectport-new.js?vs=v12037" type="text/javascript">
  </script>
  <script async="" charset="utf-8" data-requirecontext="_" data-requiremodule="eteration/widgets/ui-travel-package-booker-datepicker" src="/com.thy.web.online.portal/assets/js/eteration/widgets/ui-travel-package-booker-datepicker.js?vs=v12037" type="text/javascript">
  </script>
  <script async="" charset="utf-8" data-requirecontext="_" data-requiremodule="eteration/widgets/ui-travel-package-booker-paxpicker" src="/com.thy.web.online.portal/assets/js/eteration/widgets/ui-travel-package-booker-paxpicker.js?vs=v12037" type="text/javascript">
  </script>
  <script async="" charset="utf-8" data-requirecontext="_" data-requiremodule="eteration/widgets/ui-travel-package-booker-selectport" src="/com.thy.web.online.portal/assets/js/eteration/widgets/ui-travel-package-booker-selectport.js?vs=v12037" type="text/javascript">
  </script>
  <meta content="www.pages03.net,links.mail-link.turkishairlines.com,mail-link.turkishairlines.com,recp.mkt32.net,www.turkishairlines.com" name="com.silverpop.brandeddomains"/>
  <script src="/lp/static/js/iMAWebCookie.js?3d42309-14c0a0c9d7b-b9e6bcd68d4fb511170ab3fcff55179d&amp;h=www.pages03.net" type="text/javascript">
  </script>
  <meta content="engage3.silverpop.com" name="com.silverpop.cothost"/>
  <meta content="A7bG5hJ4XpMV5a3V1wwAR0PalkFSxLOZeL9D/YBYdupYUIgUgGhfVJ1zBFOqGybb7gRhswfJ+AmO7S2rNK2IOwkAAAB7eyJvcmlnaW4iOiJodHRwczovL3d3dy5nb29nbGV0YWdtYW5hZ2VyLmNvbTo0NDMiLCJmZWF0dXJlIjoiUHJpdmFjeVNhbmRib3hBZHNBUElzIiwiZXhwaXJ5IjoxNjY5NzY2Mzk5LCJpc1RoaXJkUGFydHkiOnRydWV9" http-equiv="origin-trial"/>
  <script async="" src="https://googleads.g.doubleclick.net/pagead/viewthroughconversion/952663735/?random=1661443922443&amp;cv=9&amp;fst=1661443922443&amp;num=1&amp;label=YOsYCOneuQUQt_2hxgM&amp;bg=ffffff&amp;hl=en&amp;guid=ON&amp;resp=GooglemKTybQhCsO&amp;u_h=1200&amp;u_w=1920&amp;u_ah=1200&amp;u_aw=1920&amp;u_cd=24&amp;u_his=4&amp;u_tz=180&amp;u_java=false&amp;u_nplug=0&amp;u_nmime=0&amp;gtm=2wg8o0&amp;sendb=1&amp;ig=1&amp;data=mainPageType%3DHomepage%3Bpagetype%3DHomepage%3BsessionId%3D-xiL1FyuFea-MfjW0mR6sT4%3Bis_logged_in%3Dfalse&amp;frm=0&amp;url=https%3A%2F%2Fwww.turkishairlines.com%2F&amp;tiba=Turkish%20Airlines%20%C2%AE%EF%B8%8F%20%7C%20Flying%20to%20the%20Most%20Countries%E2%80%8E&amp;auid=313581432.1661443921&amp;hn=www.googleadservices.com&amp;async=1&amp;rfmt=3&amp;fmt=4" type="text/javascript">
  </script>
  <script async="" src="https://googleads.g.doubleclick.net/pagead/viewthroughconversion/979551715/?random=1661443922444&amp;cv=9&amp;fst=1661443922444&amp;num=1&amp;bg=ffffff&amp;hl=en&amp;guid=ON&amp;resp=GooglemKTybQhCsO&amp;u_h=1200&amp;u_w=1920&amp;u_ah=1200&amp;u_aw=1920&amp;u_cd=24&amp;u_his=4&amp;u_tz=180&amp;u_java=false&amp;u_nplug=0&amp;u_nmime=0&amp;gtm=2wg8o0&amp;sendb=1&amp;ig=1&amp;data=mainPageType%3DHomepage%3Bpagetype%3DHomepage%3BsessionId%3D-xiL1FyuFea-MfjW0mR6sT4%3Bis_logged_in%3Dfalse&amp;frm=0&amp;url=https%3A%2F%2Fwww.turkishairlines.com%2F&amp;tiba=Turkish%20Airlines%20%C2%AE%EF%B8%8F%20%7C%20Flying%20to%20the%20Most%20Countries%E2%80%8E&amp;auid=313581432.1661443921&amp;hn=www.googleadservices.com&amp;async=1&amp;rfmt=3&amp;fmt=4" type="text/javascript">
  </script>
  <script async="" src="https://googleads.g.doubleclick.net/pagead/viewthroughconversion/978896008/?random=1661443922445&amp;cv=9&amp;fst=1661443922445&amp;num=1&amp;bg=ffffff&amp;guid=ON&amp;resp=GooglemKTybQhCsO&amp;u_h=1200&amp;u_w=1920&amp;u_ah=1200&amp;u_aw=1920&amp;u_cd=24&amp;u_his=4&amp;u_tz=180&amp;u_java=false&amp;u_nplug=0&amp;u_nmime=0&amp;gtm=2wg8o0&amp;sendb=1&amp;ig=1&amp;data=flight_pagetype%3Dhome&amp;frm=0&amp;url=https%3A%2F%2Fwww.turkishairlines.com%2F&amp;tiba=Turkish%20Airlines%20%C2%AE%EF%B8%8F%20%7C%20Flying%20to%20the%20Most%20Countries%E2%80%8E&amp;auid=313581432.1661443921&amp;hn=www.googleadservices.com&amp;async=1&amp;rfmt=3&amp;fmt=4" type="text/javascript">
  </script>
 </head>
 <body class="animated animated_fadeIn fadeIn">
  <!-- Component information ['Component ID': 'tcm:270-285008', 'Component last modified date-time': '21.04.2020 16:33:04', 'Component template ID': 'tcm:270-29651-32', 'Component template last modified date-time': '4.06.2019 16:14:09', 'Publish time': '25.08.2022 16:53:39'] -->
  <noscript>
   <iframe height="0" src="//www.googletagmanager.com/ns.html?id=GTM-N4SDPR" style="display:none;visibility:hidden" title="Google Tag Manager" width="0">
   </iframe>
   <header style="height: 388px;">
    <div class="navbar navbar-inverse navbar-fixed-top" role="navigation">
     <div class="container-fluid">
      <div id="errorContent">
       <div class="notice notice-blue-base" role="alert" style="display: block;margin-top: 61px;">
        <div class="h4">
        </div>
        <span id="localStorageWarningMessageParag">
        </span>
        <span class="cookie-warning-link">
         Enable Javascript
        </span>
        <button class="close" type="button">
         ×
        </button>
       </div>
       <!--//NOTICE-->
      </div>
     </div>
    </div>
   </header>
  </noscript>
  <script>
   if(!window.dataLayer){ (function(w, d, s, l, i) { w[l] = w[l] || []; w[l].push({ 'gtm.start': new Date().getTime(), event: 'gtm.js' }); var f = d.getElementsByTagName(s)[0], j = d.createElement(s), dl = l != 'dataLayer' ? '&l=' + l : ''; j.async = true; j.src = '//www.googletagmanager.com/gtm.js?id=' + i + dl; f.parentNode.insertBefore(j, f); })(window, document, 'script', 'dataLayer', 'GTM-N4SDPR'); }
  </script>
  <a class="sr-only sr-only-focusable" href="#page_wrapper" tabindex="-1">
   Skip to main content
  </a>
  <!-- Component information ['Component ID': 'tcm:270-15687', 'Component last modified date-time': '21.04.2022 17:41:35', 'Component template ID': 'tcm:270-688-32', 'Component template last modified date-time': '4.06.2019 15:35:08', 'Publish time': '25.08.2022 13:06:44'] -->
  <header class="has-top-bar" style="height: 89px;">
   <div class="navbar navbar-inverse navbar-fixed-top" role="navigation">
    <div id="errorContent">
     <!--NOTICE-->
     <div class="notice notice-blue-base" id="cookieWarningMessage" role="alert" style="display: none;">
      <div class="col-md-12">
       <div class="col-md-8 text-left pt-10 pb-10">
        <span id="cookieWarningMessageParag">
         The cookies we use on our website have different tasks targeting ideal user experience. Session cookies ensure that the website can be visited and its features can be utilized. Performance cookies analyze the browsing habits of users and improves the performance of the website. Functional cookies identify the selections of the users on the website and facilitate their browsing experience. Marketing cookies notify suitable campaigns using promotion and social media information.
        </span>
        <span class="cookie-warning-link" data-bind="i18n-text: {key : 'Label-Genel-305', args:{'link':messagesLinks.bookerPrivacyPolicy}}">
         <a href="/en-il/legal-notice/privacy-policy/cookies/">
          Read our cookies policy.
         </a>
        </span>
       </div>
       <div class="col-md-2 text-left">
        <a class="cookieWarnin-link" data-target="#cookieWarningOptionmodal" data-toggle="modal" href="#" id="cookieWarningOptionChangeId" role="button">
         <span class="lh-34" data-bind="i18n-text: { key: 'Label-Genel-643' }">
          Change settings
         </span>
        </a>
       </div>
       <div class="col-md-2 text-left">
        <button class="btn btn-danger cookieWarning-btn" data-bind="i18n-text: { key: 'Label-Genel-642' }" id="cookieWarningAcceptId" role="button" type="button">
         I accept all cookies
        </button>
       </div>
      </div>
     </div>
     <!--//NOTICE-->
     <!--NOTICE-->
     <div class="notice notice-blue-base" id="localStorageWarningMessage" role="alert" style="display: none;">
      <div class="h4" id="localStorageWarningMessageHeader">
      </div>
      <span id="localStorageWarningMessageParag">
      </span>
      <span class="cookie-warning-link" data-bind="i18n-text: {key : 'Label-Genel-305', args:{'link':messagesLinks.bookerPrivacyPolicy}}">
       <a href="/en-il/legal-notice/privacy-policy/cookies/">
        Read our cookies policy.
       </a>
      </span>
      <button class="close" type="button">
       ×
      </button>
     </div>
     <!--//NOTICE-->
     <!--NOTICE-->
     <div class="notice notice-blue-base" id="importantMessage" role="alert" style="display: none;">
      <div class="dib notice-blue" title="ALERT!">
      </div>
      <div class="h4" id="importantMessageHeader">
      </div>
      <p id="importantMessageParag">
      </p>
      <button class="close" type="button">
       ×
      </button>
     </div>
     <!--//NOTICE-->
     <!--NOTICE-->
     <div class="notice notice-red-base" id="attentionMessage" role="alert" style="display: none;">
      <div class="dib notice-red" title="ALERT!">
      </div>
      <div class="h4" id="attentionMessageHeader">
      </div>
      <p id="attentionMessageParag">
      </p>
      <button class="close" type="button">
       ×
      </button>
     </div>
     <!--//NOTICE-->
     <!--NOTICE-->
     <div class="notice notice-black" id="emergencyMessage" role="alert" style="display: none;">
      <div class="dib notice-red" title="ALERT!">
      </div>
      <div class="h4" id="emergencyMessageHeader">
      </div>
      <p id="emergencyMessageParag">
      </p>
     </div>
     <!--//NOTICE-->
     <!--NOTICE-->
     <div class="notice notice-blue-base" id="blueBlockMessage" role="alert" style="display: none;">
      <p id="blueBlockMessageParag">
      </p>
      <button class="close" type="button">
       ×
      </button>
     </div>
     <!--//NOTICE-->
     <!--NOTICE-->
     <div class="notice notice-black" id="crisisMessage" role="alert" style="display: none;">
      <div class="dib notice-red" title="ALERT!">
      </div>
      <div class="h4" id="crisisMessageHeader">
      </div>
      <p id="crisisMessageParag">
      </p>
      <button class="close" type="button">
       ×
      </button>
     </div>
     <!--//NOTICE-->
    </div>
    <div class="container-fluid pt-30">
     <div class="navbar-header">
      <button class="navbar-toggle" data-target=".navbar-collapse-header" data-toggle="collapse" type="button">
       <span class="sr-only">
        Toggle navigation
       </span>
       <span class="icon-bar">
       </span>
       <span class="icon-bar">
       </span>
       <span class="icon-bar">
       </span>
      </button>
      <div class="language-container" id="mobileHeaderRightPaneForm">
      </div>
      <a class="navbar-brand" href="/en-il/">
       <img class="visible-sm visible-xs" height="35px" src="https://cdn.turkishairlines.com/m/14f15626e0a5407c/original/Turkish-Airlines-Small-3x-png.png" style="width:35px!important"/>
       <img alt="THY LOGO" class="hidden-sm hidden-xs" height="40px" src="https://cdn.turkishairlines.com/m/2190da9e53a70e4e/original/THY-LOGO.png"/>
      </a>
     </div>
     <div class="navbar-collapse navbar-collapse-header collapse show-right-partial-mbl">
      <ul class="nav navbar-nav navbar-right header-updated-right-partial logouted" id="headerRightPaneWrapper">
       <li class="header-top-partial clearfix">
        <ul class="menu-list">
         <li class="menu-elem feedback-elem hidden-xs hidden-sm" id="tccLink">
          <a class="pr-0 pl-0" data-bind="attr: {href: headerTccStaticLink() }" href="/en-il/corporate-club/" role="button" tabindex="0">
           <span class="menu-elem-text fw300" data-bind="i18n-text: { key: 'Label-Header-16'}">
            Corporate Club
           </span>
          </a>
         </li>
         <li class="menu-elem feedback-elem">
          <a class="pr-0 pl-0" data-bind="attr: {href: headerMsStaticLink() }" href="/en-il/miles-and-smiles/" role="button" tabindex="0">
           <span class="menu-elem-text fw300" data-bind="i18n-text: { key: 'Label-Header-11'}">
            Miles&amp;Smiles
           </span>
          </a>
         </li>
         <li class="menu-elem feedback-elem">
          <a class="pr-0" data-bind="attr: {href: headerFeedbackLink() }" href="/en-il/any-questions/customer-relations/feedback/" role="button" tabindex="0">
           <i class="fa fa-comments">
           </i>
           <span class="menu-elem-text fw300" data-bind="i18n-text: { key: 'Label-Header-01'}">
            Feedback
           </span>
          </a>
         </li>
         <li class="menu-elem search-elem hidden-xs">
          <span aria-label="" class="thyHeaderLink header-faqsearch collapsed" data-target="#faq-modal" data-toggle="collapse" id="FaqSearchBtn" role="button" tabindex="0">
           <i class="fa fa-search">
           </i>
           <span class="menu-elem-text" data-bind="i18n-text: { key: 'Label-Header-02'}">
            Search
           </span>
          </span>
          <ul class="dropdown-menu text-left mt-20" id="faq-modal">
           <li class="dropdown">
            <div id="faqSearchContainer">
            </div>
           </li>
          </ul>
         </li>
         <li class="menu-elem country-language-elem" id="headerRightPaneForm">
          <div class="language" data-toggle="dropdown" id="userPreferenceLink" name="User Preferences">
           <i class="fa fa-globe">
           </i>
           <span class="menu-elem-text">
            <!-- ko if: activeLanguage() -->
            <span data-bind="text: activeLanguage()">
             EN
            </span>
            <!-- /ko -->
            <!-- ko ifnot: activeLanguage() -->
            <!-- /ko -->
            <span>
             -
            </span>
            <!-- ko if: activeCountry() -->
            <span data-bind="text: activeCountry()">
             IL
            </span>
            <!-- /ko -->
            <!-- ko ifnot: activeCountry() -->
            <!-- /ko -->
           </span>
           <i class="fa fa-angle-down">
           </i>
          </div>
          <ul class="dropdown-menu dropdown-modal" id="preferencesForm">
           <li id="preferencesFormContent" style="">
            <button class="modal-close visible-xs" data-bind="click: closeUserPreferenceLink" type="button">
             <i class="fa fa-times">
             </i>
            </button>
            <div class="placeholder-holder hide" data-bind="css: { hide: countryList().length &gt; 0 }">
             <span class="spinner-wrapper">
              <i class="fa fa-spinner fa-spin fs-20 fa-fw margin-bottom black">
              </i>
             </span>
            </div>
            <form class="language-form text-left" data-bind="with: userPreferences" onsubmit="return false;" role="form">
             <div class="popup-content">
              <div class="form-group">
               <label class="title text-muted" data-bind="i18n-text: {key: 'Label-Genel-107'}" for="thy-661" id="sr-countrySelector">
                Select country/region
               </label>
               <select aria-labelledby="sr-countrySelector" class="dropdownselect" data-bind="options: $parent.countryList,
												   value: selectCountry, 
										           optionsText: 'name', 
										           optionsValue: 'code', 
										           valueAllowUnset:true,
										           optionsAfterRender:$parent.countryOptionRender,
										           event: { change: $parent.countrySelectionChanged },
										           etrselect" data-style="btn-default btn-lg" data-width="100%" id="countrySelector" style="display: none;">
                <option data-content='&lt;div class="flags flags-cstm icon-TR" alt="Türkiye" /&gt;&lt;span&gt;&lt;/span&gt;Türkiye' value="tr">
                 Türkiye
                </option>
                <option data-content='&lt;div class="flags flags-cstm icon-AR" alt="Argentina" /&gt;&lt;span&gt;&lt;/span&gt;Argentina' value="ar">
                 Argentina
                </option>
                <option data-content='&lt;div class="flags flags-cstm icon-AT" alt="Austria" /&gt;&lt;span&gt;&lt;/span&gt;Austria' value="at">
                 Austria
                </option>
                <option data-content='&lt;div class="flags flags-cstm icon-AZ" alt="Azerbaijan" /&gt;&lt;span&gt;&lt;/span&gt;Azerbaijan' value="az">
                 Azerbaijan
                </option>
                <option data-content='&lt;div class="flags flags-cstm icon-BH" alt="Bahrain" /&gt;&lt;span&gt;&lt;/span&gt;Bahrain' value="bh">
                 Bahrain
                </option>
                <option data-content='&lt;div class="flags flags-cstm icon-BY" alt="Belarus" /&gt;&lt;span&gt;&lt;/span&gt;Belarus' value="by">
                 Belarus
                </option>
                <option data-content='&lt;div class="flags flags-cstm icon-BE" alt="Belgium" /&gt;&lt;span&gt;&lt;/span&gt;Belgium' value="be">
                 Belgium
                </option>
                <option data-content='&lt;div class="flags flags-cstm icon-BR" alt="Brazil" /&gt;&lt;span&gt;&lt;/span&gt;Brazil' value="br">
                 Brazil
                </option>
                <option data-content='&lt;div class="flags flags-cstm icon-CA" alt="Canada" /&gt;&lt;span&gt;&lt;/span&gt;Canada' value="ca">
                 Canada
                </option>
                <option data-content='&lt;div class="flags flags-cstm icon-CN" alt="China" /&gt;&lt;span&gt;&lt;/span&gt;China' value="cn">
                 China
                </option>
                <option data-content='&lt;div class="flags flags-cstm icon-DK" alt="Denmark" /&gt;&lt;span&gt;&lt;/span&gt;Denmark' value="dk">
                 Denmark
                </option>
                <option data-content='&lt;div class="flags flags-cstm icon-EG" alt="Egypt" /&gt;&lt;span&gt;&lt;/span&gt;Egypt' value="eg">
                 Egypt
                </option>
                <option data-content='&lt;div class="flags flags-cstm icon-EE" alt="Estonia" /&gt;&lt;span&gt;&lt;/span&gt;Estonia' value="ee">
                 Estonia
                </option>
                <option data-content='&lt;div class="flags flags-cstm icon-FI" alt="Finland" /&gt;&lt;span&gt;&lt;/span&gt;Finland' value="fi">
                 Finland
                </option>
                <option data-content='&lt;div class="flags flags-cstm icon-FR" alt="France" /&gt;&lt;span&gt;&lt;/span&gt;France' value="fr">
                 France
                </option>
                <option data-content='&lt;div class="flags flags-cstm icon-DE" alt="Germany" /&gt;&lt;span&gt;&lt;/span&gt;Germany' value="de">
                 Germany
                </option>
                <option data-content='&lt;div class="flags flags-cstm icon-GR" alt="Greece" /&gt;&lt;span&gt;&lt;/span&gt;Greece' value="gr">
                 Greece
                </option>
                <option data-content='&lt;div class="flags flags-cstm icon-HK" alt="Hong Kong - SAR of China" /&gt;&lt;span&gt;&lt;/span&gt;Hong Kong - SAR of China' value="hk">
                 Hong Kong - SAR of China
                </option>
                <option data-content='&lt;div class="flags flags-cstm icon-HU" alt="Hungary" /&gt;&lt;span&gt;&lt;/span&gt;Hungary' value="hu">
                 Hungary
                </option>
                <option data-content='&lt;div class="flags flags-cstm icon-IN" alt="India" /&gt;&lt;span&gt;&lt;/span&gt;India' value="in">
                 India
                </option>
                <option data-content='&lt;div class="flags flags-cstm icon-INT" alt="International" /&gt;&lt;span&gt;&lt;/span&gt;International' value="int">
                 International
                </option>
                <option data-content='&lt;div class="flags flags-cstm icon-IR" alt="Iran" /&gt;&lt;span&gt;&lt;/span&gt;Iran' value="ir">
                 Iran
                </option>
                <option data-content='&lt;div class="flags flags-cstm icon-IE" alt="Ireland" /&gt;&lt;span&gt;&lt;/span&gt;Ireland' value="ie">
                 Ireland
                </option>
                <option data-content='&lt;div class="flags flags-cstm icon-IL" alt="Israel" /&gt;&lt;span&gt;&lt;/span&gt;Israel' value="il">
                 Israel
                </option>
                <option data-content='&lt;div class="flags flags-cstm icon-IT" alt="Italy" /&gt;&lt;span&gt;&lt;/span&gt;Italy' value="it">
                 Italy
                </option>
                <option data-content='&lt;div class="flags flags-cstm icon-JP" alt="Japan" /&gt;&lt;span&gt;&lt;/span&gt;Japan' value="jp">
                 Japan
                </option>
                <option data-content='&lt;div class="flags flags-cstm icon-KW" alt="Kuwait" /&gt;&lt;span&gt;&lt;/span&gt;Kuwait' value="kw">
                 Kuwait
                </option>
                <option data-content='&lt;div class="flags flags-cstm icon-LB" alt="Lebanon" /&gt;&lt;span&gt;&lt;/span&gt;Lebanon' value="lb">
                 Lebanon
                </option>
                <option data-content='&lt;div class="flags flags-cstm icon-LU" alt="Luxembourg" /&gt;&lt;span&gt;&lt;/span&gt;Luxembourg' value="lu">
                 Luxembourg
                </option>
                <option data-content='&lt;div class="flags flags-cstm icon-MY" alt="Malaysia" /&gt;&lt;span&gt;&lt;/span&gt;Malaysia' value="my">
                 Malaysia
                </option>
                <option data-content='&lt;div class="flags flags-cstm icon-MX" alt="Mexico" /&gt;&lt;span&gt;&lt;/span&gt;Mexico' value="mx">
                 Mexico
                </option>
                <option data-content='&lt;div class="flags flags-cstm icon-NL" alt="Netherlands" /&gt;&lt;span&gt;&lt;/span&gt;Netherlands' value="nl">
                 Netherlands
                </option>
                <option data-content='&lt;div class="flags flags-cstm icon-NO" alt="Norway" /&gt;&lt;span&gt;&lt;/span&gt;Norway' value="no">
                 Norway
                </option>
                <option data-content='&lt;div class="flags flags-cstm icon-PL" alt="Poland" /&gt;&lt;span&gt;&lt;/span&gt;Poland' value="pl">
                 Poland
                </option>
                <option data-content='&lt;div class="flags flags-cstm icon-PT" alt="Portugal" /&gt;&lt;span&gt;&lt;/span&gt;Portugal' value="pt">
                 Portugal
                </option>
                <option data-content='&lt;div class="flags flags-cstm icon-QA" alt="Qatar" /&gt;&lt;span&gt;&lt;/span&gt;Qatar' value="qa">
                 Qatar
                </option>
                <option data-content='&lt;div class="flags flags-cstm icon-RU" alt="Russia" /&gt;&lt;span&gt;&lt;/span&gt;Russia' value="ru">
                 Russia
                </option>
                <option data-content='&lt;div class="flags flags-cstm icon-SA" alt="Saudi Arabia" /&gt;&lt;span&gt;&lt;/span&gt;Saudi Arabia' value="sa">
                 Saudi Arabia
                </option>
                <option data-content='&lt;div class="flags flags-cstm icon-SG" alt="Singapore" /&gt;&lt;span&gt;&lt;/span&gt;Singapore' value="sg">
                 Singapore
                </option>
                <option data-content='&lt;div class="flags flags-cstm icon-ZA" alt="South Africa" /&gt;&lt;span&gt;&lt;/span&gt;South Africa' value="za">
                 South Africa
                </option>
                <option data-content='&lt;div class="flags flags-cstm icon-KR" alt="South Korea" /&gt;&lt;span&gt;&lt;/span&gt;South Korea' value="kr">
                 South Korea
                </option>
                <option data-content='&lt;div class="flags flags-cstm icon-ES" alt="Spain" /&gt;&lt;span&gt;&lt;/span&gt;Spain' value="es">
                 Spain
                </option>
                <option data-content='&lt;div class="flags flags-cstm icon-SE" alt="Sweden" /&gt;&lt;span&gt;&lt;/span&gt;Sweden' value="se">
                 Sweden
                </option>
                <option data-content='&lt;div class="flags flags-cstm icon-CH" alt="Switzerland" /&gt;&lt;span&gt;&lt;/span&gt;Switzerland' value="ch">
                 Switzerland
                </option>
                <option data-content='&lt;div class="flags flags-cstm icon-TW" alt="Taiwan - China" /&gt;&lt;span&gt;&lt;/span&gt;Taiwan - China' value="tw">
                 Taiwan - China
                </option>
                <option data-content='&lt;div class="flags flags-cstm icon-TH" alt="Thailand" /&gt;&lt;span&gt;&lt;/span&gt;Thailand' value="th">
                 Thailand
                </option>
                <option data-content='&lt;div class="flags flags-cstm icon-KT" alt="Turkish Republic of Northern Cyprus" /&gt;&lt;span&gt;&lt;/span&gt;Turkish Republic of Northern Cyprus' value="kt">
                 Turkish Republic of Northern Cyprus
                </option>
                <option data-content='&lt;div class="flags flags-cstm icon-TR" alt="Türkiye" /&gt;&lt;span&gt;&lt;/span&gt;Türkiye' value="tr">
                 Türkiye
                </option>
                <option data-content='&lt;div class="flags flags-cstm icon-UA" alt="Ukraine" /&gt;&lt;span&gt;&lt;/span&gt;Ukraine' value="ua">
                 Ukraine
                </option>
                <option data-content='&lt;div class="flags flags-cstm icon-AE" alt="United Arab Emirates" /&gt;&lt;span&gt;&lt;/span&gt;United Arab Emirates' value="ae">
                 United Arab Emirates
                </option>
                <option data-content='&lt;div class="flags flags-cstm icon-GB" alt="United Kingdom" /&gt;&lt;span&gt;&lt;/span&gt;United Kingdom' value="gb">
                 United Kingdom
                </option>
                <option data-content='&lt;div class="flags flags-cstm icon-US" alt="United States" /&gt;&lt;span&gt;&lt;/span&gt;United States' value="us">
                 United States
                </option>
               </select>
               <div class="btn-group bootstrap-select dropdownselect" style="width: 100%;">
                <button class="btn dropdown-toggle selectpicker btn-default btn-lg" data-id="countrySelector" data-toggle="dropdown" id="thy-661" title='&lt;div class="flags flags-cstm icon-IL" alt="Israel" /&gt;&lt;span&gt;&lt;/span&gt;Israel' type="button">
                 <span class="filter-option pull-left">
                  <div alt="Israel" class="flags flags-cstm icon-IL">
                  </div>
                  <span>
                  </span>
                  Israel
                 </span>
                 <span class="caret">
                 </span>
                </button>
                <div class="dropdown-menu open">
                 <ul class="dropdown-menu inner selectpicker" role="menu">
                  <li rel="0">
                   <a class="" style="" tabindex="0">
                    <div alt="Türkiye" class="flags flags-cstm icon-TR">
                    </div>
                    <span>
                    </span>
                    Türkiye
                    <i class="glyphicon glyphicon-ok icon-ok check-mark">
                    </i>
                   </a>
                  </li>
                  <li rel="1">
                   <a class="" style="" tabindex="0">
                    <div alt="Argentina" class="flags flags-cstm icon-AR">
                    </div>
                    <span>
                    </span>
                    Argentina
                    <i class="glyphicon glyphicon-ok icon-ok check-mark">
                    </i>
                   </a>
                  </li>
                  <li rel="2">
                   <a class="" style="" tabindex="0">
                    <div alt="Austria" class="flags flags-cstm icon-AT">
                    </div>
                    <span>
                    </span>
                    Austria
                    <i class="glyphicon glyphicon-ok icon-ok check-mark">
                    </i>
                   </a>
                  </li>
                  <li rel="3">
                   <a class="" style="" tabindex="0">
                    <div alt="Azerbaijan" class="flags flags-cstm icon-AZ">
                    </div>
                    <span>
                    </span>
                    Azerbaijan
                    <i class="glyphicon glyphicon-ok icon-ok check-mark">
                    </i>
                   </a>
                  </li>
                  <li rel="4">
                   <a class="" style="" tabindex="0">
                    <div alt="Bahrain" class="flags flags-cstm icon-BH">
                    </div>
                    <span>
                    </span>
                    Bahrain
                    <i class="glyphicon glyphicon-ok icon-ok check-mark">
                    </i>
                   </a>
                  </li>
                  <li rel="5">
                   <a class="" style="" tabindex="0">
                    <div alt="Belarus" class="flags flags-cstm icon-BY">
                    </div>
                    <span>
                    </span>
                    Belarus
                    <i class="glyphicon glyphicon-ok icon-ok check-mark">
                    </i>
                   </a>
                  </li>
                  <li rel="6">
                   <a class="" style="" tabindex="0">
                    <div alt="Belgium" class="flags flags-cstm icon-BE">
                    </div>
                    <span>
                    </span>
                    Belgium
                    <i class="glyphicon glyphicon-ok icon-ok check-mark">
                    </i>
                   </a>
                  </li>
                  <li rel="7">
                   <a class="" style="" tabindex="0">
                    <div alt="Brazil" class="flags flags-cstm icon-BR">
                    </div>
                    <span>
                    </span>
                    Brazil
                    <i class="glyphicon glyphicon-ok icon-ok check-mark">
                    </i>
                   </a>
                  </li>
                  <li rel="8">
                   <a class="" style="" tabindex="0">
                    <div alt="Canada" class="flags flags-cstm icon-CA">
                    </div>
                    <span>
                    </span>
                    Canada
                    <i class="glyphicon glyphicon-ok icon-ok check-mark">
                    </i>
                   </a>
                  </li>
                  <li rel="9">
                   <a class="" style="" tabindex="0">
                    <div alt="China" class="flags flags-cstm icon-CN">
                    </div>
                    <span>
                    </span>
                    China
                    <i class="glyphicon glyphicon-ok icon-ok check-mark">
                    </i>
                   </a>
                  </li>
                  <li rel="10">
                   <a class="" style="" tabindex="0">
                    <div alt="Denmark" class="flags flags-cstm icon-DK">
                    </div>
                    <span>
                    </span>
                    Denmark
                    <i class="glyphicon glyphicon-ok icon-ok check-mark">
                    </i>
                   </a>
                  </li>
                  <li rel="11">
                   <a class="" style="" tabindex="0">
                    <div alt="Egypt" class="flags flags-cstm icon-EG">
                    </div>
                    <span>
                    </span>
                    Egypt
                    <i class="glyphicon glyphicon-ok icon-ok check-mark">
                    </i>
                   </a>
                  </li>
                  <li rel="12">
                   <a class="" style="" tabindex="0">
                    <div alt="Estonia" class="flags flags-cstm icon-EE">
                    </div>
                    <span>
                    </span>
                    Estonia
                    <i class="glyphicon glyphicon-ok icon-ok check-mark">
                    </i>
                   </a>
                  </li>
                  <li rel="13">
                   <a class="" style="" tabindex="0">
                    <div alt="Finland" class="flags flags-cstm icon-FI">
                    </div>
                    <span>
                    </span>
                    Finland
                    <i class="glyphicon glyphicon-ok icon-ok check-mark">
                    </i>
                   </a>
                  </li>
                  <li rel="14">
                   <a class="" style="" tabindex="0">
                    <div alt="France" class="flags flags-cstm icon-FR">
                    </div>
                    <span>
                    </span>
                    France
                    <i class="glyphicon glyphicon-ok icon-ok check-mark">
                    </i>
                   </a>
                  </li>
                  <li rel="15">
                   <a class="" style="" tabindex="0">
                    <div alt="Germany" class="flags flags-cstm icon-DE">
                    </div>
                    <span>
                    </span>
                    Germany
                    <i class="glyphicon glyphicon-ok icon-ok check-mark">
                    </i>
                   </a>
                  </li>
                  <li rel="16">
                   <a class="" style="" tabindex="0">
                    <div alt="Greece" class="flags flags-cstm icon-GR">
                    </div>
                    <span>
                    </span>
                    Greece
                    <i class="glyphicon glyphicon-ok icon-ok check-mark">
                    </i>
                   </a>
                  </li>
                  <li rel="17">
                   <a class="" style="" tabindex="0">
                    <div alt="Hong Kong - SAR of China" class="flags flags-cstm icon-HK">
                    </div>
                    <span>
                    </span>
                    Hong Kong - SAR of China
                    <i class="glyphicon glyphicon-ok icon-ok check-mark">
                    </i>
                   </a>
                  </li>
                  <li rel="18">
                   <a class="" style="" tabindex="0">
                    <div alt="Hungary" class="flags flags-cstm icon-HU">
                    </div>
                    <span>
                    </span>
                    Hungary
                    <i class="glyphicon glyphicon-ok icon-ok check-mark">
                    </i>
                   </a>
                  </li>
                  <li rel="19">
                   <a class="" style="" tabindex="0">
                    <div alt="India" class="flags flags-cstm icon-IN">
                    </div>
                    <span>
                    </span>
                    India
                    <i class="glyphicon glyphicon-ok icon-ok check-mark">
                    </i>
                   </a>
                  </li>
                  <li rel="20">
                   <a class="" style="" tabindex="0">
                    <div alt="International" class="flags flags-cstm icon-INT">
                    </div>
                    <span>
                    </span>
                    International
                    <i class="glyphicon glyphicon-ok icon-ok check-mark">
                    </i>
                   </a>
                  </li>
                  <li rel="21">
                   <a class="" style="" tabindex="0">
                    <div alt="Iran" class="flags flags-cstm icon-IR">
                    </div>
                    <span>
                    </span>
                    Iran
                    <i class="glyphicon glyphicon-ok icon-ok check-mark">
                    </i>
                   </a>
                  </li>
                  <li rel="22">
                   <a class="" style="" tabindex="0">
                    <div alt="Ireland" class="flags flags-cstm icon-IE">
                    </div>
                    <span>
                    </span>
                    Ireland
                    <i class="glyphicon glyphicon-ok icon-ok check-mark">
                    </i>
                   </a>
                  </li>
                  <li class="selected" rel="23">
                   <a class="" style="" tabindex="0">
                    <div alt="Israel" class="flags flags-cstm icon-IL">
                    </div>
                    <span>
                    </span>
                    Israel
                    <i class="glyphicon glyphicon-ok icon-ok check-mark">
                    </i>
                   </a>
                  </li>
                  <li rel="24">
                   <a class="" style="" tabindex="0">
                    <div alt="Italy" class="flags flags-cstm icon-IT">
                    </div>
                    <span>
                    </span>
                    Italy
                    <i class="glyphicon glyphicon-ok icon-ok check-mark">
                    </i>
                   </a>
                  </li>
                  <li rel="25">
                   <a class="" style="" tabindex="0">
                    <div alt="Japan" class="flags flags-cstm icon-JP">
                    </div>
                    <span>
                    </span>
                    Japan
                    <i class="glyphicon glyphicon-ok icon-ok check-mark">
                    </i>
                   </a>
                  </li>
                  <li rel="26">
                   <a class="" style="" tabindex="0">
                    <div alt="Kuwait" class="flags flags-cstm icon-KW">
                    </div>
                    <span>
                    </span>
                    Kuwait
                    <i class="glyphicon glyphicon-ok icon-ok check-mark">
                    </i>
                   </a>
                  </li>
                  <li rel="27">
                   <a class="" style="" tabindex="0">
                    <div alt="Lebanon" class="flags flags-cstm icon-LB">
                    </div>
                    <span>
                    </span>
                    Lebanon
                    <i class="glyphicon glyphicon-ok icon-ok check-mark">
                    </i>
                   </a>
                  </li>
                  <li rel="28">
                   <a class="" style="" tabindex="0">
                    <div alt="Luxembourg" class="flags flags-cstm icon-LU">
                    </div>
                    <span>
                    </span>
                    Luxembourg
                    <i class="glyphicon glyphicon-ok icon-ok check-mark">
                    </i>
                   </a>
                  </li>
                  <li rel="29">
                   <a class="" style="" tabindex="0">
                    <div alt="Malaysia" class="flags flags-cstm icon-MY">
                    </div>
                    <span>
                    </span>
                    Malaysia
                    <i class="glyphicon glyphicon-ok icon-ok check-mark">
                    </i>
                   </a>
                  </li>
                  <li rel="30">
                   <a class="" style="" tabindex="0">
                    <div alt="Mexico" class="flags flags-cstm icon-MX">
                    </div>
                    <span>
                    </span>
                    Mexico
                    <i class="glyphicon glyphicon-ok icon-ok check-mark">
                    </i>
                   </a>
                  </li>
                  <li rel="31">
                   <a class="" style="" tabindex="0">
                    <div alt="Netherlands" class="flags flags-cstm icon-NL">
                    </div>
                    <span>
                    </span>
                    Netherlands
                    <i class="glyphicon glyphicon-ok icon-ok check-mark">
                    </i>
                   </a>
                  </li>
                  <li rel="32">
                   <a class="" style="" tabindex="0">
                    <div alt="Norway" class="flags flags-cstm icon-NO">
                    </div>
                    <span>
                    </span>
                    Norway
                    <i class="glyphicon glyphicon-ok icon-ok check-mark">
                    </i>
                   </a>
                  </li>
                  <li rel="33">
                   <a class="" style="" tabindex="0">
                    <div alt="Poland" class="flags flags-cstm icon-PL">
                    </div>
                    <span>
                    </span>
                    Poland
                    <i class="glyphicon glyphicon-ok icon-ok check-mark">
                    </i>
                   </a>
                  </li>
                  <li rel="34">
                   <a class="" style="" tabindex="0">
                    <div alt="Portugal" class="flags flags-cstm icon-PT">
                    </div>
                    <span>
                    </span>
                    Portugal
                    <i class="glyphicon glyphicon-ok icon-ok check-mark">
                    </i>
                   </a>
                  </li>
                  <li rel="35">
                   <a class="" style="" tabindex="0">
                    <div alt="Qatar" class="flags flags-cstm icon-QA">
                    </div>
                    <span>
                    </span>
                    Qatar
                    <i class="glyphicon glyphicon-ok icon-ok check-mark">
                    </i>
                   </a>
                  </li>
                  <li rel="36">
                   <a class="" style="" tabindex="0">
                    <div alt="Russia" class="flags flags-cstm icon-RU">
                    </div>
                    <span>
                    </span>
                    Russia
                    <i class="glyphicon glyphicon-ok icon-ok check-mark">
                    </i>
                   </a>
                  </li>
                  <li rel="37">
                   <a class="" style="" tabindex="0">
                    <div alt="Saudi Arabia" class="flags flags-cstm icon-SA">
                    </div>
                    <span>
                    </span>
                    Saudi Arabia
                    <i class="glyphicon glyphicon-ok icon-ok check-mark">
                    </i>
                   </a>
                  </li>
                  <li rel="38">
                   <a class="" style="" tabindex="0">
                    <div alt="Singapore" class="flags flags-cstm icon-SG">
                    </div>
                    <span>
                    </span>
                    Singapore
                    <i class="glyphicon glyphicon-ok icon-ok check-mark">
                    </i>
                   </a>
                  </li>
                  <li rel="39">
                   <a class="" style="" tabindex="0">
                    <div alt="South Africa" class="flags flags-cstm icon-ZA">
                    </div>
                    <span>
                    </span>
                    South Africa
                    <i class="glyphicon glyphicon-ok icon-ok check-mark">
                    </i>
                   </a>
                  </li>
                  <li rel="40">
                   <a class="" style="" tabindex="0">
                    <div alt="South Korea" class="flags flags-cstm icon-KR">
                    </div>
                    <span>
                    </span>
                    South Korea
                    <i class="glyphicon glyphicon-ok icon-ok check-mark">
                    </i>
                   </a>
                  </li>
                  <li rel="41">
                   <a class="" style="" tabindex="0">
                    <div alt="Spain" class="flags flags-cstm icon-ES">
                    </div>
                    <span>
                    </span>
                    Spain
                    <i class="glyphicon glyphicon-ok icon-ok check-mark">
                    </i>
                   </a>
                  </li>
                  <li rel="42">
                   <a class="" style="" tabindex="0">
                    <div alt="Sweden" class="flags flags-cstm icon-SE">
                    </div>
                    <span>
                    </span>
                    Sweden
                    <i class="glyphicon glyphicon-ok icon-ok check-mark">
                    </i>
                   </a>
                  </li>
                  <li rel="43">
                   <a class="" style="" tabindex="0">
                    <div alt="Switzerland" class="flags flags-cstm icon-CH">
                    </div>
                    <span>
                    </span>
                    Switzerland
                    <i class="glyphicon glyphicon-ok icon-ok check-mark">
                    </i>
                   </a>
                  </li>
                  <li rel="44">
                   <a class="" style="" tabindex="0">
                    <div alt="Taiwan - China" class="flags flags-cstm icon-TW">
                    </div>
                    <span>
                    </span>
                    Taiwan - China
                    <i class="glyphicon glyphicon-ok icon-ok check-mark">
                    </i>
                   </a>
                  </li>
                  <li rel="45">
                   <a class="" style="" tabindex="0">
                    <div alt="Thailand" class="flags flags-cstm icon-TH">
                    </div>
                    <span>
                    </span>
                    Thailand
                    <i class="glyphicon glyphicon-ok icon-ok check-mark">
                    </i>
                   </a>
                  </li>
                  <li rel="46">
                   <a class="" style="" tabindex="0">
                    <div alt="Turkish Republic of Northern Cyprus" class="flags flags-cstm icon-KT">
                    </div>
                    <span>
                    </span>
                    Turkish Republic of Northern Cyprus
                    <i class="glyphicon glyphicon-ok icon-ok check-mark">
                    </i>
                   </a>
                  </li>
                  <li rel="47">
                   <a class="" style="" tabindex="0">
                    <div alt="Türkiye" class="flags flags-cstm icon-TR">
                    </div>
                    <span>
                    </span>
                    Türkiye
                    <i class="glyphicon glyphicon-ok icon-ok check-mark">
                    </i>
                   </a>
                  </li>
                  <li rel="48">
                   <a class="" style="" tabindex="0">
                    <div alt="Ukraine" class="flags flags-cstm icon-UA">
                    </div>
                    <span>
                    </span>
                    Ukraine
                    <i class="glyphicon glyphicon-ok icon-ok check-mark">
                    </i>
                   </a>
                  </li>
                  <li rel="49">
                   <a class="" style="" tabindex="0">
                    <div alt="United Arab Emirates" class="flags flags-cstm icon-AE">
                    </div>
                    <span>
                    </span>
                    United Arab Emirates
                    <i class="glyphicon glyphicon-ok icon-ok check-mark">
                    </i>
                   </a>
                  </li>
                  <li rel="50">
                   <a class="" style="" tabindex="0">
                    <div alt="United Kingdom" class="flags flags-cstm icon-GB">
                    </div>
                    <span>
                    </span>
                    United Kingdom
                    <i class="glyphicon glyphicon-ok icon-ok check-mark">
                    </i>
                   </a>
                  </li>
                  <li rel="51">
                   <a class="" style="" tabindex="0">
                    <div alt="United States" class="flags flags-cstm icon-US">
                    </div>
                    <span>
                    </span>
                    United States
                    <i class="glyphicon glyphicon-ok icon-ok check-mark">
                    </i>
                   </a>
                  </li>
                 </ul>
                </div>
               </div>
              </div>
              <!-- ko if: $parent.languageList().length > 0 -->
              <div class="form-group">
               <label class="title text-muted" data-bind="i18n-text: {key: 'Label-Genel-109'}" for="languageSelector" id="sr-languageSelector">
                Choose language
               </label>
               <select aria-labelledby="sr-languageSelector" class="dropdownselect" data-bind="options:	$parent.languageList,
												   value: selectLanguage, 
										 		   optionsText: 'name',
										           optionsValue: 'code', 
										           optionsAfterRender:$parent.languageOptionRender,	
										           event: { change: $parent.languageSelectionChanged },
										           etrselect" data-style="btn-default btn-lg" data-width="100%" id="languageSelector" style="display: none;">
                <option data-content='&lt;div class="flags flags-cstm2"&gt;&lt;div class="margin-center common-icon" title="English" /&gt;&lt;/div&gt;&lt;span&gt;&lt;/span&gt;English' value="en">
                 English
                </option>
               </select>
               <div class="btn-group bootstrap-select dropdownselect" style="width: 100%;">
                <button class="btn dropdown-toggle selectpicker btn-default btn-lg" data-id="languageSelector" data-toggle="dropdown" title='&lt;div class="flags flags-cstm2"&gt;&lt;div class="margin-center common-icon" title="English" /&gt;&lt;/div&gt;&lt;span&gt;&lt;/span&gt;English' type="button">
                 <span class="filter-option pull-left">
                  <div class="flags flags-cstm2">
                   <div class="margin-center common-icon" title="English">
                   </div>
                  </div>
                  <span>
                  </span>
                  English
                 </span>
                 <span class="caret">
                 </span>
                </button>
                <div class="dropdown-menu open">
                 <ul class="dropdown-menu inner selectpicker" role="menu">
                  <li class="selected" rel="0">
                   <a class="" style="" tabindex="0">
                    <div class="flags flags-cstm2">
                     <div class="margin-center common-icon" title="English">
                     </div>
                    </div>
                    <span>
                    </span>
                    English
                    <i class="glyphicon glyphicon-ok icon-ok check-mark">
                    </i>
                   </a>
                  </li>
                 </ul>
                </div>
               </div>
              </div>
              <!-- /ko -->
              <div data-bind="visible:selectCountry() != 'int' &amp;&amp; $parent.languageList().length &gt; 0  " style="">
               <label class="checkbox metro-checkbox no-border">
                <input data-bind="checked:$parent.rememberSelection" type="checkbox"/>
                <span class="check">
                </span>
                <span class="text" data-bind="i18n-text: {key: 'Label-Genel-111'}">
                 Remember my choices
                </span>
               </label>
              </div>
             </div>
             <footer class="popup-footer">
              <button class="btn btn-red btn-block btn-lg" data-bind="click:$parent.changePreferences, i18n-text: {key: 'Label-Genel-112'}" id="changePreferences" type="submit">
               Change
              </button>
             </footer>
            </form>
           </li>
          </ul>
         </li>
        </ul>
       </li>
       <!-- /////////////////////////////////////// -->
       <li class="mobile-login-partial visible-xs">
        <ul class="nopadding">
         <li class="logouted">
          <a class="thyHeaderLink font-300 header-ms-singup" data-bind="attr: { href: headerSignUpLink() }, i18n-text: {key: 'Label-MS-LOGIN-1066'}" href="/en-il/miles-and-smiles/sign-up-form/" role="button" tabindex="0">
           Sign up
          </a>
         </li>
         <li class="logouted dropdown signin-container">
          <button aria-label="Sign in" class="btn btn-transparent navbar-btn user-login-btn" data-bind="click: openLogin.bind($data, true), attr:{'aria-label':i18n.get('Label-OB-157')}" id="schuldeMobileSigninButton">
           <i class="fa fa-user">
           </i>
          </button>
         </li>
         <!-- /////////////////////////////////////// -->
         <li class="loginned user-name">
          <!-- ko if: isCompanyUserRole() -->
          <!-- /ko -->
          <!-- ko if: isMemberUserRole() -->
          <!-- /ko -->
          <!-- ko if: isCorpUserRole() -->
          <!-- /ko -->
         </li>
         <li class="loginned dropdown signin-container">
          <button aria-label="Sign Out" class="btn btn-transparent navbar-btn" data-toggle="dropdown" id="signoutBTNMobile">
           <i class="fa fa-sign-out">
           </i>
          </button>
         </li>
        </ul>
       </li>
       <!-- /////////////////////////////////////// -->
       <li class="logouted hidden-xs">
        <a class="thyHeaderLink font-300 header-ms-singup" data-bind="attr: { href: headerSignUpLink() }, i18n-text: {key: 'Label-MS-LOGIN-1066'}" href="/en-il/miles-and-smiles/sign-up-form/" role="button" tabindex="0">
         Sign up
        </a>
       </li>
       <li class="logouted dropdown signin-container hidden-xs">
        <button class="btn btn-transparent navbar-btn" data-bind="attr:{'aria-label':i18n.get('Label-OB-157')" data-toggle="dropdown" id="signin">
         <span class="hidden-sm" data-bind="i18n-text: {key: 'Label-Header-03'}">
          SIGN IN
         </span>
         <i class="fa fa-user">
         </i>
        </button>
        <ul class="dropdown-menu dropdown-modal" id="signupForm">
        </ul>
       </li>
       <!-- /////////////////////////////////////// -->
       <li class="loginned user-name hidden-xs">
        <a class="thyHeaderLink header-signedinuser" role="button" tabindex="0">
         <i class="fa fa-user pr-10">
         </i>
         <span class="userfullname">
         </span>
         <i class="fa fa-angle-down pl-5">
         </i>
        </a>
        <div class="header-user-menu" id="header-user-menu">
         <ul class="user-menu-list">
          <!-- ko if: isCorpUserRole() -->
          <!-- /ko -->
          <!-- ko if: isCompanyUserRole() -->
          <!-- /ko -->
          <!-- ko if: isMemberUserRole() -->
          <!-- /ko -->
         </ul>
        </div>
       </li>
       <li class="loginned dropdown signin-container hidden-xs">
        <button class="btn btn-transparent navbar-btn" data-toggle="dropdown" id="signoutBTN">
         <span class="hidden-sm" data-bind="i18n-text: {key: 'Label-Header-04'}">
          SIGNOUT
         </span>
         <i class="fa fa-sign-out">
         </i>
        </button>
       </li>
       <div class="hide" id="changePasswordContainer">
        <mschangepassword params="wsMessageCode: wsMessageCode">
         <div class="modal fade" id="changePasswordModal" role="dialog" tabindex="-1">
          <div class="modal-dialog">
           <div class="modal-content">
            <button class="modal-close" data-bind="attr: {title: i18n.get('Label-Genel-201')}" data-dismiss="modal" title="Close" type="button">
             <i class="fa fa-times">
             </i>
            </button>
            <div data-bind="jqValidation: validationContext">
             <div class="panel panel-primary nomargin animated animated_fadeInUp">
              <div class="panel-heading">
               <h3 data-bind="i18n-text: {  key: 'Label-MS-LOGIN-1002' , locale: $root.language}">
                Change password
               </h3>
              </div>
              <div class="panel-body">
               <form autocomplete="off" class="form-padding" role="form">
                <div class="row">
                 <div class="col-xs-6 warning-container">
                  <i class="fa fa-md fa-info-circle">
                  </i>
                  <span data-bind="i18n-text: { key: 'Error-MS-MS00201206'}">
                   To continue, you need to change your password on the website.
                  </span>
                 </div>
                </div>
                <div class="row" data-bind="with : passwordData">
                 <div class="col-xs-12">
                  <div class="form-group has-feedback has-feedback-lg">
                   <label class="normal gray" data-bind="i18n-text: { key: 'Label-REF-9'}" for="memberId">
                    Membership number
                   </label>
                   <input autocomplete="off" class="form-control input-lg" data-bind="value : memberId, number-only" data-validation='{"required":true}' id="memberId" maxlength="9"/>
                  </div>
                  <div class="form-group has-feedback has-feedback-lg">
                   <label class="normal gray" data-bind="i18n-text: { key: 'Label-MS-INFO-60'}" for="oldpassword">
                    Enter password
                   </label>
                   <input autocomplete="off" class="form-control input-lg" data-bind="value : oldPassword, number-only" data-validation='{"required":true,"custom":"passwordRepeatingCharVal"}' id="oldpassword" maxlength="6" type="password"/>
                  </div>
                  <div class="form-group has-feedback has-feedback-lg">
                   <label class="normal gray dib" data-bind="i18n-text: { key: 'Label-MS-INFO-61'}" for="newpassword">
                    Create a new password
                   </label>
                   <a class="no-border dib" data-bind="attr:{'title':i18n.get( 'TextField-MS-SIGNUP-1000' )}" data-original-title="Your new password must have 6 characters. Take care to avoid passwords that contain the numbers of your date of birth in sequence, 3 identical characters together, 3 consecutive characters (e.g. 123) and the same character repeated 3 or more times." data-placement="top" data-toggle="tooltip" role="button" tabindex="0" title="">
                    <i class="fa fa-md fa-info-circle">
                    </i>
                   </a>
                   <input autocomplete="off" class="form-control input-lg" data-bind="value : password, number-only" data-validation='{"required":true,"custom":"passwordRepeatingCharVal"}' id="newpassword" maxlength="6" type="password"/>
                  </div>
                  <div class="form-group has-feedback has-feedback-lg">
                   <label class="normal gray" data-bind="i18n-text: { key: 'Label-MS-INFO-62'}" for="repassword">
                    Repeat password
                   </label>
                   <input autocomplete="off" class="form-control input-lg" data-bind="value : repassword, number-only" data-validation='{"required":true,"custom":"passwordRepeatingCharVal"}' id="repassword" maxlength="6" type="password"/>
                  </div>
                 </div>
                </div>
                <div class="row btn-container">
                 <div class="col-sm-3 col-xs-3 mobile-grid-sm-bottom">
                  <a class="btn btn-default btn-lg btn-block bold blue" data-bind="click : closeChangePasswordModal, i18n-text: {  key: 'Label-MS-INFO-889'}" role="button" tabindex="0">
                   Cancel
                  </a>
                 </div>
                 <div class="col-sm-5 col-xs-5 pull-right">
                  <a class="btn btn-danger btn-lg btn-block bold" data-bind="click : updatePassword,  i18n-text: {key: 'Label-MS-INFO-70'}" role="button" tabindex="0">
                   Change
                  </a>
                 </div>
                </div>
               </form>
              </div>
             </div>
            </div>
           </div>
          </div>
         </div>
        </mschangepassword>
       </div>
      </ul>
      <ul class="nav navbar-nav mega-menu-main mr-5 visible-sm visible-md visible-lg">
       <li>
        <!-- Component information ['Component ID': 'tcm:270-262570', 'Component last modified date-time': '17.07.2019 15:58:20', 'Component template ID': 'tcm:270-262604-32', 'Component template last modified date-time': '18.07.2019 12:54:21', 'Publish time': '25.08.2022 13:06:46'] -->
        <a aria-controls="navbarMenuContent_tcm270-262570" aria-expanded="false" class="thyHeaderLink" data-target=".navbarMenuContent_tcm270-262570" data-toggle="collapse" role="button" tabindex="0">
         PLAN&amp;BOOK
        </a>
        <div class="mega-menu-item-container col-md-7 col-sm-7 navbarMenuContent_tcm270-262570 collapse">
         <div class="row mega-menu-title">
          <div class="col-md-4 col-sm-4">
           <div class="h3">
            BOOK &amp; MANAGE
           </div>
          </div>
          <div class="col-md-4 col-sm-4">
           <div class="h3">
            PREPARE YOUR TRIP
           </div>
          </div>
          <div class="col-md-4 col-sm-4">
           <div class="h3">
            ADDITIONAL SERVICES
           </div>
          </div>
         </div>
         <div class="row mega-menu-items">
          <div class="col-md-4 col-sm-4">
           <ul class="mega-menu-cols">
            <li>
             <a class="sub-menu-item thin" href="/en-il/flights/booking/">
              Book a flight
             </a>
            </li>
            <li>
             <a class="sub-menu-item thin" href="/en-il/flights/manage-booking/">
              Check-in / Manage booking
             </a>
            </li>
            <li>
             <a class="sub-menu-item thin" href="/en-il/additional-services/business-upgrade/">
              Business upgrade
             </a>
            </li>
            <li>
             <a class="sub-menu-item thin" href="/en-il/additional-services/hold-the-price/">
              Hold the price
             </a>
            </li>
            <li>
             <a class="sub-menu-item thin" href="/en-il/flights/flight-status/">
              Flight status
             </a>
            </li>
            <li>
             <a class="sub-menu-item thin" href="/en-il/flights/fly-different/our-mobile-apps/">
              Mobile app
             </a>
            </li>
           </ul>
          </div>
          <div class="col-md-4 col-sm-4">
           <ul class="mega-menu-cols">
            <li>
             <a class="sub-menu-item thin" href="/en-il/any-questions/">
              Frequently asked questions
             </a>
            </li>
            <li>
             <a class="sub-menu-item thin" href="/en-il/any-questions/baggage-information/">
              Baggage information
             </a>
            </li>
            <li>
             <a class="sub-menu-item thin" href="/en-il/any-questions/check-in/">
              Check-in information
             </a>
            </li>
            <li>
             <a class="sub-menu-item thin" href="/en-il/any-questions/special-assistance-for-passengers/">
              Special assistance
             </a>
            </li>
            <li>
             <a class="sub-menu-item thin" href="/en-il/any-questions/infants-and-children/">
              Infants&amp;children
             </a>
            </li>
            <li>
             <a class="sub-menu-item thin" href="/en-il/any-questions/transfer-transit-passengers/">
              Transfer/Transit passengers
             </a>
            </li>
            <li>
             <a class="sub-menu-item thin" href="/en-il/any-questions/traveling-with-pets/">
              Traveling with pets
             </a>
            </li>
           </ul>
          </div>
          <div class="col-md-4 col-sm-4">
           <ul class="mega-menu-cols">
            <li>
             <a class="sub-menu-item thin" href="/en-il/car-rental/">
              Rent a car
             </a>
            </li>
            <li>
             <a class="sub-menu-item thin" href="https://sp.booking.com/index.html?aid=1320040;label=pagenavtab-link-1320040-click " target="_blank">
              Book a hotel
             </a>
            </li>
            <li>
             <a class="sub-menu-item thin" href="/en-il/flights/travel-insurance/">
              Travel insurance
             </a>
            </li>
            <li>
             <a class="sub-menu-item thin" href="/en-il/flights/fly-different/seat-selection/">
              Seat selection
             </a>
            </li>
            <li>
             <a class="sub-menu-item thin" href="/en-il/additional-services/excess-baggage/">
              Extra baggage
             </a>
            </li>
            <li>
             <a class="sub-menu-item thin" href="/en-il/additional-services/add-on-menu-selection/">
              Add-on menu selection
             </a>
            </li>
           </ul>
          </div>
         </div>
        </div>
       </li>
       <li>
        <!-- Component information ['Component ID': 'tcm:270-262573', 'Component last modified date-time': '17.07.2019 20:40:00', 'Component template ID': 'tcm:270-262604-32', 'Component template last modified date-time': '18.07.2019 12:54:21', 'Publish time': '25.08.2022 13:06:48'] -->
        <a aria-controls="navbarMenuContent_tcm270-262573" aria-expanded="false" class="thyHeaderLink" data-target=".navbarMenuContent_tcm270-262573" data-toggle="collapse" role="button" tabindex="0">
         FLY DIFFERENT
        </a>
        <div class="mega-menu-item-container col-md-7 col-sm-7 navbarMenuContent_tcm270-262573 collapse">
         <div class="row mega-menu-title">
          <div class="col-md-4 col-sm-4">
           <div class="h3">
            CABIN CLASSES
           </div>
          </div>
          <div class="col-md-4 col-sm-4">
           <div class="h3">
            FLIGHT EXPERIENCE
           </div>
          </div>
          <div class="col-md-4 col-sm-4">
           <div class="h3">
            MORE PRIVILEGES
           </div>
          </div>
         </div>
         <div class="row mega-menu-items">
          <div class="col-md-4 col-sm-4">
           <ul class="mega-menu-cols">
            <li>
             <a class="sub-menu-item thin" href="/en-il/flights/fly-different/business-class/">
              Business Class
             </a>
            </li>
            <li>
             <a class="sub-menu-item thin" href="/en-il/flights/fly-different/economy-class/">
              Economy Class
             </a>
            </li>
           </ul>
          </div>
          <div class="col-md-4 col-sm-4">
           <ul class="mega-menu-cols">
            <li>
             <a class="sub-menu-item thin" href="/en-il/flights/fly-different/dining-onboard/">
              Dining on-board
             </a>
            </li>
            <li>
             <a class="sub-menu-item thin" href="/en-il/flights/fly-different/inflight-entertainment/">
              Inflight entertainment
             </a>
            </li>
            <li>
             <a class="sub-menu-item thin" href="/en-il/flights/fly-different/fleet/">
              Fleet
             </a>
            </li>
            <li>
             <a class="sub-menu-item thin" href="/en-il/flights/stopover/">
              Stopover
             </a>
            </li>
            <li>
             <a class="sub-menu-item thin" href="/en-il/flights/fly-different/touristanbul/">
              TourIstanbul
             </a>
            </li>
           </ul>
          </div>
          <div class="col-md-4 col-sm-4">
           <ul class="mega-menu-cols">
            <li>
             <a class="sub-menu-item thin" href="/en-il/flights/fly-different/lounge-istanbul/">
              Turkish Airlines Lounge
             </a>
            </li>
            <li>
             <a class="sub-menu-item thin" href="/en-il/flights/fly-different/business-class/exclusive-drive/">
              Exclusive Drive
             </a>
            </li>
            <li>
             <a class="sub-menu-item thin" href="/en-il/flights/fly-different/press-reader/">
              PressReader
             </a>
            </li>
            <li>
             <a class="sub-menu-item thin" href="/en-il/istanbul-airport/">
              Istanbul Airport
             </a>
            </li>
            <li>
             <a class="sub-menu-item thin" href="/en-il/flights/fly-different/">
              See all privileges
             </a>
            </li>
           </ul>
          </div>
         </div>
        </div>
       </li>
       <li>
        <!-- Component information ['Component ID': 'tcm:270-262577', 'Component last modified date-time': '17.07.2019 16:55:21', 'Component template ID': 'tcm:270-262604-32', 'Component template last modified date-time': '18.07.2019 12:54:21', 'Publish time': '25.08.2022 13:06:50'] -->
        <a aria-controls="navbarMenuContent_tcm270-262577" aria-expanded="false" class="thyHeaderLink" data-target=".navbarMenuContent_tcm270-262577" data-toggle="collapse" role="button" tabindex="0">
         DISCOVER
        </a>
        <div class="mega-menu-item-container col-md-7 col-sm-7 navbarMenuContent_tcm270-262577 collapse">
         <div class="row mega-menu-title">
          <div class="col-md-4 col-sm-4">
           <div class="h3">
            OFFERS
           </div>
          </div>
          <div class="col-md-4 col-sm-4">
           <div class="h3">
            DESTINATIONS
           </div>
          </div>
          <div class="col-md-4 col-sm-4">
           <div class="h3">
            DISCOVER MORE
           </div>
          </div>
         </div>
         <div class="row mega-menu-items">
          <div class="col-md-4 col-sm-4">
           <ul class="mega-menu-cols">
            <li>
             <a class="sub-menu-item thin" href="/en-il/campaigns/">
              Special offers
             </a>
            </li>
            <li>
             <a class="sub-menu-item thin" href="/en-il/flights/">
              Promotions by destination
             </a>
            </li>
            <li>
             <a class="sub-menu-item thin" href="/en-il/miles-and-smiles/campaigns/">
              Miles&amp;Smiles offers
             </a>
            </li>
            <li>
             <a class="sub-menu-item thin" href="/en-il/student/">
              Students discount
             </a>
            </li>
            <li>
             <a class="sub-menu-item thin" href="/en-il/stay-informed-about-offers/">
              Stay informed about offers
             </a>
            </li>
           </ul>
          </div>
          <div class="col-md-4 col-sm-4">
           <ul class="mega-menu-cols">
            <li>
             <a class="sub-menu-item thin" href="/en-il/flights/flights-to-istanbul/">
              Istanbul
             </a>
            </li>
            <li>
             <a class="sub-menu-item thin" href="/en-il/flights/flights-to-antalya/">
              Antalya
             </a>
            </li>
            <li>
             <a class="sub-menu-item thin" href="/en-il/flights/flights-to-bangkok/">
              Bangkok
             </a>
            </li>
            <li>
             <a class="sub-menu-item thin" href="/en-il/flights/flights-to-london/">
              London
             </a>
            </li>
            <li>
             <a class="sub-menu-item thin" href="/en-il/flights/flights-to-dubai/">
              Dubai
             </a>
            </li>
            <li>
             <a class="sub-menu-item thin" href="/en-il/flights/flights-to-new-york/">
              New York
             </a>
            </li>
            <li>
             <a class="sub-menu-item thin" href="/en-il/flight-destinations/">
              Flight destinations
             </a>
            </li>
           </ul>
          </div>
          <div class="col-md-4 col-sm-4">
           <ul class="mega-menu-cols">
            <li>
             <a class="sub-menu-item thin" href="https://blog.turkishairlines.com/en/?utm_source=thycom&amp;utm_medium=referral&amp;utm_campaign=tknavigationmenu" target="_blank">
              Turkish Airlines Blog
             </a>
            </li>
            <li>
             <a class="sub-menu-item thin" href="https://blog.turkishairlines.com/en/category/destinations/türkiye/istanbul-travel-guide/?utm_source=thycom&amp;utm_medium=referral&amp;utm_campaign=tknavigationmenu" target="_blank">
              First stop: Istanbul
             </a>
            </li>
            <li>
             <a class="sub-menu-item thin" href="https://blog.turkishairlines.com/en/category/destinations/turkey/?utm_source=thycom&amp;utm_medium=referral&amp;utm_campaign=tknavigationmenu" target="_blank">
              Türkiye travel guide
             </a>
            </li>
            <li>
             <a class="sub-menu-item thin" href="https://blog.turkishairlines.com/en/category/trip-ideas/?utm_source=thycom&amp;utm_medium=referral&amp;utm_campaign=tknavigationmenu" target="_blank">
              Trip ideas
             </a>
            </li>
            <li>
             <a class="sub-menu-item thin" href="https://blog.turkishairlines.com/en/category/travel-tips/?utm_source=thycom&amp;utm_medium=referral&amp;utm_campaign=tknavigationmenu" target="_blank">
              Travel tips
             </a>
            </li>
           </ul>
          </div>
         </div>
        </div>
       </li>
      </ul>
      <ul class="nav navbar-nav navbar-left mega-menu-mbl visible-xs hidden-sm">
       <li class="mega-menu-mbl-divider">
       </li>
       <li>
        <!-- Component information ['Component ID': 'tcm:270-262570', 'Component last modified date-time': '17.07.2019 15:58:20', 'Component template ID': 'tcm:270-262605-32', 'Component template last modified date-time': '18.07.2019 12:53:49', 'Publish time': '25.08.2022 13:06:52'] -->
        <span>
         <a aria-controls="navbarSubMenuTitle_tcm270-262570" aria-expanded="false" class="sub-menu-title collapsed" data-target=".navbarSubMenuTitle_tcm270-262570" data-toggle="collapse" role="button" tabindex="0">
          PLAN&amp;BOOK
         </a>
         <ul class="navbarSubMenuTitle_tcm270-262570 collapse">
          <li>
           <a aria-controls="navbarSubMenuTitle__0" aria-expanded="false" aria-label="Toggle navigation" class="sub-menu-title collapsed" data-target=".navbarSubMenuTitle_tcm270-262564_0" data-toggle="collapse" role="button" tabindex="0">
            BOOK &amp; MANAGE
           </a>
           <ul class="navbarSubMenuTitle_tcm270-262564_0 collapse">
            <li>
             <a class="sub-menu-item thin" href="/en-il/flights/booking/">
              Book a flight
             </a>
            </li>
            <li>
             <a class="sub-menu-item thin" href="/en-il/flights/manage-booking/">
              Check-in / Manage booking
             </a>
            </li>
            <li>
             <a class="sub-menu-item thin" href="/en-il/additional-services/business-upgrade/">
              Business upgrade
             </a>
            </li>
            <li>
             <a class="sub-menu-item thin" href="/en-il/additional-services/hold-the-price/">
              Hold the price
             </a>
            </li>
            <li>
             <a class="sub-menu-item thin" href="/en-il/flights/flight-status/">
              Flight status
             </a>
            </li>
            <li>
             <a class="sub-menu-item thin" href="/en-il/flights/fly-different/our-mobile-apps/">
              Mobile app
             </a>
            </li>
           </ul>
          </li>
          <li>
           <a aria-controls="navbarSubMenuTitle__1" aria-expanded="false" aria-label="Toggle navigation" class="sub-menu-title collapsed" data-target=".navbarSubMenuTitle_tcm270-262567_1" data-toggle="collapse" role="button" tabindex="0">
            PREPARE YOUR TRIP
           </a>
           <ul class="navbarSubMenuTitle_tcm270-262567_1 collapse">
            <li>
             <a class="sub-menu-item thin" href="/en-il/any-questions/">
              Frequently asked questions
             </a>
            </li>
            <li>
             <a class="sub-menu-item thin" href="/en-il/any-questions/baggage-information/">
              Baggage information
             </a>
            </li>
            <li>
             <a class="sub-menu-item thin" href="/en-il/any-questions/check-in/">
              Check-in information
             </a>
            </li>
            <li>
             <a class="sub-menu-item thin" href="/en-il/any-questions/special-assistance-for-passengers/">
              Special assistance
             </a>
            </li>
            <li>
             <a class="sub-menu-item thin" href="/en-il/any-questions/infants-and-children/">
              Infants&amp;children
             </a>
            </li>
            <li>
             <a class="sub-menu-item thin" href="/en-il/any-questions/transfer-transit-passengers/">
              Transfer/Transit passengers
             </a>
            </li>
            <li>
             <a class="sub-menu-item thin" href="/en-il/any-questions/traveling-with-pets/">
              Traveling with pets
             </a>
            </li>
           </ul>
          </li>
          <li>
           <a aria-controls="navbarSubMenuTitle__2" aria-expanded="false" aria-label="Toggle navigation" class="sub-menu-title collapsed" data-target=".navbarSubMenuTitle_tcm270-262568_2" data-toggle="collapse" role="button" tabindex="0">
            ADDITIONAL SERVICES
           </a>
           <ul class="navbarSubMenuTitle_tcm270-262568_2 collapse">
            <li>
             <a class="sub-menu-item thin" href="/en-il/car-rental/">
              Rent a car
             </a>
            </li>
            <li>
             <a class="sub-menu-item thin" href="https://sp.booking.com/index.html?aid=1320040;label=pagenavtab-link-1320040-click " target="_blank">
              Book a hotel
             </a>
            </li>
            <li>
             <a class="sub-menu-item thin" href="/en-il/flights/travel-insurance/">
              Travel insurance
             </a>
            </li>
            <li>
             <a class="sub-menu-item thin" href="/en-il/flights/fly-different/seat-selection/">
              Seat selection
             </a>
            </li>
            <li>
             <a class="sub-menu-item thin" href="/en-il/additional-services/excess-baggage/">
              Extra baggage
             </a>
            </li>
            <li>
             <a class="sub-menu-item thin" href="/en-il/additional-services/add-on-menu-selection/">
              Add-on menu selection
             </a>
            </li>
           </ul>
          </li>
         </ul>
        </span>
       </li>
       <li class="mega-menu-mbl-divider">
       </li>
       <li>
        <!-- Component information ['Component ID': 'tcm:270-262573', 'Component last modified date-time': '17.07.2019 20:40:00', 'Component template ID': 'tcm:270-262605-32', 'Component template last modified date-time': '18.07.2019 12:53:49', 'Publish time': '25.08.2022 13:06:54'] -->
        <span>
         <a aria-controls="navbarSubMenuTitle_tcm270-262573" aria-expanded="false" class="sub-menu-title collapsed" data-target=".navbarSubMenuTitle_tcm270-262573" data-toggle="collapse" role="button" tabindex="0">
          FLY DIFFERENT
         </a>
         <ul class="navbarSubMenuTitle_tcm270-262573 collapse">
          <li>
           <a aria-controls="navbarSubMenuTitle__0" aria-expanded="false" aria-label="Toggle navigation" class="sub-menu-title collapsed" data-target=".navbarSubMenuTitle_tcm270-262572_0" data-toggle="collapse" role="button" tabindex="0">
            CABIN CLASSES
           </a>
           <ul class="navbarSubMenuTitle_tcm270-262572_0 collapse">
            <li>
             <a class="sub-menu-item thin" href="/en-il/flights/fly-different/business-class/">
              Business Class
             </a>
            </li>
            <li>
             <a class="sub-menu-item thin" href="/en-il/flights/fly-different/economy-class/">
              Economy Class
             </a>
            </li>
           </ul>
          </li>
          <li>
           <a aria-controls="navbarSubMenuTitle__1" aria-expanded="false" aria-label="Toggle navigation" class="sub-menu-title collapsed" data-target=".navbarSubMenuTitle_tcm270-262574_1" data-toggle="collapse" role="button" tabindex="0">
            FLIGHT EXPERIENCE
           </a>
           <ul class="navbarSubMenuTitle_tcm270-262574_1 collapse">
            <li>
             <a class="sub-menu-item thin" href="/en-il/flights/fly-different/dining-onboard/">
              Dining on-board
             </a>
            </li>
            <li>
             <a class="sub-menu-item thin" href="/en-il/flights/fly-different/inflight-entertainment/">
              Inflight entertainment
             </a>
            </li>
            <li>
             <a class="sub-menu-item thin" href="/en-il/flights/fly-different/fleet/">
              Fleet
             </a>
            </li>
            <li>
             <a class="sub-menu-item thin" href="/en-il/flights/stopover/">
              Stopover
             </a>
            </li>
            <li>
             <a class="sub-menu-item thin" href="/en-il/flights/fly-different/touristanbul/">
              TourIstanbul
             </a>
            </li>
           </ul>
          </li>
          <li>
           <a aria-controls="navbarSubMenuTitle__2" aria-expanded="false" aria-label="Toggle navigation" class="sub-menu-title collapsed" data-target=".navbarSubMenuTitle_tcm270-262571_2" data-toggle="collapse" role="button" tabindex="0">
            MORE PRIVILEGES
           </a>
           <ul class="navbarSubMenuTitle_tcm270-262571_2 collapse">
            <li>
             <a class="sub-menu-item thin" href="/en-il/flights/fly-different/lounge-istanbul/">
              Turkish Airlines Lounge
             </a>
            </li>
            <li>
             <a class="sub-menu-item thin" href="/en-il/flights/fly-different/business-class/exclusive-drive/">
              Exclusive Drive
             </a>
            </li>
            <li>
             <a class="sub-menu-item thin" href="/en-il/flights/fly-different/press-reader/">
              PressReader
             </a>
            </li>
            <li>
             <a class="sub-menu-item thin" href="/en-il/istanbul-airport/">
              Istanbul Airport
             </a>
            </li>
            <li>
             <a class="sub-menu-item thin" href="/en-il/flights/fly-different/">
              See all privileges
             </a>
            </li>
           </ul>
          </li>
         </ul>
        </span>
       </li>
       <li class="mega-menu-mbl-divider">
       </li>
       <li>
        <!-- Component information ['Component ID': 'tcm:270-262577', 'Component last modified date-time': '17.07.2019 16:55:21', 'Component template ID': 'tcm:270-262605-32', 'Component template last modified date-time': '18.07.2019 12:53:49', 'Publish time': '25.08.2022 13:06:57'] -->
        <span>
         <a aria-controls="navbarSubMenuTitle_tcm270-262577" aria-expanded="false" class="sub-menu-title collapsed" data-target=".navbarSubMenuTitle_tcm270-262577" data-toggle="collapse" role="button" tabindex="0">
          DISCOVER
         </a>
         <ul class="navbarSubMenuTitle_tcm270-262577 collapse">
          <li>
           <a aria-controls="navbarSubMenuTitle__0" aria-expanded="false" aria-label="Toggle navigation" class="sub-menu-title collapsed" data-target=".navbarSubMenuTitle_tcm270-262575_0" data-toggle="collapse" role="button" tabindex="0">
            OFFERS
           </a>
           <ul class="navbarSubMenuTitle_tcm270-262575_0 collapse">
            <li>
             <a class="sub-menu-item thin" href="/en-il/campaigns/">
              Special offers
             </a>
            </li>
            <li>
             <a class="sub-menu-item thin" href="/en-il/flights/">
              Promotions by destination
             </a>
            </li>
            <li>
             <a class="sub-menu-item thin" href="/en-il/miles-and-smiles/campaigns/">
              Miles&amp;Smiles offers
             </a>
            </li>
            <li>
             <a class="sub-menu-item thin" href="/en-il/student/">
              Students discount
             </a>
            </li>
            <li>
             <a class="sub-menu-item thin" href="/en-il/stay-informed-about-offers/">
              Stay informed about offers
             </a>
            </li>
           </ul>
          </li>
          <li>
           <a aria-controls="navbarSubMenuTitle__1" aria-expanded="false" aria-label="Toggle navigation" class="sub-menu-title collapsed" data-target=".navbarSubMenuTitle_tcm270-262576_1" data-toggle="collapse" role="button" tabindex="0">
            DESTINATIONS
           </a>
           <ul class="navbarSubMenuTitle_tcm270-262576_1 collapse">
            <li>
             <a class="sub-menu-item thin" href="/en-il/flights/flights-to-istanbul/">
              Istanbul
             </a>
            </li>
            <li>
             <a class="sub-menu-item thin" href="/en-il/flights/flights-to-antalya/">
              Antalya
             </a>
            </li>
            <li>
             <a class="sub-menu-item thin" href="/en-il/flights/flights-to-bangkok/">
              Bangkok
             </a>
            </li>
            <li>
             <a class="sub-menu-item thin" href="/en-il/flights/flights-to-london/">
              London
             </a>
            </li>
            <li>
             <a class="sub-menu-item thin" href="/en-il/flights/flights-to-dubai/">
              Dubai
             </a>
            </li>
            <li>
             <a class="sub-menu-item thin" href="/en-il/flights/flights-to-new-york/">
              New York
             </a>
            </li>
            <li>
             <a class="sub-menu-item thin" href="/en-il/flight-destinations/">
              Flight destinations
             </a>
            </li>
           </ul>
          </li>
          <li>
           <a aria-controls="navbarSubMenuTitle__2" aria-expanded="false" aria-label="Toggle navigation" class="sub-menu-title collapsed" data-target=".navbarSubMenuTitle_tcm270-262578_2" data-toggle="collapse" role="button" tabindex="0">
            DISCOVER MORE
           </a>
           <ul class="navbarSubMenuTitle_tcm270-262578_2 collapse">
            <li>
             <a class="sub-menu-item thin" href="https://blog.turkishairlines.com/en/?utm_source=thycom&amp;utm_medium=referral&amp;utm_campaign=tknavigationmenu" target="_blank">
              Turkish Airlines Blog
             </a>
            </li>
            <li>
             <a class="sub-menu-item thin" href="https://blog.turkishairlines.com/en/category/destinations/türkiye/istanbul-travel-guide/?utm_source=thycom&amp;utm_medium=referral&amp;utm_campaign=tknavigationmenu" target="_blank">
              First stop: Istanbul
             </a>
            </li>
            <li>
             <a class="sub-menu-item thin" href="https://blog.turkishairlines.com/en/category/destinations/turkey/?utm_source=thycom&amp;utm_medium=referral&amp;utm_campaign=tknavigationmenu" target="_blank">
              Türkiye travel guide
             </a>
            </li>
            <li>
             <a class="sub-menu-item thin" href="https://blog.turkishairlines.com/en/category/trip-ideas/?utm_source=thycom&amp;utm_medium=referral&amp;utm_campaign=tknavigationmenu" target="_blank">
              Trip ideas
             </a>
            </li>
            <li>
             <a class="sub-menu-item thin" href="https://blog.turkishairlines.com/en/category/travel-tips/?utm_source=thycom&amp;utm_medium=referral&amp;utm_campaign=tknavigationmenu" target="_blank">
              Travel tips
             </a>
            </li>
           </ul>
          </li>
         </ul>
        </span>
       </li>
       <li class="mega-menu-mbl-divider">
       </li>
      </ul>
     </div>
    </div>
   </div>
   <script>
    faqsearchParams={};
   </script>
   <script>
    faqsearchLinks={"milesAndSmilesStaticLink":"/en-il/miles-and-smiles/","faqHome":"/en-il/any-questions/","tccPortalMainPage":"270-10297","tccMainPage":"/en-il/main/","tccPortalRegistrationPage":"/en-il/registration/","tccPortalChangePassword":"/en-il/change-password/","awardTicket":"/en-il/miles-and-smiles/book-award-tickets/","msMainPage":"/en-il/miles-and-smiles/account/","myTripsHome":"/en-il/flights/manage-booking/","tccPortalBookingSchedule":"/en-il/tccschedule/","feedbackForm":"/en-il/any-questions/customer-relations/feedback/","msSignUp":"/en-il/miles-and-smiles/sign-up-form/","holidayStaticLink":"https://www.turkishairlinesholidays.com/","corporateClubStaticLink":"/en-il/corporate-club/","callCenter":"/en-il/any-questions/get-in-touch/"};
   </script>
   <div aref="/com.thy.web.online.search/search" id="faqsearch">
   </div>
   <script type="text/javascript">
    require(["/com.thy.web.online.search/search/module/faqsearch/faqsearch.js"]);
   </script>
   <div class="hidden" data-app-name="faqsearch" data-src-desktop-img="https://cdn.turkishairlines.com/m/74f2f645d222f53d/original/THYlogo-png.png" data-src-mobile-img="" data-src-tablet-img="">
   </div>
  </header>
  <div class="modal_mobile_container" id="modal_mobile_container">
   <div id="siginModalContainer">
   </div>
   <div id="sigupModalContainer">
   </div>
   <div id="nonIttModalContainer">
   </div>
  </div>
  <div id="page_wrapper">
   <script>
    messagesParams={};
   </script>
   <script>
    messagesLinks={"bookerPrivacyPolicy":"/en-il/legal-notice/privacy-policy/cookies/"};
   </script>
   <div aref="/com.thy.web.online.ibs/ibs" id="messages">
   </div>
   <script type="text/javascript">
    require(["/com.thy.web.online.ibs/ibs/module/messages/messages.js"]);
   </script>
   <script>
    schedulenewParams={'mainpage':'true'};
   </script>
   <script>
    schedulenewLinks={"bookingInternationalPremiumAvailability":"/en-il/flights/booking/availability-premium/","tccBookingBrandedDomesticAvailability":"/en-il/tccavailabilitydomestic/","bookingBrandedInternationalAvailability":"/en-il/flights/booking/availability-international/","myTripsDashboard":"/en-il/flights/manage-booking/dashboard/","milesAndSmilesAccount":"/en-il/miles-and-smiles/account/","tccPortalBookingSearchFlights":"/en-il/tccavailability/","bookAHotelMobile":"https://sp.booking.com/index.html?aid=1320040;label=m.pagehome-link-1320040-click_brand=turkishairlines","myTripsEnterance":"/en-il/flights/manage-booking/","bookerAssistanceForPassengers":"/en-il/any-questions/special-assistance-for-passengers-questions/","bookingSchedule":"/en-il/","additionalservices":"/en-il/additional-services/","travelPackage":"https://www.turkishairlinesholidays.com/en-tr?utm_source=thy&utm_medium=button&utm_content=thy-anasayfa","campaigns":"/en-il/gift-card/gift-card-price-theme/","bookingAvailabilityMultiCity":"/en-il/flights/booking/availability-multicity/","travelInsurance":"/en-il/flights/travel-insurance/","noShowProcess":"/en-il/any-questions/customer-relations/feedback/","rentACar":"/en-il/car-rental/","bookAHotel":"https://sp.booking.com/index.html?aid=1320040;label=pagehome-link-1320040-click","bookingBrandedDomesticAvailability":"/en-il/flights/booking/availability-domestic/","flightStatus":"/en-il/flights/flight-status/","milesAndSmilesMain":"270-16168","bookerPrivacyPolicy":"/en-il/legal-notice/privacy-policy/","bookerInfantsAndChildren":"/en-il/any-questions/infants-and-children-questions/","awardTicket":"/en-il/miles-and-smiles/book-award-tickets/","myTripsHome":"/en-il/flights/manage-booking/","tccPortalBookingSchedule":"/en-il/tccschedule/","bookingAvailabilityMultiCityInternational":"/en-il/flights/booking/availability-multicity-international/","bookingAvailabilitySingleCity":"/en-il/flights/booking/availability/","bookerGroupTrip":"/en-il/any-questions/can-i-buy-tickets-for-a-group-trip-online/","travelrestrictions":"/en-il/announcements/coronavirus-outbreak/travel-restrictions/"};
   </script>
   <div aref="/com.thy.web.online.ibs/ibs" id="schedulenew">
    <section class="hero animate-page new-hero main-hero skippable-container hero-bg" id="minibooker" role="main" style='background-image: url("https://cdn.turkishairlines.com/m/5b8700f5f5a264e3/original/1127346848.webp");' tabindex="-1">
     <span aria-live="assertive" class="sr-only" id="accessibility-feedback-field">
      Label-OB-255
     </span>
     <span aria-live="polite" class="sr-only" id="accessibility-polite-feedback-field">
      Ben Gurion International Airport selected as destination.
     </span>
     <div class="middle-container middle-wrapper" style="height: 659px;">
      <div class="container scheduleContainer" height-flag="true" style="height: 0px;">
       <!-- CMS Smart Target BackgroundImage -->
       <div class="single-bg section-bg" data-bind="attr: { 'data-url' : $root.smartTargetBackgroundImageUrl }" data-checked="true" data-url="https://cdn.turkishairlines.com/m/5b8700f5f5a264e3/original/1127346848.webp" height-flag="true" style="height: 0px;">
       </div>
       <div class="row">
        <div class="col-xs-12 mb-20">
         <div class="hidden-xs message">
          <div class="content text-center letterSpacing08 white opacity-0 animated huge2 customchain opacity-1" id="animated-text">
           <div class="h1 museoSans100 fs-24 fw500 mb-0 mt-10 uppercase">
            <!-- ko ifnot:pageParameters.greeting  -->
            <!-- ko ifnot:pageTitleForCrisisPage()  -->
            <span data-bind="i18n-text: { key: 'Banner-MS-01'}">
             Hello
            </span>
            <span data-bind="text: pageParameters.greeting">
            </span>
            <!-- /ko -->
            <!-- /ko -->
            <!-- ko if:pageParameters.greeting -->
            <!-- /ko -->
            <!-- ko if:pageTitleForCrisisPage() -->
            <!-- /ko -->
           </div>
           <!-- ko ifnot:pageTitleForCrisisPage()  -->
           <div class="h2 fs-38 fw500 museoSans100 mt-0 mb-100" data-bind="i18n-text: { key: 'TextField-Genel-40'}">
            Where do you want to explore?
           </div>
           <!-- /ko -->
           <!-- ko if:pageTitleForCrisisPage() -->
           <!-- /ko -->
           <span data-bind="click: getSchedulePageParameters" id="triggerForLoginLogout">
           </span>
          </div>
         </div>
         <div class="select-flight grid-gutter-small ticket-buyer-wrapper mb-10" id="newMiniBooker">
          <ul class="nav nav-tabs" id="additionalServicesTab" role="tablist">
           <!-- ko if: isBookAFlightPage() -->
           <!-- /ko -->
           <!-- ko if: !isBookAFlightPage() -->
           <li class="nav-item active" data-bind="click: triggerBookerAvailabilityTab" role="presentation">
            <a aria-label="Flight" class="nav-link book-a-flight-tab active" data-toggle="tab" href="#bookerAvailabilityTab" role="tab">
             <span>
              <i class="book-a-flight-tab-icon">
              </i>
             </span>
             <span class="book-a-flight-tab-text" data-bind="i18n-text: { key: 'booker.flight.title'}">
              Flight
             </span>
            </a>
           </li>
           <!--TRAVEL PACKAGE TAB START-->
           <!-- ko if: isTravelPackageActive() && isCountryTR() -->
           <!-- /ko -->
           <!--TRAVEL PACKAGE TAB FINISH -->
           <li class="nav-item" role="presentation">
            <a aria-label="Check-in / Manage booking" class="nav-link checkin-tab" data-toggle="tab" href="#bookerManageTab" role="tab" tabindex="0" target="_blank" title="">
             <span>
              <i class="checkin-tab-icon">
              </i>
             </span>
             <!-- ko ifnot: isMobile() -->
             <span class="checkin-tab-label" data-bind="i18n-text: { key: 'booker.manageBooking.title'}">
              Check-in / Manage booking
             </span>
             <!-- /ko -->
             <!-- ko if: isMobile() -->
             <!-- /ko -->
            </a>
           </li>
           <li class="nav-item" role="presentation">
            <a aria-label="Flight status" class="nav-link flight-status-tab" data-toggle="tab" href="#bookerDeparTab" role="tab" tabindex="0" target="_blank" title="">
             <span>
              <i class="flight-status-tab-icon">
              </i>
             </span>
             <span class="flight-status-tab-label" data-bind="i18n-text: { key: 'booker.flightStatus.title'}">
              Flight status
             </span>
            </a>
           </li>
           <!-- /ko -->
          </ul>
          <div class="tab-content clearfix">
           <div class="tab-pane fade in active" id="bookerAvailabilityTab">
            <div data-bind="general-booker-new:{
									singleCityFlightSearchData : singleCityFlightSearchData,
									multiCityFlightSearchData: multiCityFlightSearchData,
									previousSearchesSearchData : previousSearchesSearchData,
									previousSearchPanelVisible : previousSearchesSearchDataPanelVisible,
									bookerType : generalBookerType,
									cabinClassList : cabinClassList,
									tccBooking: tccBooking(),
									datepickerParams: datepickerParams,
									paxpickerParams: paxpickerParams,
									searchFunction: $root.executeSingleCityFlightSearch,
									showBookerTypes: true,
									links : schedulenewLinks}">
             <div class="row tk-booker general-booker">
              <!-- ko if: showBookerTypes -->
              <div class="col-xs-12 booker-menu-wrapper">
               <div class="booker-menu">
                <a aria-label="Round trip" class="white mini-booker-link booker-type-link active" data-bind="click: function() { $root.changeBookerType('round') }, css:{'active':(generalBookerType() === 'round')}, i18n-text: { key: 'Label-OB-60.roundtrip'}" data-type="round" role="button" tabindex="0">
                 Round trip
                </a>
                <a aria-label="One way" class="white mini-booker-link booker-type-link" data-bind="click: function() { $root.changeBookerType('oneway') }, css:{'active':(generalBookerType() === 'oneway')}, i18n-text: { key: 'Checkbox-OB-01'}" data-type="oneway" role="button" tabindex="0">
                 One way
                </a>
                <!-- ko if: !isMobile -->
                <!-- ko if: !$root.tccBooking() -->
                <a aria-label="Multi-city" class="white mini-booker-link booker-type-link" data-bind="click: function() { $root.changeBookerType('multi') }, css:{'active':(generalBookerType() === 'multi')}, i18n-text: { key: 'Link-OB-08'}" data-type="multi" role="button" tabindex="0">
                 Multi-city
                </a>
                <!-- /ko -->
                <!-- /ko -->
                <!-- ko if: isMobile -->
                <!-- /ko -->
                <!-- ko if: $root.msLoginFound && !$root.tccBooking() -->
                <!--  ko ifnot: isCorpUserRole -->
                <a aria-label="Award ticket - Buy a ticket with Miles" class="white mini-booker-link award-link pull-right-sm" data-bind="click : $root.loadAwardTicket,i18n-text: { key: 'Link-OB-09'}" role="button" tabindex="0">
                 Award ticket - Buy a ticket with Miles
                </a>
                <!-- /ko -->
                <!--  ko if: isCorpUserRole -->
                <!-- /ko -->
                <!-- /ko -->
               </div>
               <div class="booker-menu">
               </div>
              </div>
              <!-- /ko -->
              <!-- ko if: (generalBookerType() == 'round' || generalBookerType() == 'oneway') -->
              <!-- ko with: singleCityFlightSearchData -->
              <div class="col-xs-12 booker-content" id="singleCityContainer">
               <div class="row">
                <div class="col-xs-12 col-sm-5">
                 <div class="row">
                  <div class="col-xs-6 col-sm-6 animated flipInX delay19" data-scroll-parent="" id="originSelector">
                   <bookerselectport params="from: true,
								type: 'single',
								data: $data">
                    <div class="port-select-wrapper active" data-bind="css:{ 'active': selectedElem }, click: focusToInput">
                     <div class="icon-wrapper">
                      <!-- ko if: from -->
                      <i class="glyphicon port-icon icon-plane">
                      </i>
                      <!-- /ko -->
                      <!-- ko ifnot: from -->
                      <!-- /ko -->
                     </div>
                     <div class="port-wrapper">
                      <!-- ko ifnot: type == 'prev' -->
                      <!-- ko if: from -->
                      <input autocomplete="off" class="port-input" data-bind="
						event:{
							keyup: getPorts,
							focus: focusInput,
							blur: blurInput },
						value: airportName" data-type="from_input" id="portInputFrom" name="herolist"/>
                      <label class="sr-only" data-bind="i18n-text: { key: 'Label-OB-61' }" for="portInputFrom">
                       From
                      </label>
                      <!-- /ko -->
                      <!-- ko ifnot: from -->
                      <!-- /ko -->
                      <!-- /ko -->
                      <div class="selected-port-button">
                       <!-- ko if: from -->
                       <div class="port-label-text" data-bind="i18n-text: { key: 'Label-OB-61' }">
                        From
                       </div>
                       <!-- /ko -->
                       <!-- ko ifnot: from -->
                       <!-- /ko -->
                       <!-- ko with: selectedElem -->
                       <div class="port-info">
                        <div class="city-name" data-bind="css:{ 'empty-text':($data.city.name == '')}, text: ($data.city.name || $data.code)">
                         Tel Aviv
                        </div>
                        <div class="port-name">
                         <span data-bind="css:{ 'empty-text':($data.name == '')}, text: ($data.name || $data.code)">
                          Ben Gurion International Airport
                         </span>
                         <!-- ko if: $data.multi -->
                         <!-- /ko -->
                         <!-- ko ifnot: $data.multi -->
                         (
                         <span data-bind="text: $data.code">
                          TLV
                         </span>
                         )
                         <!-- /ko -->
                        </div>
                       </div>
                       <!-- /ko -->
                      </div>
                      <span class="port-input-variables" data-bind="click: setPortVariables">
                      </span>
                     </div>
                     <!-- ko ifnot: type == 'prev' -->
                     <div class="text-port-list">
                      <!-- ko if: emptyAllPorts -->
                      <!-- /ko -->
                      <!-- ko if: searchPortList().length -->
                      <div class="port-list-wrapper">
                       <div class="title" data-bind="i18n-text: {key: 'Label-OB-74'}">
                        AIRPORTS
                       </div>
                       <ul class="port-list">
                        <!-- ko foreach: { data: searchPortList, as: 'port' } -->
                        <li data-bind="css: { 'active' : focused }, attr: { 'data-value': code, 'data-multi': multi }, click: $parent.setSelectedPort" data-value="TLV">
                         <!-- ko if: multi -->
                         <!-- /ko -->
                         <!-- ko ifnot: multi -->
                         <i class="fa fa-plane">
                         </i>
                         <!-- /ko -->
                         <span class="label-short" data-bind="text: name">
                          Ben Gurion International Airport
                         </span>
                         <span class="label-full">
                          <!-- ko ifnot: multi -->
                          <span data-bind="text: name">
                           Ben Gurion International Airport
                          </span>
                          <span class="right-add-comma" data-bind="text: '(' + code + ')'">
                           (TLV)
                          </span>
                          <span class="right-add-comma" data-bind="text: (city.name || code)">
                           Tel Aviv
                          </span>
                          <!-- /ko -->
                          <!-- ko if: multi -->
                          <!-- /ko -->
                         </span>
                         <span class="label-subtext" data-bind="text: country.name">
                          Israel
                         </span>
                        </li>
                        <!-- /ko -->
                       </ul>
                      </div>
                      <!-- /ko -->
                      <!-- ko if: searchNearbyList().length -->
                      <!-- /ko -->
                      <!-- ko if: searchCountryList().length -->
                      <!-- /ko -->
                     </div>
                     <!-- /ko -->
                    </div>
                   </bookerselectport>
                  </div>
                  <div class="col-xs-6 col-sm-6 animated flipInX delay19" data-scroll-parent="" id="destinationSelector">
                   <bookerselectport params="from: false,
								type: 'single',
								data: $data">
                    <div class="port-select-wrapper active" data-bind="css:{ 'active': selectedElem }, click: focusToInput">
                     <div class="icon-wrapper">
                      <!-- ko if: from -->
                      <!-- /ko -->
                      <!-- ko ifnot: from -->
                      <i class="glyphicon port-icon-2 icon-plane">
                      </i>
                      <!-- /ko -->
                     </div>
                     <div class="port-wrapper">
                      <!-- ko ifnot: type == 'prev' -->
                      <!-- ko if: from -->
                      <!-- /ko -->
                      <!-- ko ifnot: from -->
                      <input autocomplete="off" class="port-input" data-bind="
								event:{
									keyup: getPorts,
									focus: focusInput,
									blur: blurInput },
								value: airportName" data-type="from_input" id="portInputTo" name="herolist"/>
                      <label class="sr-only" data-bind="i18n-text: { key: 'Label-OB-60' }" for="portInputTo">
                       To
                      </label>
                      <!-- /ko -->
                      <!-- /ko -->
                      <div class="selected-port-button">
                       <!-- ko if: from -->
                       <!-- /ko -->
                       <!-- ko ifnot: from -->
                       <div class="port-label-text" data-bind="i18n-text: { key: 'Label-OB-60' }">
                        To
                       </div>
                       <!-- /ko -->
                       <!-- ko with: selectedElem -->
                       <div class="port-info">
                        <div class="city-name" data-bind="css:{ 'empty-text':($data.city.name == '')}, text: ($data.city.name || $data.code)">
                         Helsinki
                        </div>
                        <div class="port-name">
                         <span data-bind="css:{ 'empty-text':($data.name == '')}, text: ($data.name || $data.code)">
                          Helsinki-Vantaa Airport
                         </span>
                         <!-- ko if: $data.multi -->
                         <!-- /ko -->
                         <!-- ko ifnot: $data.multi -->
                         (
                         <span data-bind="text: $data.code">
                          HEL
                         </span>
                         )
                         <!-- /ko -->
                        </div>
                       </div>
                       <!-- /ko -->
                      </div>
                      <span class="port-input-variables" data-bind="click: setPortVariables">
                      </span>
                     </div>
                     <!-- ko ifnot: type == 'prev' -->
                     <div class="text-port-list">
                      <!-- ko if: emptyAllPorts -->
                      <!-- /ko -->
                      <!-- ko if: searchPortList().length -->
                      <div class="port-list-wrapper">
                       <div class="title" data-bind="i18n-text: {key: 'Label-OB-74'}">
                        AIRPORTS
                       </div>
                       <ul class="port-list">
                        <!-- ko foreach: { data: searchPortList, as: 'port' } -->
                        <li class="" data-bind="css: { 'active' : focused }, attr: { 'data-value': code, 'data-multi': multi }, click: $parent.setSelectedPort" data-value="HEL">
                         <!-- ko if: multi -->
                         <!-- /ko -->
                         <!-- ko ifnot: multi -->
                         <i class="fa fa-plane">
                         </i>
                         <!-- /ko -->
                         <span class="label-short" data-bind="text: name">
                          Helsinki-Vantaa Airport
                         </span>
                         <span class="label-full">
                          <!-- ko ifnot: multi -->
                          <span data-bind="text: name">
                           Helsinki-Vantaa Airport
                          </span>
                          <span class="right-add-comma" data-bind="text: '(' + code + ')'">
                           (HEL)
                          </span>
                          <span class="right-add-comma" data-bind="text: (city.name || code)">
                           Helsinki
                          </span>
                          <!-- /ko -->
                          <!-- ko if: multi -->
                          <!-- /ko -->
                         </span>
                         <span class="label-subtext" data-bind="text: country.name">
                          Finland
                         </span>
                        </li>
                        <!-- /ko -->
                       </ul>
                      </div>
                      <!-- /ko -->
                      <!-- ko if: searchNearbyList().length -->
                      <!-- /ko -->
                      <!-- ko if: searchCountryList().length -->
                      <!-- /ko -->
                     </div>
                     <!-- /ko -->
                    </div>
                   </bookerselectport>
                  </div>
                 </div>
                 <div class="change-ports clearfix animated flipInX delay19" data-bind="click: $parent.changePorts">
                  <i class="change-ports-icon">
                  </i>
                 </div>
                </div>
                <div class="col-xs-12 col-sm-5 tk-btn-col">
                 <div class="row">
                  <div class="col-xs-12 col-sm-6 mb-15">
                   <div class="animated flipInX delay23">
                    <a aria-label="Dates" class="btn-txt-input-dark toggle-popup noopacity tk-booker-select" data-bind="togglepopup:{'toggled':toggled}, attr: { href: '#singleCityCalendarHolder' }" href="#singleCityCalendarHolder" id="calendarTriggerGeneral" role="button" tabindex="0">
                     <span data-bind="
									date-label-new: {
										firstDate: originationDateTime,
										secondDate: returnDateTime,
										single: oneWay,
										noplane : true }" id="dateSelector">
                      <!-- ko if:isMultiValid-->
                      <span class="filter-option date-label-content" id="calendarValue">
                       <span class="date-view" id="selectFlightDate01">
                        <span class="date-type" data-bind="i18n-text: { key: 'TextField-OB-32'}">
                         Departure
                        </span>
                        <span class="date-view-date hidden-xs" data-bind="text:startDateDay">
                         Sunday
                        </span>
                        <span class="date-view-date visible-xs" data-bind="text:startDateDayMin">
                         Sun
                        </span>
                        <span class="date-view-day" data-bind="text:startDate">
                         28
                        </span>
                        <span class="date-view-month" data-bind="text:startDateMonth">
                         Aug
                        </span>
                       </span>
                       <span class="date-view" id="selectFlightDate02">
                        <span class="date-type" data-bind="i18n-text: { key: 'TextField-OB-33'}">
                         Return
                        </span>
                        <span class="date-view-date hidden-xs" data-bind="text:endDateDay">
                         Wednesday
                        </span>
                        <span class="date-view-date visible-xs" data-bind="text:endDateDayMin">
                         Wed
                        </span>
                        <!-- ko if:hasEndDate-->
                        <span class="date-view-day" data-bind="text:endDate">
                         09
                        </span>
                        <!-- /ko  -->
                        <!-- ko if:!hasEndDate()-->
                        <!-- /ko  -->
                        <span class="date-view-month" data-bind="text:endDateMonth">
                         Nov
                        </span>
                       </span>
                      </span>
                      <!-- /ko  -->
                      <!-- ko if:isSingleValid-->
                      <!-- /ko  -->
                      <!-- ko ifnot:isValid-->
                      <!-- /ko  -->
                     </span>
                    </a>
                   </div>
                  </div>
                  <div class="col-xs-12 col-sm-6 mb-10">
                   <div class="animated flipInX delay23">
                    <a aria-live="assertive" class="btn-txt-input-dark toggle-popup noopacity tk-booker-select" data-bind="attr: { 'data-count': totalIconCount,'title':numberOfPassengersAriaString}, togglepopup" data-count="1" href="#choosePerson" id="personCountBox" role="button" tabindex="0" title="Number of passengers 1">
                     <!-- ko if: ($parent.paxpickerParams && $parent.paxpickerParams.showCabinClasses) -->
                     <span class="person-box-elem cabin-type" id="cabinTypeSelector">
                      <span class="cabin-view-text" data-bind="i18n-text: { key: 'booker.paxPicker.passenger.title' }">
                       Passengers
                      </span>
                      <div class="text-left">
                       <span aria-hidden="true" class="total-passenger-count" data-bind="text:totalPaxCount">
                        1
                       </span>
                       <!-- ko if: totalPaxCount() <= 1 -->
                       <span class="cabin-view-type" data-bind="i18n-text: { key: 'booker.paxPicker.totalCount.singular'}" style="display:inline-block">
                        Passenger
                       </span>
                       <!-- /ko -->
                       <!-- ko if: totalPaxCount() > 1 -->
                       <!-- /ko -->
                      </div>
                      <span class="cabin-view-class" data-bind="i18n-text: { key: 'shortcabintypelookup.'+ cabinClass().toLowerCase() }">
                       ECO
                      </span>
                     </span>
                     <!-- /ko -->
                    </a>
                   </div>
                  </div>
                 </div>
                </div>
                <div class="col-xs-12 col-sm-2">
                 <div class="animated flipInX delay23">
                  <a aria-label="Search flights" class="btn-input-red lh114 tk-booker-submit" data-bind="click: $parent.searchFunction" id="executeSingleCitySubmit" name="submit" role="button" tabindex="0">
                   <span class="execute-single-city-submit" data-bind="i18n-text: { key: 'Label-OB-333.mobil', locale: $root.language}" id="executeSingleCitySubmit_s_1">
                    Search flights
                   </span>
                   <i class="search-flights-right-arrow">
                   </i>
                  </a>
                 </div>
                </div>
                <div class="col-xs-12 col-md-10 col-md-offset-1">
                 <div class="relative booker booking-cols">
                  <bookerdatepicker params="
						datepickerElementName: 'singleCityCalendarHolder',
						oneWay: oneWay,
						dateDoneDisabled: dateDoneDisabled,
						dateSelectedDone: dateSelectedDone,
						flexibleDates : flexibleDates,
						datepickerParams: $parent.datepickerParams,
						routeRestrictionMessageFields: {
							from: originAirportCode,
							to: destinationAirportCode,
							startDate: originationDateTime,
							endDate:returnDateTime },
						datepickerFields: {
							'gotoCurrent': false,
							maxDay: maximumDaysForAvailability,
							firstDate: originationDateTime,
							secondDate : returnDateTime,
							single: oneWay,
							'disabledRanges': disabledRanges,
							'mexicanWave': mexicanWave,
							accessibilityNotificationFieldId: 'accessibility-feedback-field',
							type: $parent.generalBookerType },
						chooseDateText: chooseDateText,
						dateChangeCallback: dateChangeCallback,
						filters: filters ">
                   <div class="skip-tablet popup calendarHolder calendar-holder" data-bind="attr: { id: datepickerElementId }, css: datePickerCssClass " id="singleCityCalendarHolder" role="dialog" tabindex="-1">
                    <div class="row">
                     <div class="col-sm-12">
                      <div class="popup-wrapper">
                       <a aria-label="" class="toogle-close-mobile-schedule toggle-popup visible-xs black" data-bind="togglepopup" role="button" tabindex="0" type="button">
                        <i class="fa fa-angle-left fs-35">
                        </i>
                       </a>
                       <div class="ui-datepicker-wrapper-header clearfix">
                        <h3 class="ui-datepicker-wrapper-title pull-left schedule-title-mobile hidden-sm" data-bind="text : chooseDateText">
                         Date selection is completed
                        </h3>
                        <div class="pull-right mobile-pull-left">
                         <!-- ko if: datepickerParams -->
                         <!-- ko if: datepickerParams.showFlexibleDates -->
                         <div class="pull-left">
                          <label class="checkbox metro-checkbox normal pr-8 mr-8">
                           <input class="isDirectFlightTicket-component-selector-class focusable-calendar-item" data-bind="checked: flexibleDates" type="checkbox"/>
                           <span class="check">
                           </span>
                           <span class="check-label" data-bind="i18n-text: { key: 'Checkbox-OB-21'}">
                            Flexible dates
                           </span>
                          </label>
                         </div>
                         <!-- /ko -->
                         <!-- ko if: datepickerParams.showDirectFlights -->
                         <div class="pull-left">
                          <label class="checkbox metro-checkbox normal pr-8 mr-8">
                           <input class="isDirectFlightTicket-component-selector-class focusable-calendar-item" data-bind="checked: filters.directFlight" type="checkbox"/>
                           <span class="check">
                           </span>
                           <span class="check-label" data-bind="i18n-text: { key: 'Checkbox-OB-20'}">
                            Direct flights
                           </span>
                          </label>
                         </div>
                         <!-- /ko -->
                         <!-- ko if: datepickerParams.showOneWay -->
                         <!-- /ko -->
                         <!-- /ko -->
                         <a aria-label="OK" class="fs-13 hidden-xs btn btn-danger done-btn pull-right toggle-popup ml-10 focusable-calendar-item" data-bind="style: { 'pointer-events': atLeastOneDateSelected() ? '' : 'none' },
								click: dateSelectedDone,
								togglepopup,
								i18n-text: { key: 'Label-OB-139' },
								attr: { href: datepickerElementHref,
								disabled: dateDoneDisabled() } " href="#singleCityCalendarHolder" style="">
                          OK
                         </a>
                        </div>
                       </div>
                       <div class="wrapper">
                        <div class="jrange-component-selector-class dates custom-datepicker">
                         <div class="notranslate hasDatepicker" data-bind="datepicker: datepickerFields " id="dp1661443920139">
                          <div class="ui-datepicker-inline ui-datepicker ui-widget ui-widget-content ui-helper-clearfix ui-corner-all ui-datepicker-multi ui-datepicker-multi-2" style="display: block; width: 34em;">
                           <div class="ui-datepicker-group ui-datepicker-group-first">
                            <div class="ui-datepicker-header ui-widget-header ui-helper-clearfix ui-corner-left">
                             <a class="ui-datepicker-prev ui-corner-all" data-event="click" data-handler="prev" tabindex="0" title="Prev">
                              <span class="ui-icon ui-icon-circle-triangle-w">
                               Prev
                              </span>
                             </a>
                             <div class="ui-datepicker-title">
                              <span class="ui-datepicker-month">
                               October
                              </span>
                              <span class="ui-datepicker-year">
                               2022
                              </span>
                             </div>
                            </div>
                            <table class="ui-datepicker-calendar">
                             <thead>
                              <tr>
                               <th abbr="Monday" aria-label="Monday" role="columnheader">
                                <span title="Monday">
                                 Mo
                                </span>
                               </th>
                               <th abbr="Tuesday" aria-label="Tuesday" role="columnheader">
                                <span title="Tuesday">
                                 Tu
                                </span>
                               </th>
                               <th abbr="Wednesday" aria-label="Wednesday" role="columnheader">
                                <span title="Wednesday">
                                 We
                                </span>
                               </th>
                               <th abbr="Thursday" aria-label="Thursday" role="columnheader">
                                <span title="Thursday">
                                 Th
                                </span>
                               </th>
                               <th abbr="Friday" aria-label="Friday" role="columnheader">
                                <span title="Friday">
                                 Fr
                                </span>
                               </th>
                               <th abbr="Saturday" aria-label="Saturday" class="ui-datepicker-week-end" role="columnheader">
                                <span title="Saturday">
                                 Sa
                                </span>
                               </th>
                               <th abbr="Sunday" aria-label="Sunday" class="ui-datepicker-week-end" role="columnheader">
                                <span title="Sunday">
                                 Su
                                </span>
                               </th>
                              </tr>
                             </thead>
                             <tbody>
                              <tr>
                               <td class="ui-datepicker-other-month ui-datepicker-unselectable ui-state-disabled">
                               </td>
                               <td class="ui-datepicker-other-month ui-datepicker-unselectable ui-state-disabled">
                               </td>
                               <td class="ui-datepicker-other-month ui-datepicker-unselectable ui-state-disabled">
                               </td>
                               <td class="ui-datepicker-other-month ui-datepicker-unselectable ui-state-disabled">
                               </td>
                               <td class="ui-datepicker-other-month ui-datepicker-unselectable ui-state-disabled">
                               </td>
                               <td class="ui-datepicker-week-end dp-highlight" data-event="click" data-handler="selectDay" data-month="9" data-year="2022">
                                <a aria-label="October 1" class="ui-state-default" data-timestamp="1664571600000" href="#" role="button">
                                 1
                                </a>
                               </td>
                               <td class="ui-datepicker-week-end dp-highlight" data-event="click" data-handler="selectDay" data-month="9" data-year="2022">
                                <a aria-label="October 2" class="ui-state-default" data-timestamp="1664658000000" href="#" role="button">
                                 2
                                </a>
                               </td>
                              </tr>
                              <tr>
                               <td class="dp-highlight" data-event="click" data-handler="selectDay" data-month="9" data-year="2022">
                                <a aria-label="October 3" class="ui-state-default" data-timestamp="1664744400000" href="#" role="button">
                                 3
                                </a>
                               </td>
                               <td class="dp-highlight" data-event="click" data-handler="selectDay" data-month="9" data-year="2022">
                                <a aria-label="October 4" class="ui-state-default" data-timestamp="1664830800000" href="#" role="button">
                                 4
                                </a>
                               </td>
                               <td class="dp-highlight" data-event="click" data-handler="selectDay" data-month="9" data-year="2022">
                                <a aria-label="October 5" class="ui-state-default" data-timestamp="1664917200000" href="#" role="button">
                                 5
                                </a>
                               </td>
                               <td class="dp-highlight" data-event="click" data-handler="selectDay" data-month="9" data-year="2022">
                                <a aria-label="October 6" class="ui-state-default" data-timestamp="1665003600000" href="#" role="button">
                                 6
                                </a>
                               </td>
                               <td class="dp-highlight" data-event="click" data-handler="selectDay" data-month="9" data-year="2022">
                                <a aria-label="October 7" class="ui-state-default" data-timestamp="1665090000000" href="#" role="button">
                                 7
                                </a>
                               </td>
                               <td class="ui-datepicker-week-end dp-highlight" data-event="click" data-handler="selectDay" data-month="9" data-year="2022">
                                <a aria-label="October 8" class="ui-state-default" data-timestamp="1665176400000" href="#" role="button">
                                 8
                                </a>
                               </td>
                               <td class="ui-datepicker-week-end dp-highlight" data-event="click" data-handler="selectDay" data-month="9" data-year="2022">
                                <a aria-label="October 9" class="ui-state-default" data-timestamp="1665262800000" href="#" role="button">
                                 9
                                </a>
                               </td>
                              </tr>
                              <tr>
                               <td class="dp-highlight" data-event="click" data-handler="selectDay" data-month="9" data-year="2022">
                                <a aria-label="October 10" class="ui-state-default" data-timestamp="1665349200000" href="#" role="button">
                                 10
                                </a>
                               </td>
                               <td class="dp-highlight" data-event="click" data-handler="selectDay" data-month="9" data-year="2022">
                                <a aria-label="October 11" class="ui-state-default" data-timestamp="1665435600000" href="#" role="button">
                                 11
                                </a>
                               </td>
                               <td class="dp-highlight" data-event="click" data-handler="selectDay" data-month="9" data-year="2022">
                                <a aria-label="October 12" class="ui-state-default" data-timestamp="1665522000000" href="#" role="button">
                                 12
                                </a>
                               </td>
                               <td class="dp-highlight" data-event="click" data-handler="selectDay" data-month="9" data-year="2022">
                                <a aria-label="October 13" class="ui-state-default" data-timestamp="1665608400000" href="#" role="button">
                                 13
                                </a>
                               </td>
                               <td class="dp-highlight" data-event="click" data-handler="selectDay" data-month="9" data-year="2022">
                                <a aria-label="October 14" class="ui-state-default" data-timestamp="1665694800000" href="#" role="button">
                                 14
                                </a>
                               </td>
                               <td class="ui-datepicker-week-end dp-highlight" data-event="click" data-handler="selectDay" data-month="9" data-year="2022">
                                <a aria-label="October 15" class="ui-state-default" data-timestamp="1665781200000" href="#" role="button">
                                 15
                                </a>
                               </td>
                               <td class="ui-datepicker-week-end dp-highlight" data-event="click" data-handler="selectDay" data-month="9" data-year="2022">
                                <a aria-label="October 16" class="ui-state-default" data-timestamp="1665867600000" href="#" role="button">
                                 16
                                </a>
                               </td>
                              </tr>
                              <tr>
                               <td class="dp-highlight" data-event="click" data-handler="selectDay" data-month="9" data-year="2022">
                                <a aria-label="October 17" class="ui-state-default" data-timestamp="1665954000000" href="#" role="button">
                                 17
                                </a>
                               </td>
                               <td class="dp-highlight" data-event="click" data-handler="selectDay" data-month="9" data-year="2022">
                                <a aria-label="October 18" class="ui-state-default" data-timestamp="1666040400000" href="#" role="button">
                                 18
                                </a>
                               </td>
                               <td class="dp-highlight" data-event="click" data-handler="selectDay" data-month="9" data-year="2022">
                                <a aria-label="October 19" class="ui-state-default" data-timestamp="1666126800000" href="#" role="button">
                                 19
                                </a>
                               </td>
                               <td class="dp-highlight" data-event="click" data-handler="selectDay" data-month="9" data-year="2022">
                                <a aria-label="October 20" class="ui-state-default" data-timestamp="1666213200000" href="#" role="button">
                                 20
                                </a>
                               </td>
                               <td class="dp-highlight" data-event="click" data-handler="selectDay" data-month="9" data-year="2022">
                                <a aria-label="October 21" class="ui-state-default" data-timestamp="1666299600000" href="#" role="button">
                                 21
                                </a>
                               </td>
                               <td class="ui-datepicker-week-end dp-highlight" data-event="click" data-handler="selectDay" data-month="9" data-year="2022">
                                <a aria-label="October 22" class="ui-state-default" data-timestamp="1666386000000" href="#" role="button">
                                 22
                                </a>
                               </td>
                               <td class="ui-datepicker-week-end dp-highlight" data-event="click" data-handler="selectDay" data-month="9" data-year="2022">
                                <a aria-label="October 23" class="ui-state-default" data-timestamp="1666472400000" href="#" role="button">
                                 23
                                </a>
                               </td>
                              </tr>
                              <tr>
                               <td class="dp-highlight" data-event="click" data-handler="selectDay" data-month="9" data-year="2022">
                                <a aria-label="October 24" class="ui-state-default" data-timestamp="1666558800000" href="#" role="button">
                                 24
                                </a>
                               </td>
                               <td class="dp-highlight" data-event="click" data-handler="selectDay" data-month="9" data-year="2022">
                                <a aria-label="October 25" class="ui-state-default" data-timestamp="1666645200000" href="#" role="button">
                                 25
                                </a>
                               </td>
                               <td class="dp-highlight" data-event="click" data-handler="selectDay" data-month="9" data-year="2022">
                                <a aria-label="October 26" class="ui-state-default" data-timestamp="1666731600000" href="#" role="button">
                                 26
                                </a>
                               </td>
                               <td class="dp-highlight" data-event="click" data-handler="selectDay" data-month="9" data-year="2022">
                                <a aria-label="October 27" class="ui-state-default" data-timestamp="1666818000000" href="#" role="button">
                                 27
                                </a>
                               </td>
                               <td class="dp-highlight" data-event="click" data-handler="selectDay" data-month="9" data-year="2022">
                                <a aria-label="October 28" class="ui-state-default" data-timestamp="1666904400000" href="#" role="button">
                                 28
                                </a>
                               </td>
                               <td class="ui-datepicker-week-end dp-highlight" data-event="click" data-handler="selectDay" data-month="9" data-year="2022">
                                <a aria-label="October 29" class="ui-state-default" data-timestamp="1666990800000" href="#" role="button">
                                 29
                                </a>
                               </td>
                               <td class="ui-datepicker-week-end dp-highlight" data-event="click" data-handler="selectDay" data-month="9" data-year="2022">
                                <a aria-label="October 30" class="ui-state-default" data-timestamp="1667077200000" href="#" role="button">
                                 30
                                </a>
                               </td>
                              </tr>
                              <tr>
                               <td class="dp-highlight" data-event="click" data-handler="selectDay" data-month="9" data-year="2022">
                                <a aria-label="October 31" class="ui-state-default" data-timestamp="1667167200000" href="#" role="button">
                                 31
                                </a>
                               </td>
                               <td class="ui-datepicker-other-month ui-datepicker-unselectable ui-state-disabled">
                               </td>
                               <td class="ui-datepicker-other-month ui-datepicker-unselectable ui-state-disabled">
                               </td>
                               <td class="ui-datepicker-other-month ui-datepicker-unselectable ui-state-disabled">
                               </td>
                               <td class="ui-datepicker-other-month ui-datepicker-unselectable ui-state-disabled">
                               </td>
                               <td class="ui-datepicker-week-end ui-datepicker-other-month ui-datepicker-unselectable ui-state-disabled">
                               </td>
                               <td class="ui-datepicker-week-end ui-datepicker-other-month ui-datepicker-unselectable ui-state-disabled">
                               </td>
                              </tr>
                             </tbody>
                            </table>
                           </div>
                           <div class="ui-datepicker-group ui-datepicker-group-last">
                            <div class="ui-datepicker-header ui-widget-header ui-helper-clearfix ui-corner-right">
                             <a class="ui-datepicker-next ui-corner-all" data-event="click" data-handler="next" tabindex="0" title="Next">
                              <span class="ui-icon ui-icon-circle-triangle-e">
                               Next
                              </span>
                             </a>
                             <div class="ui-datepicker-title">
                              <span class="ui-datepicker-month">
                               November
                              </span>
                              <span class="ui-datepicker-year">
                               2022
                              </span>
                             </div>
                            </div>
                            <table class="ui-datepicker-calendar">
                             <thead>
                              <tr>
                               <th abbr="Monday" aria-label="Monday" role="columnheader">
                                <span title="Monday">
                                 Mo
                                </span>
                               </th>
                               <th abbr="Tuesday" aria-label="Tuesday" role="columnheader">
                                <span title="Tuesday">
                                 Tu
                                </span>
                               </th>
                               <th abbr="Wednesday" aria-label="Wednesday" role="columnheader">
                                <span title="Wednesday">
                                 We
                                </span>
                               </th>
                               <th abbr="Thursday" aria-label="Thursday" role="columnheader">
                                <span title="Thursday">
                                 Th
                                </span>
                               </th>
                               <th abbr="Friday" aria-label="Friday" role="columnheader">
                                <span title="Friday">
                                 Fr
                                </span>
                               </th>
                               <th abbr="Saturday" aria-label="Saturday" class="ui-datepicker-week-end" role="columnheader">
                                <span title="Saturday">
                                 Sa
                                </span>
                               </th>
                               <th abbr="Sunday" aria-label="Sunday" class="ui-datepicker-week-end" role="columnheader">
                                <span title="Sunday">
                                 Su
                                </span>
                               </th>
                              </tr>
                             </thead>
                             <tbody>
                              <tr>
                               <td class="ui-datepicker-other-month ui-datepicker-unselectable ui-state-disabled">
                               </td>
                               <td class="dp-highlight" data-event="click" data-handler="selectDay" data-month="10" data-year="2022">
                                <a aria-label="November 1" class="ui-state-default" data-timestamp="1667253600000" href="#" role="button">
                                 1
                                </a>
                               </td>
                               <td class="dp-highlight" data-event="click" data-handler="selectDay" data-month="10" data-year="2022">
                                <a aria-label="November 2" class="ui-state-default" data-timestamp="1667340000000" href="#" role="button">
                                 2
                                </a>
                               </td>
                               <td class="dp-highlight" data-event="click" data-handler="selectDay" data-month="10" data-year="2022">
                                <a aria-label="November 3" class="ui-state-default" data-timestamp="1667426400000" href="#" role="button">
                                 3
                                </a>
                               </td>
                               <td class="dp-highlight" data-event="click" data-handler="selectDay" data-month="10" data-year="2022">
                                <a aria-label="November 4" class="ui-state-default" data-timestamp="1667512800000" href="#" role="button">
                                 4
                                </a>
                               </td>
                               <td class="ui-datepicker-week-end dp-highlight" data-event="click" data-handler="selectDay" data-month="10" data-year="2022">
                                <a aria-label="November 5" class="ui-state-default" data-timestamp="1667599200000" href="#" role="button">
                                 5
                                </a>
                               </td>
                               <td class="ui-datepicker-week-end dp-highlight" data-event="click" data-handler="selectDay" data-month="10" data-year="2022">
                                <a aria-label="November 6" class="ui-state-default" data-timestamp="1667685600000" href="#" role="button">
                                 6
                                </a>
                               </td>
                              </tr>
                              <tr>
                               <td class="dp-highlight" data-event="click" data-handler="selectDay" data-month="10" data-year="2022">
                                <a aria-label="November 7" class="ui-state-default" data-timestamp="1667772000000" href="#" role="button">
                                 7
                                </a>
                               </td>
                               <td class="dp-highlight" data-event="click" data-handler="selectDay" data-month="10" data-year="2022">
                                <a aria-label="November 8" class="ui-state-default" data-timestamp="1667858400000" href="#" role="button">
                                 8
                                </a>
                               </td>
                               <td class="ui-state-active ui-datepicker-current-day" data-event="click" data-handler="selectDay" data-month="10" data-year="2022">
                                <a aria-label="November 9" class="ui-state-default" data-timestamp="1667944800000" href="#" role="button">
                                 9
                                </a>
                               </td>
                               <td class="" data-event="click" data-handler="selectDay" data-month="10" data-year="2022">
                                <a aria-label="November 10" class="ui-state-default" data-timestamp="1668031200000" href="#" role="button">
                                 10
                                </a>
                               </td>
                               <td class="" data-event="click" data-handler="selectDay" data-month="10" data-year="2022">
                                <a aria-label="November 11" class="ui-state-default" data-timestamp="1668117600000" href="#" role="button">
                                 11
                                </a>
                               </td>
                               <td class="ui-datepicker-week-end" data-event="click" data-handler="selectDay" data-month="10" data-year="2022">
                                <a aria-label="November 12" class="ui-state-default" data-timestamp="1668204000000" href="#" role="button">
                                 12
                                </a>
                               </td>
                               <td class="ui-datepicker-week-end" data-event="click" data-handler="selectDay" data-month="10" data-year="2022">
                                <a aria-label="November 13" class="ui-state-default" data-timestamp="1668290400000" href="#" role="button">
                                 13
                                </a>
                               </td>
                              </tr>
                              <tr>
                               <td class="" data-event="click" data-handler="selectDay" data-month="10" data-year="2022">
                                <a aria-label="November 14" class="ui-state-default" data-timestamp="1668376800000" href="#" role="button">
                                 14
                                </a>
                               </td>
                               <td class="" data-event="click" data-handler="selectDay" data-month="10" data-year="2022">
                                <a aria-label="November 15" class="ui-state-default" data-timestamp="1668463200000" href="#" role="button">
                                 15
                                </a>
                               </td>
                               <td class="" data-event="click" data-handler="selectDay" data-month="10" data-year="2022">
                                <a aria-label="November 16" class="ui-state-default" data-timestamp="1668549600000" href="#" role="button">
                                 16
                                </a>
                               </td>
                               <td class="" data-event="click" data-handler="selectDay" data-month="10" data-year="2022">
                                <a aria-label="November 17" class="ui-state-default" data-timestamp="1668636000000" href="#" role="button">
                                 17
                                </a>
                               </td>
                               <td class="" data-event="click" data-handler="selectDay" data-month="10" data-year="2022">
                                <a aria-label="November 18" class="ui-state-default" data-timestamp="1668722400000" href="#" role="button">
                                 18
                                </a>
                               </td>
                               <td class="ui-datepicker-week-end" data-event="click" data-handler="selectDay" data-month="10" data-year="2022">
                                <a aria-label="November 19" class="ui-state-default" data-timestamp="1668808800000" href="#" role="button">
                                 19
                                </a>
                               </td>
                               <td class="ui-datepicker-week-end" data-event="click" data-handler="selectDay" data-month="10" data-year="2022">
                                <a aria-label="November 20" class="ui-state-default" data-timestamp="1668895200000" href="#" role="button">
                                 20
                                </a>
                               </td>
                              </tr>
                              <tr>
                               <td class="" data-event="click" data-handler="selectDay" data-month="10" data-year="2022">
                                <a aria-label="November 21" class="ui-state-default" data-timestamp="1668981600000" href="#" role="button">
                                 21
                                </a>
                               </td>
                               <td class="" data-event="click" data-handler="selectDay" data-month="10" data-year="2022">
                                <a aria-label="November 22" class="ui-state-default" data-timestamp="1669068000000" href="#" role="button">
                                 22
                                </a>
                               </td>
                               <td class="" data-event="click" data-handler="selectDay" data-month="10" data-year="2022">
                                <a aria-label="November 23" class="ui-state-default" data-timestamp="1669154400000" href="#" role="button">
                                 23
                                </a>
                               </td>
                               <td class="" data-event="click" data-handler="selectDay" data-month="10" data-year="2022">
                                <a aria-label="November 24" class="ui-state-default" data-timestamp="1669240800000" href="#" role="button">
                                 24
                                </a>
                               </td>
                               <td class="" data-event="click" data-handler="selectDay" data-month="10" data-year="2022">
                                <a aria-label="November 25" class="ui-state-default" data-timestamp="1669327200000" href="#" role="button">
                                 25
                                </a>
                               </td>
                               <td class="ui-datepicker-week-end" data-event="click" data-handler="selectDay" data-month="10" data-year="2022">
                                <a aria-label="November 26" class="ui-state-default" data-timestamp="1669413600000" href="#" role="button">
                                 26
                                </a>
                               </td>
                               <td class="ui-datepicker-week-end" data-event="click" data-handler="selectDay" data-month="10" data-year="2022">
                                <a aria-label="November 27" class="ui-state-default" data-timestamp="1669500000000" href="#" role="button">
                                 27
                                </a>
                               </td>
                              </tr>
                              <tr>
                               <td class="" data-event="click" data-handler="selectDay" data-month="10" data-year="2022">
                                <a aria-label="November 28" class="ui-state-default" data-timestamp="1669586400000" href="#" role="button">
                                 28
                                </a>
                               </td>
                               <td class="" data-event="click" data-handler="selectDay" data-month="10" data-year="2022">
                                <a aria-label="November 29" class="ui-state-default" data-timestamp="1669672800000" href="#" role="button">
                                 29
                                </a>
                               </td>
                               <td class="" data-event="click" data-handler="selectDay" data-month="10" data-year="2022">
                                <a aria-label="November 30" class="ui-state-default" data-timestamp="1669759200000" href="#" role="button">
                                 30
                                </a>
                               </td>
                               <td class="ui-datepicker-other-month ui-datepicker-unselectable ui-state-disabled">
                               </td>
                               <td class="ui-datepicker-other-month ui-datepicker-unselectable ui-state-disabled">
                               </td>
                               <td class="ui-datepicker-week-end ui-datepicker-other-month ui-datepicker-unselectable ui-state-disabled">
                               </td>
                               <td class="ui-datepicker-week-end ui-datepicker-other-month ui-datepicker-unselectable ui-state-disabled">
                               </td>
                              </tr>
                              <tr>
                               <td class="ui-datepicker-other-month ui-datepicker-unselectable ui-state-disabled">
                               </td>
                               <td class="ui-datepicker-other-month ui-datepicker-unselectable ui-state-disabled">
                               </td>
                               <td class="ui-datepicker-other-month ui-datepicker-unselectable ui-state-disabled">
                               </td>
                               <td class="ui-datepicker-other-month ui-datepicker-unselectable ui-state-disabled">
                               </td>
                               <td class="ui-datepicker-other-month ui-datepicker-unselectable ui-state-disabled">
                               </td>
                               <td class="ui-datepicker-week-end ui-datepicker-other-month ui-datepicker-unselectable ui-state-disabled">
                               </td>
                               <td class="ui-datepicker-week-end ui-datepicker-other-month ui-datepicker-unselectable ui-state-disabled">
                               </td>
                              </tr>
                             </tbody>
                            </table>
                           </div>
                           <div class="ui-datepicker-row-break">
                           </div>
                          </div>
                         </div>
                        </div>
                       </div>
                      </div>
                     </div>
                    </div>
                    <!-- ko ifnot: routeRestrictionMessageFields.empty -->
                    <div class="panel-content pt-0 pb-0" data-bind="routerestrictionmessage: routeRestrictionMessageFields, attr: attrFields " id="routeRestrictionMessageFields">
                    </div>
                    <!-- /ko -->
                    <!-- ko if: showPromotionLabels -->
                    <!-- /ko -->
                    <a aria-label="OK" class="schedule-done-btn toggle-popup visible-xs btn btn-danger btn-block btn-lg bold p-20 lh-normal" data-bind="style: { 'pointer-events': atLeastOneDateSelected() ? '' : 'none' },
			click: dateSelectedDone,
			togglepopup,
			i18n-html: { key: 'Label-OB-139' }" style="" type="button">
                     OK
                    </a>
                   </div>
                  </bookerdatepicker>
                 </div>
                </div>
                <div class="col-xs-12 col-md-5 col-md-offset-7">
                 <div class="relative booker booking-cols">
                  <bookerpaxpicker params="
						elementId: 'choosePerson',
						searchData: $data,
						cabinClassList: $parent.cabinClassList,
						paxpickerParams: $parent.paxpickerParams,
						quickSearch: $root.executeSingleCityFlightSearch,
						links: $parent.links ">
                   <!-- ko with: searchData -->
                   <div class="popup people-on calendar-holder general-paxpicker" data-bind="attr: { id: $parent.elementId }" id="choosePerson" role="dialog" tabindex="-1">
                    <div class="row overflow-hidden">
                     <div class="col-xs-12">
                      <div class="popup-wrapper">
                       <div class="popup-wrapper-header clearfix visible-xs">
                        <a aria-label="" class="toogle-close-mobile-schedule white toggle-popup" data-bind="togglepopup" role="button" tabindex="0" type="button">
                         <i class="fa fa-angle-left fs-35">
                         </i>
                        </a>
                        <h3 class="popup-wrapper-header-title pull-left schedule-title-mobile width-fluid fw300 bold" data-bind="i18n-text: { key: 'TextField-OB-172' }">
                         Cabin and Pax Type
                        </h3>
                       </div>
                       <!-- ko if: ($parent.paxpickerParams && $parent.paxpickerParams.showPaxtypes) -->
                       <div class="inner person-pax-title">
                        <h3 class="popup-header-title schedule-title-mobile" data-bind="i18n-text: {key: $parent.paxpickerParams.showCabinClasses ? 'Label-OB-216' : 'Label-OB-05'}">
                         Cabin and passenger selection
                        </h3>
                       </div>
                       <!-- /ko -->
                       <!-- ko with: $parent.cabinClassList -->
                       <div class="inner relative cabin-type-inner">
                        <div class="row">
                         <div class="col-xs-12">
                          <div class="cabin-type-list">
                           <!-- ko foreach: $data -->
                           <a class="cabin-type color-96979a">
                            <label class="checkbox metro-radio metro-radio-blue small-metro fs14 fw700">
                             <!-- ko if: $parents[2].multicity -->
                             <!-- /ko -->
                             <!-- ko ifnot: $parents[2].multicity -->
                             <input data-bind="value: $data, checked: $parents[1].cabinClass, attr:{'name': 'cabinType' + $parents[2].elementId }" name="cabinTypechoosePerson" type="radio" value="ECONOMY"/>
                             <!-- /ko -->
                             <span class="check">
                             </span>
                             <span class="text" data-bind="i18n-text: { key: 'cabintypelookup.' + $data.toLowerCase() }">
                              Economy Class
                             </span>
                            </label>
                           </a>
                           <a class="cabin-type color-96979a">
                            <label class="checkbox metro-radio metro-radio-blue small-metro fs14 fw700">
                             <!-- ko if: $parents[2].multicity -->
                             <!-- /ko -->
                             <!-- ko ifnot: $parents[2].multicity -->
                             <input data-bind="value: $data, checked: $parents[1].cabinClass, attr:{'name': 'cabinType' + $parents[2].elementId }" name="cabinTypechoosePerson" type="radio" value="BUSINESS"/>
                             <!-- /ko -->
                             <span class="check">
                             </span>
                             <span class="text" data-bind="i18n-text: { key: 'cabintypelookup.' + $data.toLowerCase() }">
                              Business Class
                             </span>
                            </label>
                           </a>
                           <!-- /ko -->
                          </div>
                         </div>
                        </div>
                       </div>
                       <!-- /ko -->
                       <!-- ko foreach: { data: paxList, as: 'pax' }  -->
                       <!-- ko if: pax.code() == 'YOUNGADULT' -->
                       <!-- /ko -->
                       <!-- ko if: pax.code() == 'YOUNGADULT' -->
                       <!-- /ko -->
                       <!-- ko if: pax.code() == 'YOUNGADULT' -->
                       <!-- /ko -->
                       <!-- ko if: pax.code() == 'YOUNGADULT' -->
                       <!-- /ko -->
                       <!-- /ko -->
                       <!-- ko if: ($parent.paxpickerParams && $parent.paxpickerParams.showPaxtypes) -->
                       <div class="inner relative pax-list-inner">
                        <div class="row">
                         <!-- ko ifnot: validationMessage() == '' -->
                         <!-- /ko -->
                         <!-- ko ifnot: warningMessage() == '' -->
                         <!-- /ko -->
                         <!-- ko if: awardTicketData -->
                         <!-- /ko -->
                        </div>
                        <div class="row">
                         <div class="col-xs-12 pax-list-half mb-0-mbl">
                          <!-- ko foreach: { data: paxList, as: 'pax' }  -->
                          <!-- ko if: (pax.position == 'LEFT') -->
                          <!-- ko if: (defaultOpen || $parent.showMore) -->
                          <div class="row spinner-content">
                           <div class="spinner-label col-xs-7">
                            <span data-bind="i18n-text: { key: 'paxtypelookup.' + pax.code() }, attr: { 'id': pax.code() }" id="ADULT">
                             Adult
                            </span>
                            <!--  ko if:pax.hasTooltip -->
                            <a class="fa fa-info-circle text-muted fs-14 resetbs" data-bind="attr:{'title':i18n.get('TextField-OB-173.' + pax.code())}" data-original-title="Adult" data-placement="right" data-toggle="tooltip" tabindex="0" title="">
                            </a>
                            <!-- /ko -->
                            <small class="passengers-label">
                             <!--  ko if: pax.hasNotMinAge -->
                             <span data-bind="text:pax.minAge">
                              12
                             </span>
                             <!--  ko if: pax.hasNotMaxAge -->
                             +
                             <!-- /ko -->
                             <!--  ko ifnot:pax.hasNotMaxAge -->
                             <!-- /ko -->
                             <!-- /ko -->
                             <!--  ko ifnot:pax.hasNotMinAge -->
                             <!-- /ko -->
                            </small>
                           </div>
                           <div class="col-xs-5">
                            <span class="ui-spinner ui-widget ui-widget-content ui-corner-all active" style="height: 40px;">
                             <span aria-valuemax="9" aria-valuemin="0" aria-valuenow="1" autocomplete="off" class="ui-spinner-input" data-bind="text: pax.count,
										customSpinnerForAdult: {
											value : pax.count,
											maxValue:pax.maxCount,
											increaseText: 'Increase ' + i18n.get('paxtypelookup.' + pax.code()) + ' number to',
											decreaseText: 'Decrease ' + i18n.get('paxtypelookup.' + pax.code()) + ' number to' },
										attr: { 'id': 'customSpnr' + $index() + pax.code() }" id="customSpnr0ADULT" readonly="readonly" role="spinbutton" tabindex="-1">
                              1
                             </span>
                             <a class="ui-spinner-button ui-spinner-down ui-corner-br" name="lowerCountSpinner" role="button" tabindex="0">
                              <span class="ui-icon ui-icon-triangle-1-s" name="lowerCount">
                               Decrease Adult number to 0
                              </span>
                             </a>
                             <a class="ui-spinner-button ui-spinner-up ui-corner-tr" name="upperCountSpinner" role="button" tabindex="0">
                              <span class="ui-icon ui-icon-triangle-1-n" name="upperCount">
                               Increase Adult number to 2
                              </span>
                             </a>
                            </span>
                           </div>
                          </div>
                          <!-- /ko -->
                          <!-- /ko -->
                          <!-- ko if: (pax.position == 'LEFT') -->
                          <!-- ko if: (defaultOpen || $parent.showMore) -->
                          <div class="row spinner-content">
                           <div class="spinner-label col-xs-7">
                            <span data-bind="i18n-text: { key: 'paxtypelookup.' + pax.code() }, attr: { 'id': pax.code() }" id="CHILD">
                             Child
                            </span>
                            <!--  ko if:pax.hasTooltip -->
                            <a class="fa fa-info-circle text-muted fs-14 resetbs" data-bind="attr:{'title':i18n.get('TextField-OB-173.' + pax.code())}" data-original-title="Passengers who have not reached their 12th birthday by the date of the last flight are considered child passengers. Children 7 years old and older can travel alone with the consent of their parents." data-placement="right" data-toggle="tooltip" tabindex="0" title="">
                            </a>
                            <!-- /ko -->
                            <small class="passengers-label">
                             <!--  ko if: pax.hasNotMinAge -->
                             <span data-bind="text:pax.minAge">
                              2
                             </span>
                             <!--  ko if: pax.hasNotMaxAge -->
                             <!-- /ko -->
                             <!--  ko ifnot:pax.hasNotMaxAge -->
                             -
                             <span data-bind="text:pax.maxAge">
                              11
                             </span>
                             <!-- /ko -->
                             <!-- /ko -->
                             <!--  ko ifnot:pax.hasNotMinAge -->
                             <!-- /ko -->
                            </small>
                           </div>
                           <div class="col-xs-5">
                            <span class="ui-spinner ui-widget ui-widget-content ui-corner-all" style="height: 40px;">
                             <span aria-valuemax="9" aria-valuemin="0" aria-valuenow="0" autocomplete="off" class="ui-spinner-input" data-bind="text: pax.count,
										customSpinnerForAdult: {
											value : pax.count,
											maxValue:pax.maxCount,
											increaseText: 'Increase ' + i18n.get('paxtypelookup.' + pax.code()) + ' number to',
											decreaseText: 'Decrease ' + i18n.get('paxtypelookup.' + pax.code()) + ' number to' },
										attr: { 'id': 'customSpnr' + $index() + pax.code() }" id="customSpnr1CHILD" readonly="readonly" role="spinbutton" tabindex="-1">
                              0
                             </span>
                             <a class="ui-spinner-button ui-spinner-down ui-corner-br" name="lowerCountSpinner" role="button" tabindex="0">
                              <span class="ui-icon ui-icon-triangle-1-s" name="lowerCount">
                               Decrease Child number to -1
                              </span>
                             </a>
                             <a class="ui-spinner-button ui-spinner-up ui-corner-tr" name="upperCountSpinner" role="button" tabindex="0">
                              <span class="ui-icon ui-icon-triangle-1-n" name="upperCount">
                               Increase Child number to 1
                              </span>
                             </a>
                            </span>
                           </div>
                          </div>
                          <!-- /ko -->
                          <!-- /ko -->
                          <!-- ko if: (pax.position == 'LEFT') -->
                          <!-- ko if: (defaultOpen || $parent.showMore) -->
                          <div class="row spinner-content">
                           <div class="spinner-label col-xs-7">
                            <span data-bind="i18n-text: { key: 'paxtypelookup.' + pax.code() }, attr: { 'id': pax.code() }" id="INFANT">
                             Infant
                            </span>
                            <!--  ko if:pax.hasTooltip -->
                            <a class="fa fa-info-circle text-muted fs-14 resetbs" data-bind="attr:{'title':i18n.get('TextField-OB-173.' + pax.code())}" data-original-title="Passengers 7 days old up to those who have not reached their 2nd birthday travel with infant status." data-placement="right" data-toggle="tooltip" tabindex="0" title="">
                            </a>
                            <!-- /ko -->
                            <small class="passengers-label">
                             <!--  ko if: pax.hasNotMinAge -->
                             <!-- /ko -->
                             <!--  ko ifnot:pax.hasNotMinAge -->
                             <span data-bind="i18n-text:{key: 'Label-OB-265', args:{'maxAge':(pax.maxAge() + 1)}}">
                              Under 2 years old
                             </span>
                             <!-- /ko -->
                            </small>
                           </div>
                           <div class="col-xs-5">
                            <span class="ui-spinner ui-widget ui-widget-content ui-corner-all" style="height: 40px;">
                             <span aria-valuemax="9" aria-valuemin="0" aria-valuenow="0" autocomplete="off" class="ui-spinner-input" data-bind="text: pax.count,
										customSpinnerForAdult: {
											value : pax.count,
											maxValue:pax.maxCount,
											increaseText: 'Increase ' + i18n.get('paxtypelookup.' + pax.code()) + ' number to',
											decreaseText: 'Decrease ' + i18n.get('paxtypelookup.' + pax.code()) + ' number to' },
										attr: { 'id': 'customSpnr' + $index() + pax.code() }" id="customSpnr2INFANT" readonly="readonly" role="spinbutton" tabindex="-1">
                              0
                             </span>
                             <a class="ui-spinner-button ui-spinner-down ui-corner-br" name="lowerCountSpinner" role="button" tabindex="0">
                              <span class="ui-icon ui-icon-triangle-1-s" name="lowerCount">
                               Decrease Infant number to -1
                              </span>
                             </a>
                             <a class="ui-spinner-button ui-spinner-up ui-corner-tr" name="upperCountSpinner" role="button" tabindex="0">
                              <span class="ui-icon ui-icon-triangle-1-n" name="upperCount">
                               Increase Infant number to 1
                              </span>
                             </a>
                            </span>
                           </div>
                          </div>
                          <!-- /ko -->
                          <!-- /ko -->
                          <!-- ko if: (pax.position == 'LEFT') -->
                          <!-- ko if: (defaultOpen || $parent.showMore) -->
                          <div class="row spinner-content">
                           <div class="spinner-label col-xs-7">
                            <span data-bind="i18n-text: { key: 'paxtypelookup.' + pax.code() }, attr: { 'id': pax.code() }" id="STUDENT">
                             Student
                            </span>
                            <!--  ko if:pax.hasTooltip -->
                            <a class="fa fa-info-circle text-muted fs-14 resetbs" data-bind="attr:{'title':i18n.get('TextField-OB-173.' + pax.code())}" data-original-title="To benefit from the student discount, students must be Miles&amp;Smiles members and create a student profile." data-placement="right" data-toggle="tooltip" tabindex="0" title="">
                            </a>
                            <!-- /ko -->
                            <small class="passengers-label">
                             <!--  ko if: pax.hasNotMinAge -->
                             <span data-bind="text:pax.minAge">
                              12
                             </span>
                             <!--  ko if: pax.hasNotMaxAge -->
                             <!-- /ko -->
                             <!--  ko ifnot:pax.hasNotMaxAge -->
                             -
                             <span data-bind="text:pax.maxAge">
                              34
                             </span>
                             <!-- /ko -->
                             <!-- /ko -->
                             <!--  ko ifnot:pax.hasNotMinAge -->
                             <!-- /ko -->
                            </small>
                           </div>
                           <div class="col-xs-5">
                            <span class="ui-spinner ui-widget ui-widget-content ui-corner-all" style="height: 40px;">
                             <span aria-valuemax="9" aria-valuemin="0" aria-valuenow="0" autocomplete="off" class="ui-spinner-input" data-bind="text: pax.count,
										customSpinnerForAdult: {
											value : pax.count,
											maxValue:pax.maxCount,
											increaseText: 'Increase ' + i18n.get('paxtypelookup.' + pax.code()) + ' number to',
											decreaseText: 'Decrease ' + i18n.get('paxtypelookup.' + pax.code()) + ' number to' },
										attr: { 'id': 'customSpnr' + $index() + pax.code() }" id="customSpnr3STUDENT" readonly="readonly" role="spinbutton" tabindex="-1">
                              0
                             </span>
                             <a class="ui-spinner-button ui-spinner-down ui-corner-br" name="lowerCountSpinner" role="button" tabindex="0">
                              <span class="ui-icon ui-icon-triangle-1-s" name="lowerCount">
                               Decrease Student number to -1
                              </span>
                             </a>
                             <a class="ui-spinner-button ui-spinner-up ui-corner-tr" name="upperCountSpinner" role="button" tabindex="0">
                              <span class="ui-icon ui-icon-triangle-1-n" name="upperCount">
                               Increase Student number to 1
                              </span>
                             </a>
                            </span>
                           </div>
                          </div>
                          <!-- /ko -->
                          <!-- /ko -->
                          <!-- /ko -->
                         </div>
                         <div class="col-xs-12 pax-list-half pos-inherit">
                          <!-- ko if: showMore -->
                          <!-- /ko -->
                         </div>
                        </div>
                       </div>
                       <!-- ko if: !awardTicketData -->
                       <div class="popup-wrapper-footer">
                        <!-- ko ifnot: showMore -->
                        <!-- ko if: !$root.tccBooking -->
                        <!-- /ko -->
                        <!-- /ko -->
                        <!-- ko if: showMore -->
                        <!-- /ko -->
                       </div>
                       <!-- /ko -->
                       <!-- /ko -->
                       <div class="done-wrape clearfix visible-xs visible-sm m-10">
                        <!-- ko if: $parent.quickSearch -->
                        <a aria-label="Search" class="btn btn-danger btn-lg fw700 btn-block bold" data-bind="togglepopup, click: $parent.quickSearch, i18n-text: { key: 'Label-Genel-415'}" tabindex="0">
                         Search
                        </a>
                        <!-- /ko -->
                       </div>
                      </div>
                     </div>
                    </div>
                   </div>
                   <!-- /ko -->
                  </bookerpaxpicker>
                 </div>
                </div>
               </div>
              </div>
              <!-- /ko -->
              <!-- /ko -->
              <!-- ko if: generalBookerType() == 'multi' -->
              <!-- /ko -->
              <!-- ko if: (generalBookerType() == 'round' || generalBookerType() == 'oneway') -->
              <!-- ko ifnot: previousSearchPanelVisible -->
              <div class="col-xs-12 fw700 fs-14 mt-10-mbl">
               <!-- ko if: $root.previousSearchesLinkVisible -->
               <a aria-label="Previous searches" class="previous-search-link" data-bind="click: function(data, event) { $root.togglePreviousSearchesSearchDataPanel() },i18n-text: { key: 'Link-OB-07'}" role="button" tabindex="0">
                Previous searches
               </a>
               <!-- /ko -->
              </div>
              <!-- /ko -->
              <!-- /ko -->
              <!-- ko if: previousSearchPanelVisible -->
              <!-- /ko -->
             </div>
            </div>
           </div>
           <!-- ko if: !isBookAFlightPage() -->
           <div class="tab-pane noborder fade" data-bind="jqValidation: validationContext" id="bookerManageTab">
            <div class="row tk-booker mt-15">
             <div class="col-xs-12 col-sm-5 mb-10">
              <div class="form-group animated delay21 flipInX error-overlay-wrapper">
               <label class="sr-only booker-text-label" data-bind="i18n-text: { key: 'Label-REZ-LOGIN-05'}" for="ticketNo">
                Ticket number or reservation code (PNR)
               </label>
               <input autocomplete="off" autocorrect="off" class="form-control tk-booker-input tk-text-input input-huge text-uppercase" data-bind="value : ticketNo, keyboard-input-filter : { allowed : ['default-keys','latin-alphabet', 'numbers'] }, valueUpdate: ['keyup', 'input'], event: { keyup :  changeToUp },keyboard-enter: openManageBooking, i18n-placeholder: { key: 'Label-REZ-LOGIN-05'}" data-validation='{"required":true,"validator":"pnrNoValidator","minlength":"6"}' id="ticketNo" maxlength="13" onfocusin="this.placeHolderCopy=this.placeholder;this.placeholder=''" onfocusout="this.placeholder=this.placeHolderCopy" placeholder="Ticket number or reservation code (PNR)" spellcheck="false" type="search"/>
              </div>
             </div>
             <div class="col-xs-12 col-sm-5 mb-10">
              <div class="form-group animated delay20 flipInX">
               <label class="sr-only booker-text-label" data-bind="i18n-text: { key: 'Label-REZ-LOGIN-03'}" for="surname">
                Passenger surname
               </label>
               <input autocomplete="off" autocorrect="off" class="form-control tk-booker-input tk-text-input input-huge text-uppercase" data-bind="value : surname, keyboard-input-filter : { allowed : ['default-keys','latin-alphabet'], turkishtoLatin : true }, valueUpdate: ['keyup', 'input'], event: { keyup :  changeToUp },keyboard-enter: openManageBooking, i18n-placeholder: { key: 'Label-REZ-LOGIN-03'}" data-validation='{"required":true,"validator":"minlength","minlength" : "2" ,"minlengthMsg":"Error-MS-MS04109726"}' id="surname" maxlength="49" onfocusin="this.placeHolderCopy=this.placeholder;this.placeholder=''" onfocusout="this.placeholder=this.placeHolderCopy" placeholder="Passenger surname" spellcheck="false" type="text"/>
              </div>
             </div>
             <div class="col-xs-12 col-sm-2 mb-10">
              <div class="animated delay22 flipInX">
               <a aria-label="Manage booking / Check-in" class="btn-input-red lh114 tk-booker-submit" data-bind="click: openManageBooking" name="submit" role="button" tabindex="0">
                <span class="visible-xs" data-bind="i18n-text: { key: 'Label-REZ-LOGIN-2989' }">
                 Manage booking / Check-in
                </span>
                <i class="search-flights-right-arrow hidden-xs">
                </i>
               </a>
              </div>
             </div>
            </div>
            <div class="row">
             <div class="col-xs-12 col-sm-6">
              <!-- ko if: !isMobile() -->
              <div class="pull-left hidden-desktop">
               <a aria-label="What are reservation codes and ticket numbers?" class="fw700" data-bind="i18n-text: { key: 'Label-REZ-LOGIN-1789' }, click: $root.openPnrUsageDescriptor" href="#">
                What are reservation codes and ticket numbers?
               </a>
              </div>
              <!-- /ko -->
              <!-- ko if: isMobile() -->
              <!-- /ko -->
             </div>
             <div class="col-xs-12 col-sm-6">
              <!-- ko if: !isMobile() -->
              <div class="pull-right hidden-desktop text-right">
               <a aria-label="Online/mobile check-in facilities at the airports" class="fw700" data-bind="i18n-text: { key: 'Label-REZ-LOGIN-1790' }, click: function(){ $root.openCheckinOptions(true); }" href="#">
                Online/mobile check-in facilities at the airports
               </a>
              </div>
              <!-- /ko -->
              <!-- ko if: isMobile() -->
              <!-- /ko -->
             </div>
            </div>
           </div>
           <div class="tab-pane noborder fade deparr-tablet" id="bookerDeparTab">
            <div class="row tk-booker animated delay20 flipInX mt-15">
             <div class="col-xs-12 col-md-2 col-sm-3">
              <div class="form-group" data-bind="with: deparrQueryTypes">
               <label class="sr-only" data-bind="i18n-text: { key: 'ScreenReader-FS-1.searchpref' }" for="thy-121" id="search_pref">
                Use to find the flight:
               </label>
               <select aria-labelledby="search_pref" class="formselect select-block show-menu-arrow showoptionvalue dropdown-bg-metalicblue option-text-white depp_arr_font_hot_fix tk-booker-input flight-status-select-btn" data-bind=" options: items,
									      						value: selectedItem,
									      						optionsText: 'name',
									      						optionsValue: 'code',
									      						event :{change : onChange} , etrselect" data-style="btn-txt-input btn-primary" data-width="100%" style="display: none;">
                <option value="ARV">
                 Arrival
                </option>
                <option value="DEP">
                 Departure
                </option>
                <option value="FLG">
                 Flight no.
                </option>
                <option value="ROU">
                 Route
                </option>
               </select>
               <div class="btn-group bootstrap-select formselect select-block show-menu-arrow showoptionvalue dropdown-bg-metalicblue option-text-white depp_arr_font_hot_fix tk-booker-input flight-status-select-btn" style="width: 100%;">
                <button class="btn dropdown-toggle selectpicker btn-txt-input btn-primary" data-toggle="dropdown" id="thy-121" title="Flight no." type="button">
                 <span class="filter-option pull-left">
                  Flight no.
                 </span>
                 <span class="caret">
                 </span>
                </button>
                <div class="dropdown-menu open">
                 <ul class="dropdown-menu inner selectpicker" role="menu">
                  <li rel="0">
                   <a class="" style="" tabindex="0">
                    <span class="text">
                     Arrival
                    </span>
                    <i class="glyphicon glyphicon-ok icon-ok check-mark">
                    </i>
                   </a>
                  </li>
                  <li rel="1">
                   <a class="" style="" tabindex="0">
                    <span class="text">
                     Departure
                    </span>
                    <i class="glyphicon glyphicon-ok icon-ok check-mark">
                    </i>
                   </a>
                  </li>
                  <li class="selected" rel="2">
                   <a class="" style="" tabindex="0">
                    <span class="text">
                     Flight no.
                    </span>
                    <i class="glyphicon glyphicon-ok icon-ok check-mark">
                    </i>
                   </a>
                  </li>
                  <li rel="3">
                   <a class="" style="" tabindex="0">
                    <span class="text">
                     Route
                    </span>
                    <i class="glyphicon glyphicon-ok icon-ok check-mark">
                    </i>
                   </a>
                  </li>
                 </ul>
                </div>
               </div>
              </div>
             </div>
             <div class="col-xs-12 col-sm-5 col-md-6">
              <div class="row">
               <div class="col-xs-12 enter-flight-number-input" data-bind="visible: deparrQueryTypes().flgSelected()" style="">
                <div class="form-group">
                 <div class="select-flight-group">
                  <span class="tk-placeholder pl-5-mbl" data-bind="i18n-text: { key: 'Label-KV-01'}">
                   TK
                  </span>
                  <!-- Destek-RD3002
														Added label and aria-labelledby attribute to membership number field
														-->
                  <label class="sr-only booker-text-label" data-bind="i18n-text: { key: 'Label-KV-2020'}" for="membershipNumber" id="member_status">
                   Enter flight number
                  </label>
                  <input aria-labelledby="member_status" class="form-control input-huge fw700 tk-booker-select" data-bind="value : flightNumber, numeric-input:{minDigits: 0}, event: { blur : formatFlightNumber }, valueUpdate: 'afterkeydown', keyboard-enter: findFlights, i18n-placeholder: { key: 'Label-KV-2020' }" data-validation='{"required":true,"validator":"rangelength","range":[4,4]}' id="membershipNumber" maxlength="4" onfocusin="this.placeHolderCopy=this.placeholder;this.placeholder=''" onfocusout="this.placeholder=this.placeHolderCopy" placeholder="Enter flight number" type="text"/>
                 </div>
                </div>
               </div>
               <!-- DEPARTURE -->
               <div class="col-xs-12 col-md-12" data-bind="click:focusInputDeparture, visible: deparrQueryTypes().depSelected(), with: departureQueryModel, css: departureQueryModel().selectCss" id="deparrPortSelect" style="display: none;">
                <div class="form-group">
                 <!-- Destek-RD3003
														Added label and aria-labelledby attribute to the from field
														 -->
                 <label class="sr-only booker-text-label active" data-bind="i18n-text: { key: 'Label-OB-61'}" for="thy-379" id="from_status">
                  From
                 </label>
                 <select aria-labelledby="from_status" class="show-menu-arrow tk-booker-input selectpicker" data-bind="value:fromTo, portselect:{'from':true,'disableCityOption': true,'init':$root.initialDepDeparture}, valueUpdate: ['change','afterkeydown', 'input'], event:{change: selectChange}" data-style="btn-txt-input btn-width" data-width="100%" id="from_status_departure" style="display: none;">
                  <option data-content="&lt;span class='empty'&gt;From&lt;/span&gt;&lt;i class='glyphicon icon-plane'&gt;&lt;/i&gt;" value="">
                  </option>
                  <optgroup label="AIRPORTS">
                   <option data-content="&lt;i class='glyphicon icon-plane'&gt;&lt;/i&gt;&lt;span class='label-short'&gt;Tel Aviv&lt;/span&gt;&lt;span class='label-full 4'&gt;&lt;span portselect-id='portTXTTLV'&gt;Ben Gurion International Airport&lt;/span&gt;&lt;span&gt; (TLV)&lt;/span&gt;&lt;span portselect-id='cityTLV'&gt;, Tel Aviv&lt;/span&gt;&lt;/span&gt;&lt;span class='label-seperator'&gt;, &lt;/span&gt;&lt;span portselect-id='countryTLV' class='label-subtext'&gt;Israel&lt;/span&gt;" data-value='{"code":"TLV","name":"Ben Gurion International Airport","port":{"code":"TLV","name":"Ben Gurion International Airport","data":{}},"city":{"code":"TLV","name":"Tel Aviv","data":{}},"country":{"code":"IL","name":"Israel","data":{}},"region":{"code":"ME","name":"","data":{}},"domestic":false,"awardTicket":true,"starAwardTicket":true,"hideInBooker":false,"spaOrSpaArrival":false,"ports":[],"coordinate":{"lat":32.014167,"lon":34.886667},"type":"port","multi":false}' value="TLV">
                   </option>
                  </optgroup>
                 </select>
                 <div class="btn-group bootstrap-select show-menu-arrow tk-booker-input" style="width: 100%;">
                  <button aria-label="Click to find departure point." class="btn dropdown-toggle selectpicker btn-txt-input btn-width" data-id="from_status_departure" data-toggle="dropdown" id="thy-379" type="button">
                   <span aria-hidden="true" class="filter-option pull-left">
                    <i class="glyphicon icon-plane">
                    </i>
                    <span class="label-short">
                     Tel Aviv
                    </span>
                    <span class="label-full 4">
                     <span portselect-id="portTXTTLV">
                      Ben Gurion Internat...
                     </span>
                     <span>
                      (TLV)
                     </span>
                     <span portselect-id="cityTLV">
                     </span>
                    </span>
                    <span class="label-seperator">
                     ,
                    </span>
                    <span class="label-subtext" portselect-id="countryTLV">
                    </span>
                   </span>
                   <span class="caret">
                   </span>
                  </button>
                  <div class="dropdown-menu open">
                   <div class="bootstrap-select-searchbox">
                    <input aria-label="Enter at least two characters to perform a search. Search results will be shown after entering the second character. Use the up and down buttons to make a selection from the results." autocapitalize="off" autocomplete="off" autocorrect="off" class="input-block-level form-control" spellcheck="false" type="text"/>
                   </div>
                   <ul class="dropdown-menu inner selectpicker" role="menu">
                    <li rel="0">
                     <a class="" style="" tabindex="0">
                      <span class="empty">
                       From
                      </span>
                      <i class="glyphicon icon-plane">
                      </i>
                      <i class="glyphicon glyphicon-ok icon-ok check-mark">
                      </i>
                     </a>
                    </li>
                    <li class="selected" rel="1">
                     <div class="div-contain">
                      <div class="divider">
                      </div>
                     </div>
                     <dt>
                      <span class="text">
                       AIRPORTS
                      </span>
                     </dt>
                     <a class="opt" style="" tabindex="0">
                      <i class="glyphicon icon-plane">
                      </i>
                      <span class="label-short">
                       Tel Aviv
                      </span>
                      <span class="label-full 4">
                       <span portselect-id="portTXTTLV">
                        Ben Gurion International Airport
                       </span>
                       <span>
                        (TLV)
                       </span>
                       <span portselect-id="cityTLV">
                        , Tel Aviv
                       </span>
                      </span>
                      <span class="label-seperator">
                       ,
                      </span>
                      <span class="label-subtext" portselect-id="countryTLV">
                       Israel
                      </span>
                      <i class="glyphicon glyphicon-ok icon-ok check-mark">
                      </i>
                     </a>
                    </li>
                   </ul>
                  </div>
                 </div>
                </div>
               </div>
               <div class="col-xs-12 col-md-6 col-md-12" data-bind="with: departureQueryModel, visible: departureQueryModel().isHubAirport, css: departureQueryModel().selectCss" id="deparrTimePeriod" style="display: none;">
                <div class="form-group timeperiods" data-bind="with: $parent.depTimePeriodModel">
                 <select class="selectpicker select-block show-menu-arrow" data-bind="value: timePeriod, etrtimeperiodselect:{optionsData: timePeriods, initPeriod: initPeriod, queryType: 'DEP'}" data-live-search="false" data-selected-text-format="values" data-showsubtext="false" data-style="btn-txt-input btn-primary timeperiods_hot_fix tk-booker-input" data-width="100%" name="herolist" style="display: none;">
                  <option data-content="&lt;span class='label-title'&gt;Departure time&lt;/span&gt;&lt;span class='label-short'&gt;Late Night&lt;/span&gt;&lt;span class='label-full'&gt;00:00-06:00&lt;/span&gt;" value="00:00-06:00">
                   Late Night
                  </option>
                  <option data-content="&lt;span class='label-title'&gt;Departure time&lt;/span&gt;&lt;span class='label-short'&gt;Late Night&lt;/span&gt;&lt;span class='label-full'&gt;00:00-06:00&lt;/span&gt;" value="00:00-06:00">
                   Late Night
                  </option>
                  <option data-content="&lt;span class='label-title'&gt;Departure time&lt;/span&gt;&lt;span class='label-short'&gt;Morning&lt;/span&gt;&lt;span class='label-full'&gt;06:00-10:00&lt;/span&gt;" value="06:00-10:00">
                   Morning
                  </option>
                  <option data-content="&lt;span class='label-title'&gt;Departure time&lt;/span&gt;&lt;span class='label-short'&gt;Midday&lt;/span&gt;&lt;span class='label-full'&gt;10:00-14:00&lt;/span&gt;" value="10:00-14:00">
                   Midday
                  </option>
                  <option data-content="&lt;span class='label-title'&gt;Departure time&lt;/span&gt;&lt;span class='label-short'&gt;Afternoon&lt;/span&gt;&lt;span class='label-full'&gt;14:00-18:00&lt;/span&gt;" value="14:00-18:00">
                   Afternoon
                  </option>
                  <option data-content="&lt;span class='label-title'&gt;Departure time&lt;/span&gt;&lt;span class='label-short'&gt;Evening&lt;/span&gt;&lt;span class='label-full'&gt;18:00-22:00&lt;/span&gt;" value="18:00-22:00">
                   Evening
                  </option>
                  <option data-content="&lt;span class='label-title'&gt;Departure time&lt;/span&gt;&lt;span class='label-short'&gt;Night&lt;/span&gt;&lt;span class='label-full'&gt;22:00-23:59&lt;/span&gt;" value="22:00-23:59">
                   Night
                  </option>
                 </select>
                 <div class="btn-group bootstrap-select select-block show-menu-arrow" style="width: 100%;">
                  <button class="btn dropdown-toggle selectpicker btn-txt-input btn-primary timeperiods_hot_fix tk-booker-input" data-toggle="dropdown" title="" type="button">
                   <span class="filter-option pull-left">
                    <span class="label-title">
                     Departure time
                    </span>
                    <span class="label-short">
                     Evening
                    </span>
                    <span class="label-full">
                     18:00-22:00
                    </span>
                   </span>
                   <span class="caret">
                   </span>
                  </button>
                  <div class="dropdown-menu open">
                   <ul class="dropdown-menu inner selectpicker" role="menu">
                    <li rel="0">
                     <a class="" style="" tabindex="0">
                      <span class="label-title">
                       Departure time
                      </span>
                      <span class="label-short">
                       Late Night
                      </span>
                      <span class="label-full">
                       00:00-06:00
                      </span>
                      <i class="glyphicon glyphicon-ok icon-ok check-mark">
                      </i>
                     </a>
                    </li>
                    <li rel="1">
                     <a class="" style="" tabindex="0">
                      <span class="label-title">
                       Departure time
                      </span>
                      <span class="label-short">
                       Late Night
                      </span>
                      <span class="label-full">
                       00:00-06:00
                      </span>
                      <i class="glyphicon glyphicon-ok icon-ok check-mark">
                      </i>
                     </a>
                    </li>
                    <li rel="2">
                     <a class="" style="" tabindex="0">
                      <span class="label-title">
                       Departure time
                      </span>
                      <span class="label-short">
                       Morning
                      </span>
                      <span class="label-full">
                       06:00-10:00
                      </span>
                      <i class="glyphicon glyphicon-ok icon-ok check-mark">
                      </i>
                     </a>
                    </li>
                    <li rel="3">
                     <a class="" style="" tabindex="0">
                      <span class="label-title">
                       Departure time
                      </span>
                      <span class="label-short">
                       Midday
                      </span>
                      <span class="label-full">
                       10:00-14:00
                      </span>
                      <i class="glyphicon glyphicon-ok icon-ok check-mark">
                      </i>
                     </a>
                    </li>
                    <li rel="4">
                     <a class="" style="" tabindex="0">
                      <span class="label-title">
                       Departure time
                      </span>
                      <span class="label-short">
                       Afternoon
                      </span>
                      <span class="label-full">
                       14:00-18:00
                      </span>
                      <i class="glyphicon glyphicon-ok icon-ok check-mark">
                      </i>
                     </a>
                    </li>
                    <li class="selected" rel="5">
                     <a class="" style="" tabindex="0">
                      <span class="label-title">
                       Departure time
                      </span>
                      <span class="label-short">
                       Evening
                      </span>
                      <span class="label-full">
                       18:00-22:00
                      </span>
                      <i class="glyphicon glyphicon-ok icon-ok check-mark">
                      </i>
                     </a>
                    </li>
                    <li rel="6">
                     <a class="" style="" tabindex="0">
                      <span class="label-title">
                       Departure time
                      </span>
                      <span class="label-short">
                       Night
                      </span>
                      <span class="label-full">
                       22:00-23:59
                      </span>
                      <i class="glyphicon glyphicon-ok icon-ok check-mark">
                      </i>
                     </a>
                    </li>
                   </ul>
                  </div>
                 </div>
                </div>
               </div>
               <!-- ARRIVIAL -->
               <div class="col-xs-12 col-md-12" data-bind="visible: deparrQueryTypes().arvSelected(), with: arrivalQueryModel, css: arrivalQueryModel().selectCss" id="arrPortSelect" style="display: none;">
                <div class="form-group mb-10">
                 <!-- Destek-RD3004
														Added label and aria-labelledby attribute to the to field
														-->
                 <label class="sr-only booker-text-label active" data-bind="i18n-text: { key: 'Label-OB-60'}" for="thy-993" id="to_status">
                  To
                 </label>
                 <select aria-labelledby="to_status" class="show-menu-arrow tk-booker-input selectpicker" data-bind="value:fromTo, portselect:{'from':false,'disableCityOption': true,'init':$root.initialArrDeparture}, valueUpdate: ['change','afterkeydown', 'input'], event:{change: selectChange}" data-style="btn-txt-input btn-width wide_dropdown" data-width="100%" id="to_status_arrival" style="display: none;">
                  <option data-content="&lt;span class='empty'&gt;To&lt;/span&gt;&lt;i class='glyphicon icon-plane2'&gt;&lt;/i&gt;" value="">
                  </option>
                  <optgroup label="AIRPORTS">
                   <option data-content="&lt;i class='glyphicon icon-plane2'&gt;&lt;/i&gt;&lt;span class='label-short'&gt;Tel Aviv&lt;/span&gt;&lt;span class='label-full 4'&gt;&lt;span portselect-id='portTXTTLV'&gt;Ben Gurion International Airport&lt;/span&gt;&lt;span&gt; (TLV)&lt;/span&gt;&lt;span portselect-id='cityTLV'&gt;, Tel Aviv&lt;/span&gt;&lt;/span&gt;&lt;span class='label-seperator'&gt;, &lt;/span&gt;&lt;span portselect-id='countryTLV' class='label-subtext'&gt;Israel&lt;/span&gt;" data-value='{"code":"TLV","name":"Ben Gurion International Airport","port":{"code":"TLV","name":"Ben Gurion International Airport","data":{}},"city":{"code":"TLV","name":"Tel Aviv","data":{}},"country":{"code":"IL","name":"Israel","data":{}},"region":{"code":"ME","name":"","data":{}},"domestic":false,"awardTicket":true,"starAwardTicket":true,"hideInBooker":false,"spaOrSpaArrival":false,"ports":[],"coordinate":{"lat":32.014167,"lon":34.886667},"type":"port","multi":false}' value="TLV">
                   </option>
                  </optgroup>
                 </select>
                 <div class="btn-group bootstrap-select show-menu-arrow tk-booker-input" style="width: 100%;">
                  <button aria-expanded="false" aria-label="Click to find destination." class="btn dropdown-toggle selectpicker btn-txt-input btn-width wide_dropdown" data-id="to_status_arrival" data-toggle="dropdown" id="thy-993" type="button">
                   <span aria-hidden="true" class="filter-option pull-left">
                    <i class="glyphicon icon-plane2">
                    </i>
                    <span class="label-short">
                     Tel Aviv
                    </span>
                    <span class="label-full 4">
                     <span portselect-id="portTXTTLV">
                      Ben Gurion Internat...
                     </span>
                     <span>
                      (TLV)
                     </span>
                     <span portselect-id="cityTLV">
                     </span>
                    </span>
                    <span class="label-seperator">
                     ,
                    </span>
                    <span class="label-subtext" portselect-id="countryTLV">
                    </span>
                   </span>
                   <span class="caret">
                   </span>
                  </button>
                  <div class="dropdown-menu open">
                   <div class="bootstrap-select-searchbox">
                    <input aria-label="Enter at least two characters to perform a search. Search results will be shown after entering the second character. Use the up and down buttons to make a selection from the results." autocapitalize="off" autocomplete="off" autocorrect="off" class="input-block-level form-control" spellcheck="false" type="text"/>
                   </div>
                   <ul class="dropdown-menu inner selectpicker" role="menu">
                    <li rel="0">
                     <a class="" style="" tabindex="0">
                      <span class="empty">
                       To
                      </span>
                      <i class="glyphicon icon-plane2">
                      </i>
                      <i class="glyphicon glyphicon-ok icon-ok check-mark">
                      </i>
                     </a>
                    </li>
                    <li class="selected" rel="1">
                     <div class="div-contain">
                      <div class="divider">
                      </div>
                     </div>
                     <dt>
                      <span class="text">
                       AIRPORTS
                      </span>
                     </dt>
                     <a class="opt" style="" tabindex="0">
                      <i class="glyphicon icon-plane2">
                      </i>
                      <span class="label-short">
                       Tel Aviv
                      </span>
                      <span class="label-full 4">
                       <span portselect-id="portTXTTLV">
                        Ben Gurion International Airport
                       </span>
                       <span>
                        (TLV)
                       </span>
                       <span portselect-id="cityTLV">
                        , Tel Aviv
                       </span>
                      </span>
                      <span class="label-seperator">
                       ,
                      </span>
                      <span class="label-subtext" portselect-id="countryTLV">
                       Israel
                      </span>
                      <i class="glyphicon glyphicon-ok icon-ok check-mark">
                      </i>
                     </a>
                    </li>
                   </ul>
                  </div>
                 </div>
                </div>
               </div>
               <div class="col-md-6 col-xs-12 col-md-12" data-bind="with: arrivalQueryModel, visible: arrivalQueryModel().isHubAirport, css: arrivalQueryModel().selectCss" id="arrTimePeriod" style="display: none;">
                <div class="form-group timeperiods" data-bind="with: $parent.arrTimePeriodModel">
                 <select class="selectpicker select-block show-menu-arrow" data-bind="value: timePeriod, etrtimeperiodselect:{optionsData: timePeriods, initPeriod: initPeriod, queryType: 'ARV'}" data-live-search="false" data-selected-text-format="values" data-showsubtext="false" data-style="btn-txt-input btn-primary timeperiods_hot_fix tk-booker-input" data-width="100%" name="herolist" style="display: none;">
                  <option data-content="&lt;span class='label-title'&gt;Arrival time&lt;/span&gt;&lt;span class='label-short'&gt;Late Night&lt;/span&gt;&lt;span class='label-full'&gt;00:00-06:00&lt;/span&gt;" value="00:00-06:00">
                   Late Night
                  </option>
                  <option data-content="&lt;span class='label-title'&gt;Arrival time&lt;/span&gt;&lt;span class='label-short'&gt;Late Night&lt;/span&gt;&lt;span class='label-full'&gt;00:00-06:00&lt;/span&gt;" value="00:00-06:00">
                   Late Night
                  </option>
                  <option data-content="&lt;span class='label-title'&gt;Arrival time&lt;/span&gt;&lt;span class='label-short'&gt;Morning&lt;/span&gt;&lt;span class='label-full'&gt;06:00-10:00&lt;/span&gt;" value="06:00-10:00">
                   Morning
                  </option>
                  <option data-content="&lt;span class='label-title'&gt;Arrival time&lt;/span&gt;&lt;span class='label-short'&gt;Midday&lt;/span&gt;&lt;span class='label-full'&gt;10:00-14:00&lt;/span&gt;" value="10:00-14:00">
                   Midday
                  </option>
                  <option data-content="&lt;span class='label-title'&gt;Arrival time&lt;/span&gt;&lt;span class='label-short'&gt;Afternoon&lt;/span&gt;&lt;span class='label-full'&gt;14:00-18:00&lt;/span&gt;" value="14:00-18:00">
                   Afternoon
                  </option>
                  <option data-content="&lt;span class='label-title'&gt;Arrival time&lt;/span&gt;&lt;span class='label-short'&gt;Evening&lt;/span&gt;&lt;span class='label-full'&gt;18:00-22:00&lt;/span&gt;" value="18:00-22:00">
                   Evening
                  </option>
                  <option data-content="&lt;span class='label-title'&gt;Arrival time&lt;/span&gt;&lt;span class='label-short'&gt;Night&lt;/span&gt;&lt;span class='label-full'&gt;22:00-23:59&lt;/span&gt;" value="22:00-23:59">
                   Night
                  </option>
                 </select>
                 <div class="btn-group bootstrap-select select-block show-menu-arrow" style="width: 100%;">
                  <button class="btn dropdown-toggle selectpicker btn-txt-input btn-primary timeperiods_hot_fix tk-booker-input" data-toggle="dropdown" title="" type="button">
                   <span class="filter-option pull-left">
                    <span class="label-title">
                     Arrival time
                    </span>
                    <span class="label-short">
                     Evening
                    </span>
                    <span class="label-full">
                     18:00-22:00
                    </span>
                   </span>
                   <span class="caret">
                   </span>
                  </button>
                  <div class="dropdown-menu open">
                   <ul class="dropdown-menu inner selectpicker" role="menu">
                    <li rel="0">
                     <a class="" style="" tabindex="0">
                      <span class="label-title">
                       Arrival time
                      </span>
                      <span class="label-short">
                       Late Night
                      </span>
                      <span class="label-full">
                       00:00-06:00
                      </span>
                      <i class="glyphicon glyphicon-ok icon-ok check-mark">
                      </i>
                     </a>
                    </li>
                    <li rel="1">
                     <a class="" style="" tabindex="0">
                      <span class="label-title">
                       Arrival time
                      </span>
                      <span class="label-short">
                       Late Night
                      </span>
                      <span class="label-full">
                       00:00-06:00
                      </span>
                      <i class="glyphicon glyphicon-ok icon-ok check-mark">
                      </i>
                     </a>
                    </li>
                    <li rel="2">
                     <a class="" style="" tabindex="0">
                      <span class="label-title">
                       Arrival time
                      </span>
                      <span class="label-short">
                       Morning
                      </span>
                      <span class="label-full">
                       06:00-10:00
                      </span>
                      <i class="glyphicon glyphicon-ok icon-ok check-mark">
                      </i>
                     </a>
                    </li>
                    <li rel="3">
                     <a class="" style="" tabindex="0">
                      <span class="label-title">
                       Arrival time
                      </span>
                      <span class="label-short">
                       Midday
                      </span>
                      <span class="label-full">
                       10:00-14:00
                      </span>
                      <i class="glyphicon glyphicon-ok icon-ok check-mark">
                      </i>
                     </a>
                    </li>
                    <li rel="4">
                     <a class="" style="" tabindex="0">
                      <span class="label-title">
                       Arrival time
                      </span>
                      <span class="label-short">
                       Afternoon
                      </span>
                      <span class="label-full">
                       14:00-18:00
                      </span>
                      <i class="glyphicon glyphicon-ok icon-ok check-mark">
                      </i>
                     </a>
                    </li>
                    <li class="selected" rel="5">
                     <a class="" style="" tabindex="0">
                      <span class="label-title">
                       Arrival time
                      </span>
                      <span class="label-short">
                       Evening
                      </span>
                      <span class="label-full">
                       18:00-22:00
                      </span>
                      <i class="glyphicon glyphicon-ok icon-ok check-mark">
                      </i>
                     </a>
                    </li>
                    <li rel="6">
                     <a class="" style="" tabindex="0">
                      <span class="label-title">
                       Arrival time
                      </span>
                      <span class="label-short">
                       Night
                      </span>
                      <span class="label-full">
                       22:00-23:59
                      </span>
                      <i class="glyphicon glyphicon-ok icon-ok check-mark">
                      </i>
                     </a>
                    </li>
                   </ul>
                  </div>
                 </div>
                </div>
               </div>
               <!-- ROUTE BEGIN -->
               <!-- DEPARTURE -->
               <div class="col-xs-12 col-md-6" data-bind="visible: deparrQueryTypes().rouSelected(), with: routeQueryModel" id="deparrFrom" style="display: none;">
                <div class="form-group">
                 <!-- Destek-RD3005
														Added label and aria-labelledby attribute to the route from field
														 -->
                 <label class="sr-only booker-text-label active" data-bind="i18n-text: { key: 'Label-OB-61'}" for="thy-307" id="from_status_route">
                  From
                 </label>
                 <select aria-labelledby="from_status_route" class="selectpicker select-block show-menu-arrow tk-booker-input" data-bind="value:from, portselect:{'from':true,'selectedPortData': selectedAllPortsInCityFrom,'init':$root.initialDeparture}" data-style="btn-txt-input btn-width" data-width="100%" id="from-route" style="display: none;">
                  <option data-content="&lt;span class='empty'&gt;From&lt;/span&gt;&lt;i class='glyphicon icon-plane'&gt;&lt;/i&gt;" value="">
                  </option>
                  <optgroup label="AIRPORTS">
                   <option data-content="&lt;i class='glyphicon icon-plane'&gt;&lt;/i&gt;&lt;span class='label-short'&gt;Tel Aviv&lt;/span&gt;&lt;span class='label-full 4'&gt;&lt;span portselect-id='portTXTTLV'&gt;Ben Gurion International Airport&lt;/span&gt;&lt;span&gt; (TLV)&lt;/span&gt;&lt;span portselect-id='cityTLV'&gt;, Tel Aviv&lt;/span&gt;&lt;/span&gt;&lt;span class='label-seperator'&gt;, &lt;/span&gt;&lt;span portselect-id='countryTLV' class='label-subtext'&gt;Israel&lt;/span&gt;" data-value='{"code":"TLV","name":"Ben Gurion International Airport","port":{"code":"TLV","name":"Ben Gurion International Airport","data":{}},"city":{"code":"TLV","name":"Tel Aviv","data":{}},"country":{"code":"IL","name":"Israel","data":{}},"region":{"code":"ME","name":"","data":{}},"domestic":false,"awardTicket":true,"starAwardTicket":true,"hideInBooker":false,"spaOrSpaArrival":false,"ports":[],"coordinate":{"lat":32.014167,"lon":34.886667},"type":"port","multi":false}' value="TLV">
                   </option>
                  </optgroup>
                 </select>
                 <div class="btn-group bootstrap-select select-block show-menu-arrow tk-booker-input" style="width: 100%;">
                  <button aria-label="Click to find departure point." class="btn dropdown-toggle selectpicker btn-txt-input btn-width" data-id="from-route" data-toggle="dropdown" id="thy-307" type="button">
                   <span aria-hidden="true" class="filter-option pull-left">
                    <i class="glyphicon icon-plane">
                    </i>
                    <span class="label-short">
                     Tel Aviv
                    </span>
                    <span class="label-full 4">
                     <span portselect-id="portTXTTLV">
                      Ben Gurion Internat...
                     </span>
                     <span>
                      (TLV)
                     </span>
                     <span portselect-id="cityTLV">
                     </span>
                    </span>
                    <span class="label-seperator">
                     ,
                    </span>
                    <span class="label-subtext" portselect-id="countryTLV">
                    </span>
                   </span>
                   <span class="caret">
                   </span>
                  </button>
                  <div class="dropdown-menu open">
                   <div class="bootstrap-select-searchbox">
                    <input aria-label="Enter at least two characters to perform a search. Search results will be shown after entering the second character. Use the up and down buttons to make a selection from the results." autocapitalize="off" autocomplete="off" autocorrect="off" class="input-block-level form-control" spellcheck="false" type="text"/>
                   </div>
                   <ul class="dropdown-menu inner selectpicker" role="menu">
                    <li rel="0">
                     <a class="" style="" tabindex="0">
                      <span class="empty">
                       From
                      </span>
                      <i class="glyphicon icon-plane">
                      </i>
                      <i class="glyphicon glyphicon-ok icon-ok check-mark">
                      </i>
                     </a>
                    </li>
                    <li class="selected" rel="1">
                     <div class="div-contain">
                      <div class="divider">
                      </div>
                     </div>
                     <dt>
                      <span class="text">
                       AIRPORTS
                      </span>
                     </dt>
                     <a class="opt" style="" tabindex="0">
                      <i class="glyphicon icon-plane">
                      </i>
                      <span class="label-short">
                       Tel Aviv
                      </span>
                      <span class="label-full 4">
                       <span portselect-id="portTXTTLV">
                        Ben Gurion International Airport
                       </span>
                       <span>
                        (TLV)
                       </span>
                       <span portselect-id="cityTLV">
                        , Tel Aviv
                       </span>
                      </span>
                      <span class="label-seperator">
                       ,
                      </span>
                      <span class="label-subtext" portselect-id="countryTLV">
                       Israel
                      </span>
                      <i class="glyphicon glyphicon-ok icon-ok check-mark">
                      </i>
                     </a>
                    </li>
                   </ul>
                  </div>
                 </div>
                </div>
               </div>
               <!-- ARRIVIAL -->
               <div class="col-xs-12 col-md-6" data-bind="visible: deparrQueryTypes().rouSelected(), with: routeQueryModel" id="deparrTo" style="display: none;">
                <div class="form-group">
                 <!-- Destek-RD3006
														Added label and aria-labelledby attribute to the route to field
														 -->
                 <label class="sr-only booker-text-label" data-bind="i18n-text: { key: 'Label-OB-60'}" for="thy-271" id="to_status_route">
                  To
                 </label>
                 <select aria-labelledby="to_status_route" class="selectpicker select-block show-menu-arrow tk-booker-input" data-bind="value:to, portselect:{inputFocusHandler:$root.inputFocusHandler,'from':false,'selectedPortData': selectedAllPortsInCityTo,'init':$root.initialArrival}" data-style="btn-txt-input btn-width" data-width="100%" id="to-route" style="display: none;">
                  <option data-content="&lt;span class='empty'&gt;To&lt;/span&gt;&lt;i class='glyphicon icon-plane2'&gt;&lt;/i&gt;" value="">
                  </option>
                 </select>
                 <div class="btn-group bootstrap-select select-block show-menu-arrow tk-booker-input" style="width: 100%;">
                  <button aria-label="Click to find destination." class="btn dropdown-toggle selectpicker btn-txt-input btn-width" data-id="to-route" data-toggle="dropdown" id="thy-271" title="" type="button">
                   <span aria-hidden="true" class="filter-option pull-left">
                    <span class="empty">
                     To
                    </span>
                    <i class="glyphicon icon-plane2">
                    </i>
                   </span>
                   <span class="caret">
                   </span>
                  </button>
                  <div class="dropdown-menu open">
                   <div class="bootstrap-select-searchbox">
                    <input aria-label="Enter at least two characters to perform a search. Search results will be shown after entering the second character. Use the up and down buttons to make a selection from the results." autocapitalize="off" autocomplete="off" autocorrect="off" class="input-block-level form-control" spellcheck="false" type="text"/>
                   </div>
                   <ul class="dropdown-menu inner selectpicker" role="menu">
                    <li class="selected" rel="0">
                     <a aria-label="To" class="" style="" tabindex="0">
                      <span class="empty">
                       To
                      </span>
                      <i class="glyphicon icon-plane2">
                      </i>
                      <i class="glyphicon glyphicon-ok icon-ok check-mark">
                      </i>
                     </a>
                    </li>
                   </ul>
                  </div>
                 </div>
                </div>
               </div>
               <!-- ROUTE END -->
              </div>
             </div>
             <div class="col-xs-12 col-sm-4">
              <div class="row">
               <div class="col-sm-8 width-r-66 col-xs-12">
                <div class="form-group mb-10-mbl" data-bind="with: datePickerSelect" id="datePickerSelect">
                 <label class="sr-only" data-bind="i18n-text: { key: 'Label-CAMS-103'}" for="thy-622" id="date_status">
                  Label-CAMS-103
                 </label>
                 <select aria-labelledby="date_status" class="selectpicker select-block show-menu-arrow dropdown-bg-metalicblue depp_arr_date_hot_fix depp_arr_font_hot_fix wide-text tk-booker-input" data-bind="value: selectedItem, selectdatepicker : {optionsData: items, selectedItem: $root.initialDate }, event:{change: onChange}" data-live-search="false" data-showsubtext="false" data-style="btn-txt-input btn-primary" data-width="100%" name="herolist" style="display: none;">
                  <option data-content="&lt;span class='date-view nomargin'&gt;&lt;span class='date-view-date'&gt;Thursday&lt;span&gt;,&lt;/span&gt;&lt;/span&gt;&lt;span class='date-view-day'&gt;25&lt;/span&gt;&lt;span class='date-view-month'&gt;Aug&lt;/span&gt;&lt;/span&gt;" data-item='{"index":2,"label":"25 Thursday, August","date":"25","day":"Thursday","month":"August","code":"2022-08-25T16:12:01.489Z"}' selected="" value="2">
                   25 Thursday, August
                  </option>
                  <option data-content="&lt;span class='date-view nomargin'&gt;&lt;span class='date-view-date'&gt;Tuesday&lt;span&gt;,&lt;/span&gt;&lt;/span&gt;&lt;span class='date-view-day'&gt;23&lt;/span&gt;&lt;span class='date-view-month'&gt;Aug&lt;/span&gt;&lt;/span&gt;" data-item='{"index":0,"label":"23 Tuesday, August","date":"23","day":"Tuesday","month":"August","code":"2022-08-23T16:12:01.909Z"}' value="0">
                   23 Tuesday, August
                  </option>
                  <option data-content="&lt;span class='date-view nomargin'&gt;&lt;span class='date-view-date'&gt;Wednesday&lt;span&gt;,&lt;/span&gt;&lt;/span&gt;&lt;span class='date-view-day'&gt;24&lt;/span&gt;&lt;span class='date-view-month'&gt;Aug&lt;/span&gt;&lt;/span&gt;" data-item='{"index":1,"label":"24 Wednesday, August","date":"24","day":"Wednesday","month":"August","code":"2022-08-24T16:12:01.909Z"}' value="1">
                   24 Wednesday, August
                  </option>
                  <option data-content="&lt;span class='date-view nomargin'&gt;&lt;span class='date-view-date'&gt;Thursday&lt;span&gt;,&lt;/span&gt;&lt;/span&gt;&lt;span class='date-view-day'&gt;25&lt;/span&gt;&lt;span class='date-view-month'&gt;Aug&lt;/span&gt;&lt;/span&gt;" data-item='{"index":2,"label":"25 Thursday, August","date":"25","day":"Thursday","month":"August","code":"2022-08-25T16:12:01.909Z"}' selected="" value="2">
                   25 Thursday, August
                  </option>
                  <option data-content="&lt;span class='date-view nomargin'&gt;&lt;span class='date-view-date'&gt;Friday&lt;span&gt;,&lt;/span&gt;&lt;/span&gt;&lt;span class='date-view-day'&gt;26&lt;/span&gt;&lt;span class='date-view-month'&gt;Aug&lt;/span&gt;&lt;/span&gt;" data-item='{"index":3,"label":"26 Friday, August","date":"26","day":"Friday","month":"August","code":"2022-08-26T16:12:01.909Z"}' value="3">
                   26 Friday, August
                  </option>
                  <option data-content="&lt;span class='date-view nomargin'&gt;&lt;span class='date-view-date'&gt;Saturday&lt;span&gt;,&lt;/span&gt;&lt;/span&gt;&lt;span class='date-view-day'&gt;27&lt;/span&gt;&lt;span class='date-view-month'&gt;Aug&lt;/span&gt;&lt;/span&gt;" data-item='{"index":4,"label":"27 Saturday, August","date":"27","day":"Saturday","month":"August","code":"2022-08-27T16:12:01.909Z"}' value="4">
                   27 Saturday, August
                  </option>
                 </select>
                 <div class="btn-group bootstrap-select select-block show-menu-arrow dropdown-bg-metalicblue depp_arr_date_hot_fix depp_arr_font_hot_fix wide-text tk-booker-input" style="width: 100%;">
                  <button class="btn dropdown-toggle selectpicker btn-txt-input btn-primary" data-toggle="dropdown" id="thy-622" title="" type="button">
                   <span class="filter-option pull-left">
                    <span class="date-view nomargin">
                     <span class="date-view-date">
                      Thursday
                      <span>
                       ,
                      </span>
                     </span>
                     <span class="date-view-day">
                      25
                     </span>
                     <span class="date-view-month">
                      Aug
                     </span>
                    </span>
                   </span>
                   <span class="caret">
                   </span>
                  </button>
                  <div class="dropdown-menu open">
                   <ul class="dropdown-menu inner selectpicker" role="menu">
                    <li rel="0">
                     <a class="" style="" tabindex="0">
                      <span class="date-view nomargin">
                       <span class="date-view-date">
                        Thursday
                        <span>
                         ,
                        </span>
                       </span>
                       <span class="date-view-day">
                        25
                       </span>
                       <span class="date-view-month">
                        Aug
                       </span>
                      </span>
                      <i class="glyphicon glyphicon-ok icon-ok check-mark">
                      </i>
                     </a>
                    </li>
                    <li rel="1">
                     <a class="" style="" tabindex="0">
                      <span class="date-view nomargin">
                       <span class="date-view-date">
                        Tuesday
                        <span>
                         ,
                        </span>
                       </span>
                       <span class="date-view-day">
                        23
                       </span>
                       <span class="date-view-month">
                        Aug
                       </span>
                      </span>
                      <i class="glyphicon glyphicon-ok icon-ok check-mark">
                      </i>
                     </a>
                    </li>
                    <li rel="2">
                     <a class="" style="" tabindex="0">
                      <span class="date-view nomargin">
                       <span class="date-view-date">
                        Wednesday
                        <span>
                         ,
                        </span>
                       </span>
                       <span class="date-view-day">
                        24
                       </span>
                       <span class="date-view-month">
                        Aug
                       </span>
                      </span>
                      <i class="glyphicon glyphicon-ok icon-ok check-mark">
                      </i>
                     </a>
                    </li>
                    <li class="selected" rel="3">
                     <a class="" style="" tabindex="0">
                      <span class="date-view nomargin">
                       <span class="date-view-date">
                        Thursday
                        <span>
                         ,
                        </span>
                       </span>
                       <span class="date-view-day">
                        25
                       </span>
                       <span class="date-view-month">
                        Aug
                       </span>
                      </span>
                      <i class="glyphicon glyphicon-ok icon-ok check-mark">
                      </i>
                     </a>
                    </li>
                    <li rel="4">
                     <a class="" style="" tabindex="0">
                      <span class="date-view nomargin">
                       <span class="date-view-date">
                        Friday
                        <span>
                         ,
                        </span>
                       </span>
                       <span class="date-view-day">
                        26
                       </span>
                       <span class="date-view-month">
                        Aug
                       </span>
                      </span>
                      <i class="glyphicon glyphicon-ok icon-ok check-mark">
                      </i>
                     </a>
                    </li>
                    <li rel="5">
                     <a class="" style="" tabindex="0">
                      <span class="date-view nomargin">
                       <span class="date-view-date">
                        Saturday
                        <span>
                         ,
                        </span>
                       </span>
                       <span class="date-view-day">
                        27
                       </span>
                       <span class="date-view-month">
                        Aug
                       </span>
                      </span>
                      <i class="glyphicon glyphicon-ok icon-ok check-mark">
                      </i>
                     </a>
                    </li>
                   </ul>
                  </div>
                 </div>
                </div>
               </div>
               <div class="col-sm-4 col-xs-12">
                <div class="form-group">
                 <a class="btn-input-red lh114 booking-btn tk-booker-submit mt-0-mbl" data-bind="click : findFlights" role="button" tabindex="0" title="submit">
                  <i class="search-flights-right-arrow hidden-xs">
                  </i>
                  <span class="visible-xs" data-bind="i18n-text: { key: 'Label-KV-5205' }">
                   See flight status
                  </span>
                 </a>
                </div>
               </div>
              </div>
             </div>
            </div>
            <!-- ko if: showRouteInfoMessage -->
            <!-- /ko -->
           </div>
           <!-- TRAVEL PACKAGE TAB CONTENT START -->
           <div class="tab-pane" id="travelPackageTab">
            <div class="row tk-booker animated delay20 flipInX mt-15">
             <div data-bind="travel-package-booker:{
										singleCityFlightSearchData : singleCityFlightSearchDataForTravelPackage,
										multiCityFlightSearchData: multiCityFlightSearchData,
										previousSearchesSearchData : previousSearchesSearchData,
										previousSearchPanelVisible : previousSearchesSearchDataPanelVisible,
										bookerType : travelPackageBookerType,
										cabinClassList : cabinClassList,
										datepickerParams: datepickerParams,
										paxpickerParams: paxpickerParams,
										showBookerTypes: true,
										links : schedulenewLinks}">
              <div class="row tk-booker travel-package-booker">
               <!-- ko with: singleCityFlightSearchData -->
               <div class="col-xs-12 booker-content" id="singleCityContainerForTravelPackage">
                <!--<span data-bind="text: $parent.totalNumberOfInfants"></span>-->
                <div class="row">
                 <div class="col-xs-12 col-sm-5">
                  <div class="row">
                   <div class="col-xs-6 col-sm-6 animated flipInX delay19" data-scroll-parent="" id="originSelectorForTravelPackage">
                    <bookerselectportfortravelpackage params="from: true,
                                isDomesticTravel: isDomesticTravel,
								type: 'single',
								data: $data">
                     <div class="port-select-wrapper active" data-bind="css:{ 'active': selectedElem }, click: focusToInput">
                      <div class="icon-wrapper">
                       <!-- ko if: from -->
                       <i class="glyphicon port-icon icon-plane">
                       </i>
                       <!-- /ko -->
                       <!-- ko ifnot: from -->
                       <!-- /ko -->
                      </div>
                      <div class="port-wrapper">
                       <!-- ko ifnot: type == 'prev' -->
                       <!-- ko if: from -->
                       <input autocomplete="off" class="port-input" data-bind="event:{
							keyup: getDeparturePorts,
							focus: focusInput,
							blur: blurInput },
						    value: airportName" data-type="from_input" id="travelPackagePortInputFrom" name="herolist"/>
                       <label class="sr-only" data-bind="i18n-text: { key: 'Label-OB-61' }" for="travelPackagePortInputFrom">
                        From
                       </label>
                       <!-- /ko -->
                       <!-- ko ifnot: from -->
                       <!-- /ko -->
                       <!-- /ko -->
                       <div class="selected-port-button">
                        <!-- ko if: from -->
                        <div class="port-label-text" data-bind="i18n-text: { key: 'Label-OB-61' }">
                         From
                        </div>
                        <!-- /ko -->
                        <!-- ko ifnot: from -->
                        <!-- /ko -->
                        <!-- ko with: selectedElem -->
                        <div class="port-info">
                         <div class="city-name" data-bind="css:{ 'empty-text':($data.city.name == '')}, text: ($data.city.name || $data.code)">
                          Tel Aviv
                         </div>
                         <div class="port-name">
                          <span data-bind="css:{ 'empty-text':($data.name == '')}, text: ($data.name || $data.code)">
                           Ben Gurion International Airport
                          </span>
                          <!-- ko if: $data.multi -->
                          <!-- /ko -->
                          <!-- ko ifnot: $data.multi -->
                          (
                          <span data-bind="text: $data.code">
                           TLV
                          </span>
                          )
                          <!-- /ko -->
                         </div>
                        </div>
                        <!-- /ko -->
                       </div>
                       <span class="port-input-variables" data-bind="click: setPortVariables">
                       </span>
                      </div>
                      <!-- ko ifnot: type == 'prev' -->
                      <div class="text-port-list">
                       <!-- ko if: emptyAllPorts && from == false -->
                       <!-- /ko -->
                       <!-- ko if: searchPortList().length -->
                       <div class="port-list-wrapper">
                        <div class="title" data-bind="i18n-text: {key: 'Label-OB-74'}">
                         AIRPORTS
                        </div>
                        <ul class="port-list">
                         <!-- ko foreach: { data: searchPortList, as: 'port' } -->
                         <li data-bind="css: { 'active' : focused }, attr: { 'data-value': code, 'data-multi': multi }, click: $parent.setSelectedPort" data-value="TLV">
                          <!-- ko if: multi -->
                          <!-- /ko -->
                          <!-- ko ifnot: multi -->
                          <i class="fa fa-plane">
                          </i>
                          <!-- /ko -->
                          <span class="label-short" data-bind="text: name">
                           Ben Gurion International Airport
                          </span>
                          <span class="label-full">
                           <!-- ko ifnot: multi -->
                           <span data-bind="text: name">
                            Ben Gurion International Airport
                           </span>
                           <span class="right-add-comma" data-bind="text: '(' + code + ')'">
                            (TLV)
                           </span>
                           <span class="right-add-comma" data-bind="text: (city.name || code)">
                            Tel Aviv
                           </span>
                           <!-- /ko -->
                           <!-- ko if: multi -->
                           <!-- /ko -->
                          </span>
                          <span class="label-subtext" data-bind="text: country.name">
                           Israel
                          </span>
                         </li>
                         <!-- /ko -->
                        </ul>
                       </div>
                       <!-- /ko -->
                       <!-- ko if: searchNearbyList().length -->
                       <!-- /ko -->
                       <!-- ko if: searchCountryList().length -->
                       <!-- /ko -->
                      </div>
                      <!-- /ko -->
                     </div>
                    </bookerselectportfortravelpackage>
                   </div>
                   <div class="col-xs-6 col-sm-6 animated flipInX delay19" data-scroll-parent="" id="destinationSelectorForTravelPackage">
                    <bookerselectportfortravelpackage params="from: false,
                                isDomesticTravel: isDomesticTravel,
								type: 'single',
								data: $data">
                     <div class="port-select-wrapper" data-bind="css:{ 'active': selectedElem }, click: focusToInput">
                      <div class="icon-wrapper">
                       <!-- ko if: from -->
                       <!-- /ko -->
                       <!-- ko ifnot: from -->
                       <i class="glyphicon port-icon-2 icon-plane">
                       </i>
                       <!-- /ko -->
                      </div>
                      <div class="port-wrapper">
                       <!-- ko ifnot: type == 'prev' -->
                       <!-- ko if: from -->
                       <!-- /ko -->
                       <!-- ko ifnot: from -->
                       <input autocomplete="off" class="port-input" data-bind="event:{
								keyup: getArrivalPorts,
								focus: focusInput,
								blur: blurInput },
								value: airportName" data-type="from_input" id="travelPackagePortInputTo" name="herolist"/>
                       <label class="sr-only" data-bind="i18n-text: { key: 'Label-OB-60' }" for="travelPackagePortInputTo">
                        To
                       </label>
                       <!-- /ko -->
                       <!-- /ko -->
                       <div class="selected-port-button">
                        <!-- ko if: from -->
                        <!-- /ko -->
                        <!-- ko ifnot: from -->
                        <div class="port-label-text" data-bind="i18n-text: { key: 'Label-OB-60' }">
                         To
                        </div>
                        <!-- /ko -->
                        <!-- ko with: selectedElem -->
                        <!-- /ko -->
                       </div>
                       <span class="port-input-variables" data-bind="click: setPortVariables">
                       </span>
                      </div>
                      <!-- ko ifnot: type == 'prev' -->
                      <div class="text-port-list">
                       <!-- ko if: emptyAllPorts && from == false -->
                       <div class="port-list-wrapper">
                        <ul class="port-list">
                         <li data-bind="click: getCountryModal">
                          <i class="fa fa-globe">
                          </i>
                          <span class="bold" data-bind="i18n-text: {key: 'Link-OB-01'}">
                           See all destinations
                          </span>
                         </li>
                        </ul>
                       </div>
                       <!-- /ko -->
                       <!-- ko if: searchPortList().length -->
                       <!-- /ko -->
                       <!-- ko if: searchNearbyList().length -->
                       <!-- /ko -->
                       <!-- ko if: searchCountryList().length -->
                       <!-- /ko -->
                      </div>
                      <!-- /ko -->
                     </div>
                    </bookerselectportfortravelpackage>
                   </div>
                  </div>
                 </div>
                 <div class="col-xs-12 col-sm-5 tk-btn-col">
                  <div class="row">
                   <div class="col-xs-12 col-sm-6 mb-15">
                    <div class="animated flipInX delay23">
                     <a aria-label="Dates" class="btn-txt-input-dark toggle-popup noopacity tk-booker-select" data-bind="togglepopup, attr: { href: '#singleCityCalendarHolderForTravelPackage' }" href="#singleCityCalendarHolderForTravelPackage" id="calendarTriggerGeneralForTravelPackage" role="button" tabindex="0">
                      <span data-bind="
									date-label-travel-package: {
										firstDate: originationDateTime,
										secondDate: returnDateTime,
										single: oneWay,
										noplane : true }" id="dateSelector5">
                       <!-- ko if:isMultiValid-->
                       <!-- /ko  -->
                       <!-- ko if:isSingleValid-->
                       <!-- /ko  -->
                       <!-- ko ifnot:isValid-->
                       <span class="filter-option" id="calendarPlaceholder">
                        <span class="date-view date-view-icon-cell">
                         <i class="booking-calendar-icon">
                         </i>
                         <!--<i class="glyphicon icon-calendar"></i>-->
                         <!--<i class="fa fa-caret-down"></i>-->
                        </span>
                        <span class="date-view date-view-text-cell" data-bind="i18n-text: { key: 'Label-OB-58'}">
                         Dates
                        </span>
                       </span>
                       <!-- /ko  -->
                      </span>
                     </a>
                    </div>
                   </div>
                   <div class="col-xs-12 col-sm-6 mb-10">
                    <div class="animated flipInX delay23">
                     <a aria-live="assertive" class="btn-txt-input-dark toggle-popup noopacity tk-booker-select" data-bind="attr: { 'data-count': totalIconCount,'title':numberOfPassengersAriaString}, togglepopup" data-count="1" href="#choosePersonForTravelPackage" id="personCountBoxForTravelPackage" role="button" tabindex="0" title="Number of passengers 1">
                      <!-- ko if: ($parent.paxpickerParams && $parent.paxpickerParams.showCabinClasses) -->
                      <span class="person-box-elem cabin-type" id="cabinTypeSelector">
                       <span class="cabin-view-text" data-bind="i18n-text: { key: 'travel.package.passengers' }">
                        Passenger(s)
                       </span>
                       <span class="cabin-view-type">
                        <span>
                         <span data-bind="text: totalNumberOfAdults">
                          2
                         </span>
                         <span data-bind="i18n-text: {key: 'travel.package.adult'}">
                          Adult
                         </span>
                        </span>
                        <!-- ko if: (totalNumberOfChildren() > 0) -->
                        <!-- /ko -->
                       </span>
                       <span class="cabin-view-class">
                        <span data-bind="text: totalNumberOfRooms">
                         1
                        </span>
                        <!-- ko if: totalNumberOfRooms() == 1 -->
                        <span data-bind="i18n-text: { key: 'travel.package.room' }">
                         Room
                        </span>
                        <!-- /ko -->
                        <!-- ko if: totalNumberOfRooms() > 1 -->
                        <!-- /ko -->
                       </span>
                      </span>
                      <!-- /ko -->
                      <!-- ko if: ($parent.showPassengerCount) -->
                      <span class="person-box-elem person-counter" id="personCounter">
                       <!--<i class="glyphicon icon-person"></i>
									<i class="glyphicon icon-person"></i>
									<i class="glyphicon icon-person"></i>
									<i class="glyphicon icon-person icon-person-last"></i>
									<span id="flightPersonCount" class="count" data-bind="text:totalPaxCount" aria-hidden="true"></span>-->
                      </span>
                      <!-- /ko -->
                     </a>
                    </div>
                   </div>
                  </div>
                 </div>
                 <div class="col-xs-12 col-sm-2">
                  <div class="animated flipInX delay23">
                   <a aria-label="Search flights" class="btn-input-red lh114 tk-booker-submit" data-bind="click: $root.executeFlightSearchForTravelPackage" id="executeSingleCitySubmitForTravelPackage" name="submit" role="button" tabindex="0">
                    <span class="execute-single-city-submit" data-bind="i18n-text: { key: 'Label-OB-333.mobil', locale: $root.language}" id="executeSingleCitySubmit_s_1">
                     Search flights
                    </span>
                    <i class="search-flights-right-arrow">
                    </i>
                   </a>
                  </div>
                 </div>
                 <div class="col-xs-12 col-md-10 col-md-offset-1">
                  <div class="relative booker booking-cols">
                   <bookerdatepickerfortravelpackage params="
						datepickerElementName: 'singleCityCalendarHolderForTravelPackage',
						oneWay: oneWay,
						dateDoneDisabled: dateDoneDisabled,
						dateSelectedDoneForTravelPackage: dateSelectedDoneForTravelPackage,
						flexibleDates : flexibleDates,
						datepickerParams: $parent.datepickerParams,
						routeRestrictionMessageFields: {
							from: originAirportCode,
							to: destinationAirportCode,
							startDate: originationDateTime,
							endDate:returnDateTime },
						datepickerFields: {
							'gotoCurrent': false,
							maxDay: maximumDaysForAvailability,
							firstDate: originationDateTime,
							secondDate : returnDateTime,
							single: oneWay,
							'disabledRanges': disabledRanges,
							'mexicanWave': mexicanWave,
							accessibilityNotificationFieldId: 'accessibility-feedback-field',
							type: $parent.travelPackageBookerType },
						chooseDateText: chooseDateText,
						dateChangeCallback: dateChangeCallback,
						filters: filters ">
                    <div class="skip-tablet popup calendarHolder calendar-holder" data-bind="attr: { id: datepickerElementId }, css: datePickerCssClass " id="singleCityCalendarHolderForTravelPackage">
                     <div class="row">
                      <div class="col-sm-12">
                       <div class="popup-wrapper">
                        <a aria-label="" class="toogle-close-mobile-schedule toggle-popup visible-xs black" data-bind="togglepopup" role="button" tabindex="0" type="button">
                         <i class="fa fa-angle-left fs-35">
                         </i>
                        </a>
                        <div class="ui-datepicker-wrapper-header clearfix">
                         <h3 class="ui-datepicker-wrapper-title pull-left schedule-title-mobile hidden-sm" data-bind="text : chooseDateText">
                          Choose your departure date
                         </h3>
                         <div class="pull-right mobile-pull-left">
                          <a aria-label="OK" class="fs-13 hidden-xs btn btn-danger done-btn pull-right toggle-popup ml-10 focusable-calendar-item" data-bind="style: { 'pointer-events': atLeastOneDateSelected() ? '' : 'none' },
								click: dateSelectedDoneForTravelPackage,
								togglepopup,
								i18n-text: { key: 'Label-OB-139' },
								attr: { href: datepickerElementHref,
								disabled: !calendarSelectionDone() } " disabled="true" href="#singleCityCalendarHolderForTravelPackage" style="pointer-events: none;">
                           OK
                          </a>
                         </div>
                        </div>
                        <div class="wrapper">
                         <div class="jrange-component-selector-class dates custom-datepicker">
                          <div class="notranslate hasDatepicker" data-bind="datepicker: datepickerFields " id="dp1661443920140">
                           <div class="ui-datepicker-inline ui-datepicker ui-widget ui-widget-content ui-helper-clearfix ui-corner-all ui-datepicker-multi-2 ui-datepicker-multi" style="width: 34em; display: block;">
                            <div class="ui-datepicker-group ui-datepicker-group-first">
                             <div class="ui-datepicker-header ui-widget-header ui-helper-clearfix ui-corner-left">
                              <a class="ui-datepicker-prev ui-corner-all ui-state-disabled" title="Prev">
                               <span class="ui-icon ui-icon-circle-triangle-w">
                                Prev
                               </span>
                              </a>
                              <div class="ui-datepicker-title">
                               <span class="ui-datepicker-month">
                                August
                               </span>
                               <span class="ui-datepicker-year">
                                2022
                               </span>
                              </div>
                             </div>
                             <table class="ui-datepicker-calendar">
                              <thead>
                               <tr>
                                <th abbr="Monday" aria-label="Monday" role="columnheader">
                                 <span title="Monday">
                                  Mo
                                 </span>
                                </th>
                                <th abbr="Tuesday" aria-label="Tuesday" role="columnheader">
                                 <span title="Tuesday">
                                  Tu
                                 </span>
                                </th>
                                <th abbr="Wednesday" aria-label="Wednesday" role="columnheader">
                                 <span title="Wednesday">
                                  We
                                 </span>
                                </th>
                                <th abbr="Thursday" aria-label="Thursday" role="columnheader">
                                 <span title="Thursday">
                                  Th
                                 </span>
                                </th>
                                <th abbr="Friday" aria-label="Friday" role="columnheader">
                                 <span title="Friday">
                                  Fr
                                 </span>
                                </th>
                                <th abbr="Saturday" aria-label="Saturday" class="ui-datepicker-week-end" role="columnheader">
                                 <span title="Saturday">
                                  Sa
                                 </span>
                                </th>
                                <th abbr="Sunday" aria-label="Sunday" class="ui-datepicker-week-end" role="columnheader">
                                 <span title="Sunday">
                                  Su
                                 </span>
                                </th>
                               </tr>
                              </thead>
                              <tbody>
                               <tr>
                                <td class="ui-datepicker-unselectable ui-state-disabled">
                                 <span class="ui-state-default">
                                  1
                                 </span>
                                </td>
                                <td class="ui-datepicker-unselectable ui-state-disabled">
                                 <span class="ui-state-default">
                                  2
                                 </span>
                                </td>
                                <td class="ui-datepicker-unselectable ui-state-disabled">
                                 <span class="ui-state-default">
                                  3
                                 </span>
                                </td>
                                <td class="ui-datepicker-unselectable ui-state-disabled">
                                 <span class="ui-state-default">
                                  4
                                 </span>
                                </td>
                                <td class="ui-datepicker-unselectable ui-state-disabled">
                                 <span class="ui-state-default">
                                  5
                                 </span>
                                </td>
                                <td class="ui-datepicker-week-end ui-datepicker-unselectable ui-state-disabled">
                                 <span class="ui-state-default">
                                  6
                                 </span>
                                </td>
                                <td class="ui-datepicker-week-end ui-datepicker-unselectable ui-state-disabled">
                                 <span class="ui-state-default">
                                  7
                                 </span>
                                </td>
                               </tr>
                               <tr>
                                <td class="ui-datepicker-unselectable ui-state-disabled">
                                 <span class="ui-state-default">
                                  8
                                 </span>
                                </td>
                                <td class="ui-datepicker-unselectable ui-state-disabled">
                                 <span class="ui-state-default">
                                  9
                                 </span>
                                </td>
                                <td class="ui-datepicker-unselectable ui-state-disabled">
                                 <span class="ui-state-default">
                                  10
                                 </span>
                                </td>
                                <td class="ui-datepicker-unselectable ui-state-disabled">
                                 <span class="ui-state-default">
                                  11
                                 </span>
                                </td>
                                <td class="ui-datepicker-unselectable ui-state-disabled">
                                 <span class="ui-state-default">
                                  12
                                 </span>
                                </td>
                                <td class="ui-datepicker-week-end ui-datepicker-unselectable ui-state-disabled">
                                 <span class="ui-state-default">
                                  13
                                 </span>
                                </td>
                                <td class="ui-datepicker-week-end ui-datepicker-unselectable ui-state-disabled">
                                 <span class="ui-state-default">
                                  14
                                 </span>
                                </td>
                               </tr>
                               <tr>
                                <td class="ui-datepicker-unselectable ui-state-disabled">
                                 <span class="ui-state-default">
                                  15
                                 </span>
                                </td>
                                <td class="ui-datepicker-unselectable ui-state-disabled">
                                 <span class="ui-state-default">
                                  16
                                 </span>
                                </td>
                                <td class="ui-datepicker-unselectable ui-state-disabled">
                                 <span class="ui-state-default">
                                  17
                                 </span>
                                </td>
                                <td class="ui-datepicker-unselectable ui-state-disabled">
                                 <span class="ui-state-default">
                                  18
                                 </span>
                                </td>
                                <td class="ui-datepicker-unselectable ui-state-disabled">
                                 <span class="ui-state-default">
                                  19
                                 </span>
                                </td>
                                <td class="ui-datepicker-week-end ui-datepicker-unselectable ui-state-disabled">
                                 <span class="ui-state-default">
                                  20
                                 </span>
                                </td>
                                <td class="ui-datepicker-week-end ui-datepicker-unselectable ui-state-disabled">
                                 <span class="ui-state-default">
                                  21
                                 </span>
                                </td>
                               </tr>
                               <tr>
                                <td class="ui-datepicker-unselectable ui-state-disabled">
                                 <span class="ui-state-default">
                                  22
                                 </span>
                                </td>
                                <td class="ui-datepicker-unselectable ui-state-disabled">
                                 <span class="ui-state-default">
                                  23
                                 </span>
                                </td>
                                <td class="ui-datepicker-unselectable ui-state-disabled">
                                 <span class="ui-state-default">
                                  24
                                 </span>
                                </td>
                                <td class="ui-datepicker-days-cell-over ui-datepicker-current-day ui-datepicker-today" data-event="click" data-handler="selectDay" data-month="7" data-year="2022">
                                 <a aria-label="August 25" class="ui-state-default ui-state-highlight ui-state-hover" data-timestamp="1661374800000" href="#" role="button">
                                  25
                                 </a>
                                 <span id="dateTooltipText">
                                  Choose departure date
                                 </span>
                                </td>
                                <td class="" data-event="click" data-handler="selectDay" data-month="7" data-year="2022">
                                 <a aria-label="August 26" class="ui-state-default" data-timestamp="1661461200000" href="#" role="button">
                                  26
                                 </a>
                                </td>
                                <td class="ui-datepicker-week-end" data-event="click" data-handler="selectDay" data-month="7" data-year="2022">
                                 <a aria-label="August 27" class="ui-state-default" data-timestamp="1661547600000" href="#" role="button">
                                  27
                                 </a>
                                </td>
                                <td class="ui-datepicker-week-end" data-event="click" data-handler="selectDay" data-month="7" data-year="2022">
                                 <a aria-label="August 28" class="ui-state-default" data-timestamp="1661634000000" href="#" role="button">
                                  28
                                 </a>
                                </td>
                               </tr>
                               <tr>
                                <td class="" data-event="click" data-handler="selectDay" data-month="7" data-year="2022">
                                 <a aria-label="August 29" class="ui-state-default" data-timestamp="1661720400000" href="#" role="button">
                                  29
                                 </a>
                                </td>
                                <td class="" data-event="click" data-handler="selectDay" data-month="7" data-year="2022">
                                 <a aria-label="August 30" class="ui-state-default" data-timestamp="1661806800000" href="#" role="button">
                                  30
                                 </a>
                                </td>
                                <td class="" data-event="click" data-handler="selectDay" data-month="7" data-year="2022">
                                 <a aria-label="August 31" class="ui-state-default" data-timestamp="1661893200000" href="#" role="button">
                                  31
                                 </a>
                                </td>
                                <td class="ui-datepicker-other-month ui-datepicker-unselectable ui-state-disabled">
                                </td>
                                <td class="ui-datepicker-other-month ui-datepicker-unselectable ui-state-disabled">
                                </td>
                                <td class="ui-datepicker-week-end ui-datepicker-other-month ui-datepicker-unselectable ui-state-disabled">
                                </td>
                                <td class="ui-datepicker-week-end ui-datepicker-other-month ui-datepicker-unselectable ui-state-disabled">
                                </td>
                               </tr>
                              </tbody>
                             </table>
                            </div>
                            <div class="ui-datepicker-group ui-datepicker-group-last">
                             <div class="ui-datepicker-header ui-widget-header ui-helper-clearfix ui-corner-right">
                              <a class="ui-datepicker-next ui-corner-all" data-event="click" data-handler="next" tabindex="0" title="Next">
                               <span class="ui-icon ui-icon-circle-triangle-e">
                                Next
                               </span>
                              </a>
                              <div class="ui-datepicker-title">
                               <span class="ui-datepicker-month">
                                September
                               </span>
                               <span class="ui-datepicker-year">
                                2022
                               </span>
                              </div>
                             </div>
                             <table class="ui-datepicker-calendar">
                              <thead>
                               <tr>
                                <th abbr="Monday" aria-label="Monday" role="columnheader">
                                 <span title="Monday">
                                  Mo
                                 </span>
                                </th>
                                <th abbr="Tuesday" aria-label="Tuesday" role="columnheader">
                                 <span title="Tuesday">
                                  Tu
                                 </span>
                                </th>
                                <th abbr="Wednesday" aria-label="Wednesday" role="columnheader">
                                 <span title="Wednesday">
                                  We
                                 </span>
                                </th>
                                <th abbr="Thursday" aria-label="Thursday" role="columnheader">
                                 <span title="Thursday">
                                  Th
                                 </span>
                                </th>
                                <th abbr="Friday" aria-label="Friday" role="columnheader">
                                 <span title="Friday">
                                  Fr
                                 </span>
                                </th>
                                <th abbr="Saturday" aria-label="Saturday" class="ui-datepicker-week-end" role="columnheader">
                                 <span title="Saturday">
                                  Sa
                                 </span>
                                </th>
                                <th abbr="Sunday" aria-label="Sunday" class="ui-datepicker-week-end" role="columnheader">
                                 <span title="Sunday">
                                  Su
                                 </span>
                                </th>
                               </tr>
                              </thead>
                              <tbody>
                               <tr>
                                <td class="ui-datepicker-other-month ui-datepicker-unselectable ui-state-disabled">
                                </td>
                                <td class="ui-datepicker-other-month ui-datepicker-unselectable ui-state-disabled">
                                </td>
                                <td class="ui-datepicker-other-month ui-datepicker-unselectable ui-state-disabled">
                                </td>
                                <td class="" data-event="click" data-handler="selectDay" data-month="8" data-year="2022">
                                 <a aria-label="September 1" class="ui-state-default" data-timestamp="1661979600000" href="#" role="button">
                                  1
                                 </a>
                                </td>
                                <td class="" data-event="click" data-handler="selectDay" data-month="8" data-year="2022">
                                 <a aria-label="September 2" class="ui-state-default" data-timestamp="1662066000000" href="#" role="button">
                                  2
                                 </a>
                                </td>
                                <td class="ui-datepicker-week-end" data-event="click" data-handler="selectDay" data-month="8" data-year="2022">
                                 <a aria-label="September 3" class="ui-state-default" data-timestamp="1662152400000" href="#" role="button">
                                  3
                                 </a>
                                </td>
                                <td class="ui-datepicker-week-end" data-event="click" data-handler="selectDay" data-month="8" data-year="2022">
                                 <a aria-label="September 4" class="ui-state-default" data-timestamp="1662238800000" href="#" role="button">
                                  4
                                 </a>
                                </td>
                               </tr>
                               <tr>
                                <td class="" data-event="click" data-handler="selectDay" data-month="8" data-year="2022">
                                 <a aria-label="September 5" class="ui-state-default" data-timestamp="1662325200000" href="#" role="button">
                                  5
                                 </a>
                                </td>
                                <td class="" data-event="click" data-handler="selectDay" data-month="8" data-year="2022">
                                 <a aria-label="September 6" class="ui-state-default" data-timestamp="1662411600000" href="#" role="button">
                                  6
                                 </a>
                                </td>
                                <td class="" data-event="click" data-handler="selectDay" data-month="8" data-year="2022">
                                 <a aria-label="September 7" class="ui-state-default" data-timestamp="1662498000000" href="#" role="button">
                                  7
                                 </a>
                                </td>
                                <td class="" data-event="click" data-handler="selectDay" data-month="8" data-year="2022">
                                 <a aria-label="September 8" class="ui-state-default" data-timestamp="1662584400000" href="#" role="button">
                                  8
                                 </a>
                                </td>
                                <td class="" data-event="click" data-handler="selectDay" data-month="8" data-year="2022">
                                 <a aria-label="September 9" class="ui-state-default" data-timestamp="1662670800000" href="#" role="button">
                                  9
                                 </a>
                                </td>
                                <td class="ui-datepicker-week-end" data-event="click" data-handler="selectDay" data-month="8" data-year="2022">
                                 <a aria-label="September 10" class="ui-state-default" data-timestamp="1662757200000" href="#" role="button">
                                  10
                                 </a>
                                </td>
                                <td class="ui-datepicker-week-end" data-event="click" data-handler="selectDay" data-month="8" data-year="2022">
                                 <a aria-label="September 11" class="ui-state-default" data-timestamp="1662843600000" href="#" role="button">
                                  11
                                 </a>
                                </td>
                               </tr>
                               <tr>
                                <td class="" data-event="click" data-handler="selectDay" data-month="8" data-year="2022">
                                 <a aria-label="September 12" class="ui-state-default" data-timestamp="1662930000000" href="#" role="button">
                                  12
                                 </a>
                                </td>
                                <td class="" data-event="click" data-handler="selectDay" data-month="8" data-year="2022">
                                 <a aria-label="September 13" class="ui-state-default" data-timestamp="1663016400000" href="#" role="button">
                                  13
                                 </a>
                                </td>
                                <td class="" data-event="click" data-handler="selectDay" data-month="8" data-year="2022">
                                 <a aria-label="September 14" class="ui-state-default" data-timestamp="1663102800000" href="#" role="button">
                                  14
                                 </a>
                                </td>
                                <td class="" data-event="click" data-handler="selectDay" data-month="8" data-year="2022">
                                 <a aria-label="September 15" class="ui-state-default" data-timestamp="1663189200000" href="#" role="button">
                                  15
                                 </a>
                                </td>
                                <td class="" data-event="click" data-handler="selectDay" data-month="8" data-year="2022">
                                 <a aria-label="September 16" class="ui-state-default" data-timestamp="1663275600000" href="#" role="button">
                                  16
                                 </a>
                                </td>
                                <td class="ui-datepicker-week-end" data-event="click" data-handler="selectDay" data-month="8" data-year="2022">
                                 <a aria-label="September 17" class="ui-state-default" data-timestamp="1663362000000" href="#" role="button">
                                  17
                                 </a>
                                </td>
                                <td class="ui-datepicker-week-end" data-event="click" data-handler="selectDay" data-month="8" data-year="2022">
                                 <a aria-label="September 18" class="ui-state-default" data-timestamp="1663448400000" href="#" role="button">
                                  18
                                 </a>
                                </td>
                               </tr>
                               <tr>
                                <td class="" data-event="click" data-handler="selectDay" data-month="8" data-year="2022">
                                 <a aria-label="September 19" class="ui-state-default" data-timestamp="1663534800000" href="#" role="button">
                                  19
                                 </a>
                                </td>
                                <td class="" data-event="click" data-handler="selectDay" data-month="8" data-year="2022">
                                 <a aria-label="September 20" class="ui-state-default" data-timestamp="1663621200000" href="#" role="button">
                                  20
                                 </a>
                                </td>
                                <td class="" data-event="click" data-handler="selectDay" data-month="8" data-year="2022">
                                 <a aria-label="September 21" class="ui-state-default" data-timestamp="1663707600000" href="#" role="button">
                                  21
                                 </a>
                                </td>
                                <td class="" data-event="click" data-handler="selectDay" data-month="8" data-year="2022">
                                 <a aria-label="September 22" class="ui-state-default" data-timestamp="1663794000000" href="#" role="button">
                                  22
                                 </a>
                                </td>
                                <td class="" data-event="click" data-handler="selectDay" data-month="8" data-year="2022">
                                 <a aria-label="September 23" class="ui-state-default" data-timestamp="1663880400000" href="#" role="button">
                                  23
                                 </a>
                                </td>
                                <td class="ui-datepicker-week-end" data-event="click" data-handler="selectDay" data-month="8" data-year="2022">
                                 <a aria-label="September 24" class="ui-state-default" data-timestamp="1663966800000" href="#" role="button">
                                  24
                                 </a>
                                </td>
                                <td class="ui-datepicker-week-end" data-event="click" data-handler="selectDay" data-month="8" data-year="2022">
                                 <a aria-label="September 25" class="ui-state-default" data-timestamp="1664053200000" href="#" role="button">
                                  25
                                 </a>
                                </td>
                               </tr>
                               <tr>
                                <td class="" data-event="click" data-handler="selectDay" data-month="8" data-year="2022">
                                 <a aria-label="September 26" class="ui-state-default" data-timestamp="1664139600000" href="#" role="button">
                                  26
                                 </a>
                                </td>
                                <td class="" data-event="click" data-handler="selectDay" data-month="8" data-year="2022">
                                 <a aria-label="September 27" class="ui-state-default" data-timestamp="1664226000000" href="#" role="button">
                                  27
                                 </a>
                                </td>
                                <td class="" data-event="click" data-handler="selectDay" data-month="8" data-year="2022">
                                 <a aria-label="September 28" class="ui-state-default" data-timestamp="1664312400000" href="#" role="button">
                                  28
                                 </a>
                                </td>
                                <td class="" data-event="click" data-handler="selectDay" data-month="8" data-year="2022">
                                 <a aria-label="September 29" class="ui-state-default" data-timestamp="1664398800000" href="#" role="button">
                                  29
                                 </a>
                                </td>
                                <td class="" data-event="click" data-handler="selectDay" data-month="8" data-year="2022">
                                 <a aria-label="September 30" class="ui-state-default" data-timestamp="1664485200000" href="#" role="button">
                                  30
                                 </a>
                                </td>
                                <td class="ui-datepicker-week-end ui-datepicker-other-month ui-datepicker-unselectable ui-state-disabled">
                                </td>
                                <td class="ui-datepicker-week-end ui-datepicker-other-month ui-datepicker-unselectable ui-state-disabled">
                                </td>
                               </tr>
                              </tbody>
                             </table>
                            </div>
                            <div class="ui-datepicker-row-break">
                            </div>
                           </div>
                          </div>
                         </div>
                        </div>
                       </div>
                      </div>
                     </div>
                     <!-- ko ifnot: routeRestrictionMessageFields.empty -->
                     <div class="panel-content pt-0 pb-0" data-bind="routerestrictionmessage: routeRestrictionMessageFields, attr: attrFields " id="routeRestrictionMessageFields">
                     </div>
                     <!-- /ko -->
                     <!-- ko if: showPromotionLabels -->
                     <!-- /ko -->
                     <a aria-label="OK" class="schedule-done-btn toggle-popup visible-xs btn btn-danger btn-block btn-lg bold p-20 lh-normal" data-bind="style: { 'pointer-events': atLeastOneDateSelected() ? '' : 'none' },
			click: dateSelectedDoneForTravelPackage,
			togglepopup,
			i18n-html: { key: 'Label-OB-139' }" style="pointer-events: none;" type="button">
                      OK
                     </a>
                    </div>
                   </bookerdatepickerfortravelpackage>
                  </div>
                 </div>
                 <div class="col-xs-12 col-md-5 col-md-offset-7">
                  <div class="relative booker booking-cols">
                   <bookerpaxpickerfortravelpackage params="
                        rooms: $root.rooms,
						elementId: 'choosePersonForTravelPackage',
						searchData: $data,
						totalNumberOfAdults: totalNumberOfAdults,
						totalNumberOfChildren: totalNumberOfChildren,
						totalNumberOfRooms: totalNumberOfRooms,
						isDomesticTravel: isDomesticTravel,
						cabinClassList: $parent.cabinClassList,
						paxpickerParams: $parent.paxpickerParams,
						quickSearch: $root.executeSingleCityFlightSearch,
						links: $parent.links ">
                    <div class="popup people-on calendar-holder travel-package-paxpicker" data-bind="attr: { id: elementId }" id="choosePersonForTravelPackage">
                     <div class="row overflow-hidden">
                      <div class="col-xs-12">
                       <div class="popup-wrapper">
                        <div id="travelPackageRoomPicker">
                         <!-- ko if: $root.isMobile() -->
                         <!-- /ko -->
                         <!-- ko if: showChildAdultAgeError -->
                         <!-- /ko -->
                         <!-- ko if: maximumPassengerAlert -->
                         <!-- /ko -->
                         <!-- ko if: maximumNumberOfBabiesAlert -->
                         <!-- /ko -->
                         <!-- ko if: totalNumberOfAdultsAlert -->
                         <!-- /ko -->
                         <div class="card-section">
                          <h5 class="paxpicker-title" data-bind="i18n-text: {key: 'travel.package.numberOfRooms'}">
                           Number Of Rooms
                          </h5>
                          <div class="room-counter">
                           <span>
                            <div class="counter-title" data-bind="i18n-text: {key: 'travel.package.rooms'}">
                             Rooms
                            </div>
                            <div class="counter-subtitle">
                             (Max 4)
                            </div>
                           </span>
                           <span>
                            <button class="travel-package-minus-btn" data-bind="click: removeRoom, enable: rooms().length &gt; 1" disabled="">
                             -
                            </button>
                            <span class="travel-package-room-count" data-bind="text: rooms().length">
                             1
                            </span>
                            <button class="travel-package-plus-btn" data-bind="click: addRoom, enable: rooms().length &lt; 4">
                             +
                            </button>
                           </span>
                          </div>
                          <!-- ko if: rooms -->
                          <ul class="room-container">
                           <!-- ko foreach: { data: rooms, as:'room'} -->
                           <li class="room-item" data-bind="attr: {'item-index': $index}" item-index="0">
                            <div class="room-title mb-10">
                             <span>
                              <span class="room-header" data-bind="text: room.title">
                               Room
                              </span>
                              <span data-bind="text: $index() + 1">
                               1
                              </span>
                             </span>
                             <span>
                              <a aria-label="Delete" class="button_small" data-bind="i18n-text: {key: 'travel.package.deleteRoom'}, click: $parent.removeItem, attr: {'item-index': $index}, visible: $parent.rooms().length &gt; 1" item-index="0" style="display: none;">
                               Delete
                              </a>
                             </span>
                            </div>
                            <div>
                             <div class="adult-counter mb-10">
                              <span>
                               <div class="counter-title" data-bind="i18n-text: { key: 'travel.package.adult'}">
                                Adult
                               </div>
                               <div class="counter-subtitle" data-bind="i18n-text: { key: 'travel.package.adultAgesLabel'}">
                                Ages: 17+
                               </div>
                              </span>
                              <span>
                               <button class="travel-package-minus-btn" data-bind="click: $parent.removeAdult, enable: room.numberofadults() &gt; 1">
                                -
                               </button>
                               <span class="travel-package-count" data-bind="text: room.numberofadults">
                                2
                               </span>
                               <button class="travel-package-plus-btn" data-bind="click: $parent.addAdult, enable: room.numberofadults() &lt; 3">
                                +
                               </button>
                              </span>
                             </div>
                            </div>
                            <div>
                             <div class="children-counter mb-10">
                              <span>
                               <div class="counter-title" data-bind="i18n-text: { key: 'travel.package.children'}">
                                Children
                               </div>
                               <div class="counter-subtitle" data-bind="i18n-text: { key: 'travel.package.childrenAgesLabel'}">
                                Ages: 0-17
                               </div>
                              </span>
                              <span>
                               <button class="travel-package-minus-btn" data-bind="click: $parent.removeChildren, enable: room.allChildren().length &gt; 0 || room.childCandidate()" disabled="">
                                -
                               </button>
                               <span class="travel-package-count" data-bind="text: room.childCandidate() ? (room.allChildren().length + 1) : (room.allChildren().length)">
                                0
                               </span>
                               <button class="travel-package-plus-btn" data-bind="click: $parent.addChildren, enable: room.allChildren().length &lt; 2">
                                +
                               </button>
                              </span>
                             </div>
                            </div>
                            <!-- ko foreach: { data: $data.allChildren, as: 'data' } -->
                            <!-- /ko -->
                            <!-- ko if: $data.childCandidate -->
                            <!-- /ko -->
                           </li>
                           <!-- /ko -->
                          </ul>
                          <!-- /ko -->
                         </div>
                        </div>
                       </div>
                      </div>
                     </div>
                     <!-- ko if: $root.isMobile() -->
                     <!-- /ko -->
                    </div>
                   </bookerpaxpickerfortravelpackage>
                  </div>
                 </div>
                </div>
               </div>
               <!-- /ko -->
              </div>
             </div>
            </div>
           </div>
           <!--TRAVEL PACKAGE TAB CONTENT FINISH -->
           <!-- /ko -->
          </div>
          <!-- DESKTOP BOOKER BOTTOM TABS START -->
          <div class="tk-booker-nav hidden-xs mt-30">
           <div class="mb5">
            <div class="text-center bookings-buttons fadeIn animated huge delay20 flipInX">
             <ul class="tk-booker-bottom-tabs mb-30">
              <li class="pull-left tk-booker-bottom-tab">
               <a aria-label="Additional services
														
														
															You can benefit from our services such as hotel reservation and car rental that will enrich your travel." class="ws-normal" data-bind="attr:{ 'href': schedulenewLinks.additionalservices }" href="/en-il/additional-services/">
                <div class="tk-booker-bottom-tab-content">
                 <div class="col-md-3 tab-content-icon col-xs-height col-middle">
                  <div class="book-flight-icon">
                  </div>
                 </div>
                 <div class="col-md-9 tab-content-info text-left col-middle">
                  <div class="tab-content-info-title">
                   <h2 data-bind="i18n-text: { key: 'booker.additionalServices.title'}">
                    Additional services
                   </h2>
                  </div>
                  <div class="tab-content-info-text">
                   <p data-bind="i18n-text: {key: 'booker.additionalServices.message'}">
                    You can benefit from our services such as hotel reservation and car rental that will enrich your travel.
                   </p>
                  </div>
                 </div>
                </div>
               </a>
              </li>
              <li class="pull-left tk-booker-bottom-tab">
               <a aria-label="Travel restrictions
														
														
															Use our interactive map to access pandemic measures and travel restrictions for different countries." class="ws-normal" data-bind="attr:{ 'href': schedulenewLinks.travelrestrictions }" href="/en-il/announcements/coronavirus-outbreak/travel-restrictions/">
                <div class="tk-booker-bottom-tab-content">
                 <div class="col-md-3 tab-content-icon col-xs-height col-middle">
                  <div class="check-in-icon">
                  </div>
                 </div>
                 <div class="col-md-9 tab-content-info text-left col-middle">
                  <div class="tab-content-info-title">
                   <h2 data-bind="i18n-text: { key: 'booker.travelRestrictions.title'}">
                    Travel restrictions
                   </h2>
                  </div>
                  <div class="tab-content-info-text">
                   <p data-bind="i18n-text: {key: 'booker.travelRestrictions.message'}">
                    Use our interactive map to access pandemic measures and travel restrictions for different countries.
                   </p>
                  </div>
                 </div>
                </div>
               </a>
              </li>
              <li class="pull-left tk-booker-bottom-tab">
               <a aria-label="Gift Card
														
														
															With Turkish Airlines Gift Card, you can present a surprise travel experience to your loved ones and let them experience the excitement of discovering new places." class="ws-normal" data-bind="attr:{ 'href': schedulenewLinks.campaigns }" href="/en-il/gift-card/gift-card-price-theme/">
                <div class="tk-booker-bottom-tab-content">
                 <div class="col-md-3 tab-content-icon col-xs-height col-middle">
                  <div class="flight-status-icon">
                  </div>
                 </div>
                 <div class="col-md-9 tab-content-info text-left col-middle">
                  <div class="tab-content-info-title">
                   <h2 data-bind="i18n-text: { key: 'booker.campaign.title'}">
                    Gift Card
                   </h2>
                  </div>
                  <div class="tab-content-info-text">
                   <p data-bind="i18n-text: {key: 'booker.campaign.message'}">
                    With Turkish Airlines Gift Card, you can present a surprise travel experience to your loved ones and let them experience the excitement of discovering new places.
                   </p>
                  </div>
                 </div>
                </div>
               </a>
              </li>
             </ul>
            </div>
           </div>
          </div>
          <!-- DESKTOP BOOKER BOTTOM TABS FINISH -->
          <!-- MOBILE BOOKER BOTTOM TABS START -->
          <div class="row visible-xs mb-0 mobile-schedule-nav">
           <div class="col-sm-12 col-xs-12 mb5">
            <div class="text-center fadeIn animated huge delay20 tk-booker-tab flipInX">
             <ul class="nav nav-pills">
              <li>
               <a aria-label="Additional services" class="ws-normal" data-bind="attr:{ 'href': schedulenewLinks.additionalservices }" href="/en-il/additional-services/">
                <div class="tk-booker-bottom-tab-content">
                 <div class="col-xs-12 mb-15">
                  <div class="book-flight-icon">
                  </div>
                 </div>
                 <div class="col-xs-12 pl-0 pr-0">
                  <h2 class="tk-booker-tab-btn-head" data-bind="i18n-text: { key: 'booker.additionalServices.title'}">
                   Additional services
                  </h2>
                 </div>
                </div>
               </a>
              </li>
              <li>
               <a aria-label="Travel restrictions" class="ws-normal" data-bind="attr:{ 'href': schedulenewLinks.travelrestrictions }" href="/en-il/announcements/coronavirus-outbreak/travel-restrictions/">
                <div class="tk-booker-bottom-tab-content">
                 <div class="col-xs-12 mb-15">
                  <div class="check-in-icon">
                  </div>
                 </div>
                 <div class="col-xs-12 pl-0 pr-0">
                  <h2 class="tk-booker-tab-btn-head" data-bind="i18n-text: { key: 'booker.travelRestrictions.title'}">
                   Travel restrictions
                  </h2>
                 </div>
                </div>
               </a>
              </li>
              <li>
               <a aria-label="Gift Card" class="ws-normal" data-bind="attr:{ 'href': schedulenewLinks.campaigns }" href="/en-il/gift-card/gift-card-price-theme/">
                <div class="tk-booker-bottom-tab-content">
                 <div class="col-xs-12 mb-15">
                  <div class="flight-status-icon">
                  </div>
                 </div>
                 <div class="col-xs-12 pl-0 pr-0">
                  <h2 class="tk-booker-tab-btn-head" data-bind="i18n-text: { key: 'booker.campaign.title'}">
                   Gift Card
                  </h2>
                 </div>
                </div>
               </a>
              </li>
             </ul>
            </div>
           </div>
          </div>
          <!-- MOBILE BOOKER BOTTOM TABS FINISH -->
         </div>
        </div>
       </div>
      </div>
     </div>
     <!-- CMS background image info -->
     <div data-bind="component: {name:'accessibility-component', params:{targetQuery:'#minibooker'}}">
      <div>
      </div>
     </div>
     <!-- SMARTBANNER BLOCK -->
     <!-- ko if: !tccBooking()-->
     <!-- ko if: isAndroidForSmartBanner() || isIOSForSmartBanner() -->
     <!-- /ko -->
     <!-- /ko -->
     <!-- SMARTBANNER BLOCK END -->
    </section>
    <div aria-hidden="true" aria-labelledby="myModalLabel" class="modal fade" data-keyboard="false" id="invalidGroupPnrModal" role="dialog" tabindex="-1">
     <div class="modal-dialog">
      <div class="modal-content">
       <button class="modal-close" data-bind="attr: {title: i18n.get('Label-Genel-201')}" data-dismiss="modal" title="Close" type="button">
        <i class="fa fa-times">
        </i>
       </button>
       <div class="modal-body">
        <div class="h3" data-bind="i18n-text: { key: 'TextField-REZ-23'}">
         A technical error has occured. Please contact our call center for detailed information and your transactions.
        </div>
       </div>
      </div>
     </div>
    </div>
    <div aria-hidden="true" aria-labelledby="myModalLabel" class="modal fade" data-keyboard="false" id="agencyPassengersNotMatchWarning" role="dialog" tabindex="-1">
     <div class="modal-dialog">
      <div class="modal-content">
       <button class="modal-close" data-bind="attr: {title: i18n.get('Label-Genel-201')}" data-dismiss="modal" title="Close" type="button">
        <i class="fa fa-times">
        </i>
       </button>
       <div class="modal-body">
        <div class="h3" data-bind="i18n-text: { key: 'Label-REZ-RF-79.agenta'}">
         There are no matching records for the surname and ticket number you have entered. Please recheck and try again.
        </div>
       </div>
      </div>
     </div>
    </div>
    <div aria-hidden="true" aria-labelledby="myModalLabel" class="modal fade" data-keyboard="false" id="notPaidAgencyPnrModal" role="dialog" tabindex="-1">
     <div class="modal-dialog">
      <div class="modal-content">
       <button class="modal-close" data-bind="attr: {title: i18n.get('Label-Genel-201')}" data-dismiss="modal" title="Close" type="button">
        <i class="fa fa-times">
        </i>
       </button>
       <div class="modal-body">
        <div class="h3" data-bind="i18n-text: { key: 'TextField-REZ-24'}">
         Because your reservation which is still awaiting payment was not created through our online services, you cannot sign in using a reservation code (PNR). Please contact one of our sales offices or call center.
        </div>
       </div>
      </div>
     </div>
    </div>
    <div aria-hidden="true" aria-labelledby="myModalLabel" class="modal fade" data-keyboard="false" id="noShowProcessModal" role="dialog" tabindex="-1">
     <div class="modal-dialog">
      <div class="modal-content">
       <button class="modal-close" data-bind="attr: {title: i18n.get('Label-Genel-201')}" data-dismiss="modal" title="Close" type="button">
        <i class="fa fa-times">
        </i>
       </button>
       <div class="modal-body">
        <div class="row p-25 pb-10">
         <h4 data-bind="i18n-text: { key: 'TextField-REZ-25'}">
          There were flight(s) which were not boarded by one or more passengers in your reservation (no-show). You can request a refund for any no-show flights by filing in the refund form. Please continue to proceed.
         </h4>
         <a class="btn btn-danger btn-lg fw500 pull-right" data-bind="click: openMimForNoShow, i18n-text: { key: 'Label-OB-142'}" role="button" tabindex="0">
          Continue
         </a>
        </div>
       </div>
      </div>
     </div>
    </div>
    <div class="modal fade bs-example-modal-lg" id="pnrUsageDescriptor" role="dialog" tabindex="-1">
     <div class="modal-dialog modal-lg">
      <div class="modal-content">
       <button class="modal-close" data-bind="attr: {title: i18n.get('Label-Genel-201')}" data-dismiss="modal" title="Close" type="button">
        <i class="fa fa-times">
        </i>
       </button>
       <div class="modal-body panel-body">
        <div class="row">
         <div class="col-xs-12" id="pnrdescriptor">
         </div>
        </div>
       </div>
      </div>
     </div>
    </div>
    <div class="modal fade bs-example-modal-lg" id="checkinOptions" role="dialog" tabindex="-1">
     <div class="modal-dialog modal-lg">
      <div class="modal-content">
       <button class="modal-close" data-bind="attr: {title: i18n.get('Label-Genel-201')}" data-dismiss="modal" title="Close" type="button">
        <i class="fa fa-times">
        </i>
       </button>
       <div class="modal-body panel-body">
        <div class="grid-title h3">
         <h2 data-bind="i18n-text: { key: 'Label-OCI-3020'}">
          Online/mobile check-in and boarding pass
         </h2>
         <div class="pull-right visible-xs">
          <i class="fa fa-plus-circle gray">
          </i>
         </div>
        </div>
        <div class="grid-title h3">
         <h3 data-bind="i18n-text: { key: 'Label-OCI-3019'}">
          You can see the digital check-in and boarding pass facilities available at different airports in the table below.
         </h3>
         <div class="pull-right visible-xs">
          <i class="fa fa-plus-circle gray">
          </i>
         </div>
        </div>
        <div class="row mb-15">
         <div class="col-md-8 pull-left mb-20 airportSelectionTabs">
          <ul class="nav nav-tabs nav-tabs-up" role="tablist">
           <li class="active">
            <a class="domesticCheckinOptionTab" data-bind="i18n-text: { key: 'Label-Genel.domestic'}, click: function(){ $root.openCheckinOptions(true); }" data-toggle="tab" href="#" role="tab">
             Türkiye
            </a>
           </li>
           <li>
            <a class="globalCheckinOptionTab" data-bind="i18n-text: { key: 'Label-Genel.international'}, click: function(){ $root.openCheckinOptions(false); }" data-toggle="tab" href="#" role="tab">
             International
            </a>
           </li>
          </ul>
         </div>
         <div class="col-md-4 pull-right">
          <input class="form-control" data-bind="value : checkinOptionSearchVal, valueUpdate: ['keyup'], event: { keyup :  searchInCheckinOptions }, i18n-placeholder: { key: 'Label-Genel-415'}" placeholder="Search" type="text"/>
         </div>
        </div>
        <div class="row of-auto">
         <table border="0" cellpadding="0" cellspacing="0" class="table table-bordered table-blue" style="" width="">
          <!--<caption data-bind="i18n-text: { key: 'Label-OCI-3019'}"></caption>-->
          <tbody>
           <tr>
            <th align="left" data-bind="i18n-text: { key: 'Label-OCI-3013'}" style="text-align: left; vertical-align: middle;">
             City-Airport
            </th>
            <th align="left" data-bind="i18n-text: { key: 'Label-OCI-3014'}" style="text-align: center; vertical-align: middle;">
             Online check-in
            </th>
            <th align="left" data-bind="i18n-text: { key: 'Label-OCI-3015'}" style="text-align: center; vertical-align: middle;">
             Mobile check-in
            </th>
            <th align="left" data-bind="i18n-text: { key: 'Label-OCI-3016'}" style="text-align: center; vertical-align: middle;">
             Online boarding pass
            </th>
            <th align="left" data-bind="i18n-text: { key: 'Label-OCI-3017'}" style="text-align: center; vertical-align: middle;">
             Mobile boarding pass
            </th>
            <th align="left" data-bind="i18n-text: { key: 'Label-OCI-3018'}" style="text-align: center; vertical-align: middle;">
             Self-service kiosk check-in
            </th>
           </tr>
           <!-- ko foreach: { data: $data.checkinOptions, as: 'option' } -->
           <!-- /ko -->
          </tbody>
         </table>
        </div>
       </div>
      </div>
     </div>
    </div>
    <div id="wingoDiv">
    </div>
    <div id="countryList">
    </div>
    <div id="backgroundimageST" style="display: none;">
     <!-- Component information ['Component ID': 'tcm:270-20972', 'Component last modified date-time': '1.08.2022 11:25:42', 'Component template ID': 'tcm:270-2219-32', 'Component template last modified date-time': '12.04.2017 10:33:26', 'Publish time': '1.08.2022 13:12:16'] -->
     <div id="backgroundImageId">
      <img class="single-bg" src="https://cdn.turkishairlines.com/m/5b8700f5f5a264e3/original/1127346848.webp"/>
     </div>
     <div id="imageAdditionalInformationId">
      <div class="container container-xs-height">
       <div class="row row-xs-height">
        <div class="col-xs-12 col-xs-height col-bottom text-right white fw700 lh-24 pt-10">
         <span class="dblock">
          Widen Your World
         </span>
         <span class="dblock">
          <a href="/en-il/flights/flights-to-istanbul/">
           <span class="white">
            Start your journey from Istanbul
           </span>
          </a>
         </span>
        </div>
       </div>
      </div>
     </div>
    </div>
    <div class="modal fade bs-example-modal-lg" id="corpUserWarning" role="dialog" tabindex="-1">
     <div class="modal-dialog modal-lg">
      <div class="modal-content">
       <button class="modal-close" data-bind="attr: {title: i18n.get('Label-Genel-201')}" data-dismiss="modal" title="Close" type="button">
        <i class="fa fa-times">
        </i>
       </button>
       <div class="modal-body panel-body">
        <div class="row">
         <div class="col-xs-12">
          <div class="alert alert-attention noborder nomargin media">
           <i class="fa fa-exclamation-triangle red fa-2x pull-left">
           </i>
           <div class="media-body">
            <div class="fw700 fs-16 pb-10" data-bind="i18n-text: { key: 'Label-OCI-33050' }">
             Attention
            </div>
            <span data-bind="i18n-text: { key: 'Error-MS-LOGIN-3100'}">
             You cannot issue award tickets because you are signed in with public membership.
            </span>
           </div>
          </div>
         </div>
        </div>
       </div>
      </div>
     </div>
    </div>
    <!--TWBS-->
    <!--Floating Button-->
    <!--
<div id="livesupport" class="hidden-xs">
	<a id="livea" style="text-decoration: none;" onclick="openWin()"> Live Support</a>
</div>
<script type="text/javascript">
	function openWin() {
		window
				.open(
						"http://turkishairlineswebsite.custhelp.com/app/chat/chat_launch/p/9/c/4/fname/test/lname/test/phone/1112364598/email/test@test.com/tkno/TK97846464",
						"_blank",
						"toolbar=yes, scrollbars=yes, resizable=no, top=50, left=200, width=500, height=600");
	}
</script>
 -->
    <!-- -->
   </div>
   <script type="text/javascript">
    require(["/com.thy.web.online.ibs/ibs/module/schedulenew/schedulenew.js"]);
   </script>
   <!-- Component information ['Component ID': 'tcm:270-351101', 'Component last modified date-time': '29.03.2022 16:26:51', 'Component template ID': 'tcm:270-1072-32', 'Component template last modified date-time': '12.04.2017 11:10:17', 'Publish time': '17.08.2022 13:56:14'] -->
   <section class="nopadding skippable-container" id="tcm270-351101" role="main" tabindex="-1">
    <div class="middle-wrapper">
     <div class="container container-xs-height">
      <div class="row row-xs-height">
       <div class="col-xs-12 col-xs-height col-left">
        <div class="panel-body">
         <div class="col-xs-height col-middle">
          <div class="info-circle img-align-left">
           <i class="fa fa-info">
           </i>
          </div>
         </div>
         <div class="col-xs-height col-middle">
          <p>
           Dear passengers,
          </p>
          <p>
           We recommend that you review our
           <a href="/en-il/announcements/coronavirus-outbreak/coronavirus-announcements/" target="_blank" title="Announcement">
            important announcements
           </a>
           page for developments related to domestic and international travel due to COVID-19, including flights suspended between countries and similar information. Please see our
           <a href="/en-il/announcements/coronavirus-outbreak/turkey-travel-rules/" target="_blank" title="Travel to Türkiye">
            Türkiye Travel Rules
           </a>
           page for information regarding the rules applicable to arrival in Turkey and
           <a href="/en-il/announcements/coronavirus-outbreak/travel-restrictions/" target="_blank" title="ülkelerin seyahat kuralları">
            country-specific travel restrictions
           </a>
           page for travel requirements for other countries.
          </p>
         </div>
        </div>
       </div>
      </div>
     </div>
    </div>
   </section>
   <!-- Component information ['Component ID': 'tcm:270-354468', 'Component last modified date-time': '7.04.2022 10:03:01', 'Component template ID': 'tcm:270-1072-32', 'Component template last modified date-time': '12.04.2017 11:10:17', 'Publish time': '17.08.2022 13:56:16'] -->
   <section class="nopadding skippable-container" id="tcm270-354468" role="main" tabindex="-1">
    <div class="middle-wrapper">
     <div class="container container-xs-height">
      <div class="row row-xs-height">
       <div class="col-xs-12 col-xs-height col-top">
        <div class="panel-body">
         <div class="col-xs-height col-middle">
          <div class="info-circle img-align-left">
           <i class="fa fa-info">
           </i>
          </div>
         </div>
         <div class="col-xs-height col-middle">
          <p>
           Dear Passengers,
          </p>
          <p>
           You can access the announcements regarding our flights to Ukraine, Belarus and Russia and the rights granted to our passengers for our flights to these countries
           <a href="/en-il/announcements/ukraine-moldova-belarus-russia-flights/" target="_blank">
            here
           </a>
           .
          </p>
         </div>
        </div>
       </div>
      </div>
     </div>
    </div>
   </section>
   <!-- Component information ['Component ID': 'tcm:270-288040', 'Component last modified date-time': '25.11.2020 16:55:39', 'Component template ID': 'tcm:270-7394-32', 'Component template last modified date-time': '11.07.2018 16:32:36', 'Publish time': '17.08.2022 13:56:18'] -->
   <section class="skippable-container" id="tcm270-288040" role="main" tabindex="-1">
    <div class="container">
     <div class="row">
      <!-- Component information ['Component ID': 'tcm:270-288039', 'Component last modified date-time': '22.09.2021 18:44:38', 'Component template ID': 'tcm:270-1248-32', 'Component template last modified date-time': '12.04.2017 10:25:40', 'Publish time': '17.08.2022 13:56:21'] -->
      <div class="col-sm-6 col-border">
       <h4>
        Travel update: COVID-19
       </h4>
       <hr/>
       <img class="img-responsive img-rounded" src="https://cdn.turkishairlines.com/m/358906ad8f94debd/original/seyahatguncelleme.webp"/>
       <br/>
       <p>
        Learn about important updates due to coronavirus, re-opened flight destinations, advantageous flexible change rights and more.
       </p>
       <br/>
       <a class="btn btn-danger" href="/en-il/announcements/coronavirus-outbreak/">
        Review
       </a>
      </div>
      <!-- Component information ['Component ID': 'tcm:270-288038', 'Component last modified date-time': '2.08.2021 10:54:38', 'Component template ID': 'tcm:270-1248-32', 'Component template last modified date-time': '12.04.2017 10:25:40', 'Publish time': '17.08.2022 13:56:24'] -->
      <div class="col-sm-6 col-border">
       <h4>
        Current flight plan
       </h4>
       <hr/>
       <img class="img-responsive img-rounded" src="https://cdn.turkishairlines.com/m/5127ce031b047d7/original/guncelucusplani.webp"/>
       <br/>
       <p>
        We take you to more than 200 destinations on safe, hygienic flights. Explore new places, see loved ones, and enjoy flexible rights if your travel plans change!
       </p>
       <br/>
       <a class="btn btn-danger" href="/en-il/announcements/coronavirus-outbreak/current-flight-plan/">
        Review
       </a>
      </div>
     </div>
    </div>
   </section>
   <div class="async-cms-block" data-content-url="/thyweb3.website/LoadCMSBlock?itemType=component&amp;publicationId=270&amp;componentURI=tcm:270-288058&amp;componentTemplateURI=tcm:270-2194-32" id="thy-103" role="main" style="height: 1200px;" tabindex="-1">
   </div>
   <div class="async-cms-block" data-content-url="/thyweb3.website/LoadCMSBlock?itemType=component&amp;publicationId=270&amp;componentURI=tcm:270-15921&amp;componentTemplateURI=tcm:270-877-32" style="height: 1200px;">
   </div>
   <script>
    faqsearchParams={};
   </script>
   <script>
    faqsearchLinks={"milesAndSmilesStaticLink":"/en-il/miles-and-smiles/","faqHome":"/en-il/any-questions/","tccPortalMainPage":"270-10297","tccMainPage":"/en-il/main/","tccPortalRegistrationPage":"/en-il/registration/","tccPortalChangePassword":"/en-il/change-password/","awardTicket":"/en-il/miles-and-smiles/book-award-tickets/","msMainPage":"/en-il/miles-and-smiles/account/","myTripsHome":"/en-il/flights/manage-booking/","tccPortalBookingSchedule":"/en-il/tccschedule/","feedbackForm":"/en-il/any-questions/customer-relations/feedback/","msSignUp":"/en-il/miles-and-smiles/sign-up-form/","holidayStaticLink":"https://www.turkishairlinesholidays.com/","corporateClubStaticLink":"/en-il/corporate-club/","callCenter":"/en-il/any-questions/get-in-touch/"};
   </script>
   <div aref="/com.thy.web.online.search/search" id="faqsearch">
   </div>
   <script type="text/javascript">
    require(["/com.thy.web.online.search/search/module/faqsearch/faqsearch.js"]);
   </script>
   <div class="hidden" data-app-name="faqsearch" data-src-desktop-img="https://cdn.turkishairlines.com/m/74f2f645d222f53d/original/THYlogo-png.png" data-src-mobile-img="" data-src-tablet-img="">
   </div>
  </div>
  <!-- Component information ['Component ID': 'tcm:270-15692', 'Component last modified date-time': '21.03.2022 15:52:28', 'Component template ID': 'tcm:270-720-32', 'Component template last modified date-time': '4.06.2019 15:34:14', 'Publish time': '25.08.2022 13:09:22'] -->
  <div class="backtotop backtotop-fixed" id="backtotop">
   <i class="fa fa-chevron-up fa-2x">
   </i>
  </div>
  <footer>
   <div class="footer-top">
    <div class="container">
     <div class="row">
      <ul class="footer-social-list">
       <li>
        <a href="https://www.facebook.com/turkishairlines" target="_blank">
         <i class="fa fa-facebook">
         </i>
         <span class="sr-only">
          Facebook
         </span>
        </a>
       </li>
       <li>
        <a href="https://twitter.com/TurkishAirlines" target="_blank">
         <i class="fa fa-twitter">
         </i>
         <span class="sr-only">
          Twitter
         </span>
        </a>
       </li>
       <li>
        <a href="https://www.instagram.com/turkishairlines" target="_blank">
         <i class="fa fa-instagram">
         </i>
         <span class="sr-only">
          Instagram
         </span>
        </a>
       </li>
       <li>
        <a href="https://www.youtube.com/channel/UCSK1_qvsEuTNZnvLQvNRLGQ" target="_blank">
         <i class="fa fa-youtube">
         </i>
         <span class="sr-only">
          YouTube
         </span>
        </a>
       </li>
       <li>
        <a href="https://tr.linkedin.com/company/turkish-airlines" target="_blank">
         <i class="fa fa-linkedin">
         </i>
         <span class="sr-only">
          LinkedIn
         </span>
        </a>
       </li>
       <li>
        <a href="https://blog.turkishairlines.com/en" target="_blank">
         <i class="fa fa-tkblog">
         </i>
         <span class="sr-only">
          Blog
         </span>
        </a>
       </li>
      </ul>
     </div>
    </div>
   </div>
   <div class="visible-md visible-lg visible-sm visible-xs footer-content">
    <div class="footer-nav">
     <div class="footer-nav-tabs-contanier">
      <ul class="container nav nav-tabs footer-nav-tabs" role="tablist">
       <li role="presentation">
        <a aria-controls="tabindex0_expandable" aria-expanded="false" class="footer-tab-item" data-target="#tabindex0" role="tab">
         PLAN &amp; BOOK
         <i aria-hidden="true" class="fa fa-sort-desc">
         </i>
        </a>
        <div class="hidden" id="tabindex0_expandable">
        </div>
       </li>
       <li role="presentation">
        <a aria-controls="tabindex1_expandable" aria-expanded="false" class="footer-tab-item" data-target="#tabindex1" role="tab">
         FLY DIFFERENT
         <i aria-hidden="true" class="fa fa-sort-desc">
         </i>
        </a>
        <div class="hidden" id="tabindex1_expandable">
        </div>
       </li>
       <li role="presentation">
        <a aria-controls="tabindex2_expandable" aria-expanded="false" class="footer-tab-item" data-target="#tabindex2" role="tab">
         DISCOVER
         <i aria-hidden="true" class="fa fa-sort-desc">
         </i>
        </a>
        <div class="hidden" id="tabindex2_expandable">
        </div>
       </li>
       <li role="presentation">
        <a aria-controls="tabindex3_expandable" aria-expanded="false" class="footer-tab-item" data-target="#tabindex3" role="tab">
         FAVORITE DESTINATIONS
         <i aria-hidden="true" class="fa fa-sort-desc">
         </i>
        </a>
        <div class="hidden" id="tabindex3_expandable">
        </div>
       </li>
       <li role="presentation">
        <a aria-controls="tabindex4_expandable" aria-expanded="false" class="footer-tab-item" data-target="#tabindex4" role="tab">
         ANY QUESTIONS
         <i aria-hidden="true" class="fa fa-sort-desc">
         </i>
        </a>
        <div class="hidden" id="tabindex4_expandable">
        </div>
       </li>
       <li role="presentation">
        <a aria-controls="tabindex5_expandable" aria-expanded="false" class="footer-tab-item" data-target="#tabindex5" role="tab">
         MILES&amp;SMILES
         <i aria-hidden="true" class="fa fa-sort-desc">
         </i>
        </a>
        <div class="hidden" id="tabindex5_expandable">
        </div>
       </li>
       <li role="presentation">
        <a aria-controls="tabindex6_expandable" aria-expanded="false" class="footer-tab-item" data-target="#tabindex6" role="tab">
         CORPORATE CLUB
         <i aria-hidden="true" class="fa fa-sort-desc">
         </i>
        </a>
        <div class="hidden" id="tabindex6_expandable">
        </div>
       </li>
       <li role="presentation">
        <a aria-controls="tabindex7_expandable" aria-expanded="false" class="footer-tab-item" data-target="#tabindex7" role="tab">
         TURKISH AIRLINES
         <i aria-hidden="true" class="fa fa-sort-desc">
         </i>
        </a>
        <div class="hidden" id="tabindex7_expandable">
        </div>
       </li>
      </ul>
     </div>
    </div>
    <div class="tab-content footer-tab-content white">
     <div class="container tab-content-item hide" id="tabindex0" role="tabpanel">
      <!-- Component information ['Component ID': 'tcm:270-262579', 'Component last modified date-time': '17.07.2019 20:09:08', 'Component template ID': 'tcm:270-262601-32', 'Component template last modified date-time': '18.07.2019 12:55:03', 'Publish time': '25.08.2022 13:09:23'] -->
      <div class="row">
       <div class="col-md-3">
        <div class="footer-content-title h3">
         PLAN &amp; BOOK
        </div>
       </div>
       <div class="col-md-9">
        <div class="footer-content-lists">
         <div class="row">
          <div class="col-md-4">
           <!-- Component information ['Component ID': 'tcm:270-262544', 'Component last modified date-time': '5.01.2022 14:12:56', 'Component template ID': 'tcm:270-759-32', 'Component template last modified date-time': '11.07.2018 17:43:20', 'Publish time': '25.08.2022 13:09:24'] -->
           <div class="h4">
            BOOK &amp; MANAGE
           </div>
           <ul>
            <li>
             <a href="/en-il/flights/booking/">
              Book a flight
             </a>
            </li>
            <li>
             <a href="/en-il/flights/manage-booking/">
              Check-in / Manage booking
             </a>
            </li>
            <li>
             <a href="/en-il/additional-services/business-upgrade/">
              Business upgrade
             </a>
            </li>
            <li>
             <a href="/en-il/additional-services/hold-the-price/">
              Hold the price
             </a>
            </li>
            <li>
             <a href="/en-il/flights/flight-status/">
              Flight status
             </a>
            </li>
            <li>
             <a href="/en-il/flights/fly-different/our-mobile-apps/">
              Mobile app
             </a>
            </li>
            <li>
             <a href="/en-il/flights/manage-booking/">
              Pay&amp;fly
             </a>
            </li>
            <li>
             <a class="external" href="https://ebiletfatura.turkishairlines.com/tk/en/Home/Login" target="_blank">
              e-ticket &amp; invoice
             </a>
            </li>
           </ul>
          </div>
          <div class="col-md-4">
           <!-- Component information ['Component ID': 'tcm:270-262545', 'Component last modified date-time': '13.09.2021 13:20:53', 'Component template ID': 'tcm:270-759-32', 'Component template last modified date-time': '11.07.2018 17:43:20', 'Publish time': '25.08.2022 13:09:26'] -->
           <div class="h4">
            PREPARE YOUR TRIP
           </div>
           <ul>
            <li>
             <a href="/en-il/any-questions/">
              Frequently asked questions
             </a>
            </li>
            <li>
             <a href="/en-il/any-questions/baggage-information/">
              Baggage information
             </a>
            </li>
            <li>
             <a href="/en-il/any-questions/check-in/">
              Check-in information
             </a>
            </li>
            <li>
             <a href="/en-il/any-questions/special-assistance-for-passengers/">
              Special assistance
             </a>
            </li>
            <li>
             <a href="/en-il/any-questions/infants-and-children/">
              Infants &amp; children
             </a>
            </li>
            <li>
             <a href="/en-il/any-questions/transfer-transit-passengers/">
              Transfer/Transit passengers
             </a>
            </li>
            <li>
             <a href="/en-il/any-questions/traveling-with-pets/">
              Traveling with pets
             </a>
            </li>
            <li>
             <a href="/en-il/flights/flight-timetable/">
              Flight schedule
             </a>
            </li>
            <li>
             <a href="/en-il/any-questions/restrictions/">
              Restrictions
             </a>
            </li>
           </ul>
          </div>
          <div class="col-md-4">
           <!-- Component information ['Component ID': 'tcm:270-262546', 'Component last modified date-time': '3.03.2022 14:01:22', 'Component template ID': 'tcm:270-759-32', 'Component template last modified date-time': '11.07.2018 17:43:20', 'Publish time': '25.08.2022 13:09:27'] -->
           <div class="h4">
            ADDITIONAL SERVICES
           </div>
           <ul>
            <li>
             <a href="/en-il/car-rental/">
              Rent a car
             </a>
            </li>
            <li>
             <a class="external" href="https://www.booking.com/index.html?aid=1320040;label=navtab-link-1320040-click_brand=turkishairlines" target="_blank">
              Book a hotel
             </a>
            </li>
            <li>
             <a href="/en-il/flights/travel-insurance/">
              Travel insurance
             </a>
            </li>
            <li>
             <a href="/en-il/flights/fly-different/seat-selection/">
              Seat selection
             </a>
            </li>
            <li>
             <!--rel:LinkThyTag text="Extra baggage" type="Component" tcm="tcm:270-250461"-->
            </li>
            <li>
             <a href="/en-il/additional-services/add-on-menu-selection/">
              Add-on menu selection
             </a>
            </li>
            <li>
             <a href="/en-il/airport-carpark-reservation/">
              Car park service
             </a>
            </li>
            <li>
             <a href="/en-il/additional-services/">
              See all additional services
             </a>
            </li>
           </ul>
          </div>
         </div>
        </div>
       </div>
      </div>
     </div>
     <div class="container tab-content-item hide" id="tabindex1" role="tabpanel">
      <!-- Component information ['Component ID': 'tcm:270-262580', 'Component last modified date-time': '17.07.2019 20:10:20', 'Component template ID': 'tcm:270-262601-32', 'Component template last modified date-time': '18.07.2019 12:55:03', 'Publish time': '25.08.2022 13:09:28'] -->
      <div class="row">
       <div class="col-md-3">
        <div class="footer-content-title h3">
         FLY DIFFERENT
        </div>
       </div>
       <div class="col-md-9">
        <div class="footer-content-lists">
         <div class="row">
          <div class="col-md-4">
           <!-- Component information ['Component ID': 'tcm:270-262548', 'Component last modified date-time': '17.07.2019 13:28:30', 'Component template ID': 'tcm:270-759-32', 'Component template last modified date-time': '11.07.2018 17:43:20', 'Publish time': '25.08.2022 13:09:29'] -->
           <div class="h4">
            CABIN CLASSES
           </div>
           <ul>
            <li>
             <a href="/en-il/flights/fly-different/business-class/">
              Business class
             </a>
            </li>
            <li>
             <a href="/en-il/flights/fly-different/economy-class/">
              Economy class
             </a>
            </li>
           </ul>
          </div>
          <div class="col-md-4">
           <!-- Component information ['Component ID': 'tcm:270-262549', 'Component last modified date-time': '25.08.2022 12:06:01', 'Component template ID': 'tcm:270-759-32', 'Component template last modified date-time': '11.07.2018 17:43:20', 'Publish time': '25.08.2022 13:09:31'] -->
           <div class="h4">
            FLIGHT EXPERIENCE
           </div>
           <ul>
            <li>
             <a href="/en-il/flights/fly-different/dining-onboard/">
              Dining on-board
             </a>
            </li>
            <li>
             <a href="/en-il/flights/fly-different/inflight-entertainment/">
              Inflight entertainment
             </a>
            </li>
            <li>
             <a href="/en-il/flights/fly-different/fleet/">
              Fleet
             </a>
            </li>
            <li>
             <a href="/en-il/flights/stopover/">
              Stopover
             </a>
            </li>
            <li>
             <a href="/en-il/flights/fly-different/touristanbul/">
              TourIstanbul
             </a>
            </li>
           </ul>
          </div>
          <div class="col-md-4">
           <!-- Component information ['Component ID': 'tcm:270-262550', 'Component last modified date-time': '25.02.2022 15:46:22', 'Component template ID': 'tcm:270-759-32', 'Component template last modified date-time': '11.07.2018 17:43:20', 'Publish time': '25.08.2022 13:09:32'] -->
           <div class="h4">
            MORE PRIVILEGES
           </div>
           <ul>
            <li>
             <a href="/en-il/istanbul-airport/turkish-airlines-lounge/">
              Turkish Airlines Lounge
             </a>
            </li>
            <li>
             <a href="/en-il/flights/fly-different/business-class/exclusive-drive/">
              Exclusive Drive
             </a>
            </li>
            <li>
             <a href="/en-il/flights/fly-different/press-reader/">
              PressReader
             </a>
            </li>
            <li>
             <a href="/en-il/istanbul-airport/">
              Istanbul Airport
             </a>
            </li>
            <li>
             <a href="/en-il/flights/fly-different/">
              See all privileges
             </a>
            </li>
           </ul>
          </div>
         </div>
        </div>
       </div>
      </div>
     </div>
     <div class="container tab-content-item hide" id="tabindex2" role="tabpanel">
      <!-- Component information ['Component ID': 'tcm:270-262581', 'Component last modified date-time': '17.07.2019 20:11:19', 'Component template ID': 'tcm:270-262601-32', 'Component template last modified date-time': '18.07.2019 12:55:03', 'Publish time': '25.08.2022 13:09:33'] -->
      <div class="row">
       <div class="col-md-3">
        <div class="footer-content-title h3">
         DISCOVER
        </div>
       </div>
       <div class="col-md-9">
        <div class="footer-content-lists">
         <div class="row">
          <div class="col-md-4">
           <!-- Component information ['Component ID': 'tcm:270-262551', 'Component last modified date-time': '15.03.2022 17:15:33', 'Component template ID': 'tcm:270-759-32', 'Component template last modified date-time': '11.07.2018 17:43:20', 'Publish time': '25.08.2022 13:09:34'] -->
           <div class="h4">
            OFFERS
           </div>
           <ul>
            <li>
             <a href="/en-il/campaigns/">
              Special offers
             </a>
            </li>
            <li>
             <a href="/en-il/flights/">
              Promotions by destination
             </a>
            </li>
            <li>
             <a href="/en-il/miles-and-smiles/campaigns/">
              Miles&amp;Smiles offers
             </a>
            </li>
            <li>
             <!--rel:LinkThyTag text="Family discount" type="Component" tcm="tcm:270-350419"-->
            </li>
            <li>
             <a href="/en-il/student/">
              Student discount
             </a>
            </li>
            <li>
             <a href="/en-il/stay-informed-about-offers/">
              Stay informed about offers
             </a>
            </li>
            <li>
             <a href="/en-il/flights/booking/promocode/">
              Promotional code
             </a>
            </li>
           </ul>
          </div>
          <div class="col-md-4">
           <!-- Component information ['Component ID': 'tcm:270-262552', 'Component last modified date-time': '20.07.2022 16:25:25', 'Component template ID': 'tcm:270-759-32', 'Component template last modified date-time': '11.07.2018 17:43:20', 'Publish time': '25.08.2022 13:09:36'] -->
           <div class="h4">
            DESTINATIONS
           </div>
           <ul>
            <li>
             <a href="/en-il/flights/flights-to-antalya/">
              Antalya
             </a>
            </li>
            <li>
             <a href="/en-il/flights/flights-to-london/">
              London
             </a>
            </li>
            <li>
             <a href="/en-il/flights/flights-to-paris/">
              Paris
             </a>
            </li>
            <li>
             <a href="/en-il/flights/flights-to-new-york/">
              New York
             </a>
            </li>
            <li>
             <a href="/en-il/flights/flights-to-bangkok/">
              Bangkok
             </a>
            </li>
            <li>
             <a href="/en-il/flight-destinations/">
              Flight destinations
             </a>
            </li>
           </ul>
          </div>
          <div class="col-md-4">
           <!-- Component information ['Component ID': 'tcm:270-262553', 'Component last modified date-time': '20.07.2022 16:23:23', 'Component template ID': 'tcm:270-759-32', 'Component template last modified date-time': '11.07.2018 17:43:20', 'Publish time': '25.08.2022 13:09:37'] -->
           <div class="h4">
            DISCOVER MORE
           </div>
           <ul>
            <li>
             <a class="external" href="https://blog.turkishairlines.com/en/?utm_source=thycom&amp;utm_medium=referral&amp;utm_campaign=tkfootermenu" target="_blank">
              Turkish Airlines Blog
             </a>
            </li>
            <li>
             <a class="external" href="https://blog.turkishairlines.com/en/category/destinations/türkiye/istanbul-travel-guide/?utm_source=thycom&amp;utm_medium=referral&amp;utm_campaign=tkfootermenu" target="_blank">
              First stop: Istanbul
             </a>
            </li>
            <li>
             <a class="external" href="https://blog.turkishairlines.com/en/category/destinations/turkey/?utm_source=thycom&amp;utm_medium=referral&amp;utm_campaign=tkfootermenu" target="_blank">
              Türkiye travel guide
             </a>
            </li>
            <li>
             <a class="external" href="https://blog.turkishairlines.com/en/category/trip-ideas/?utm_source=thycom&amp;utm_medium=referral&amp;utm_campaign=tkfootermenu" target="_blank">
              Trip ideas
             </a>
            </li>
            <li>
             <a class="external" href="https://blog.turkishairlines.com/en/category/travel-tips/?utm_source=thycom&amp;utm_medium=referral&amp;utm_campaign=tkfootermenu" target="_blank">
              Travel tips
             </a>
            </li>
           </ul>
          </div>
         </div>
        </div>
       </div>
      </div>
     </div>
     <div class="container tab-content-item hide" id="tabindex3" role="tabpanel">
      <!-- Component information ['Component ID': 'tcm:270-262582', 'Component last modified date-time': '17.07.2019 20:12:23', 'Component template ID': 'tcm:270-262601-32', 'Component template last modified date-time': '18.07.2019 12:55:03', 'Publish time': '25.08.2022 13:09:38'] -->
      <div class="row">
       <div class="col-md-3">
        <div class="footer-content-title h3">
         FAVORITE DESTINATIONS
        </div>
       </div>
       <div class="col-md-9">
        <div class="footer-content-lists">
         <div class="row">
          <div class="col-md-4">
           <!-- Component information ['Component ID': 'tcm:270-262554', 'Component last modified date-time': '19.07.2019 12:02:03', 'Component template ID': 'tcm:270-759-32', 'Component template last modified date-time': '11.07.2018 17:43:20', 'Publish time': '25.08.2022 13:09:40'] -->
           <div class="h4">
            EUROPE FLIGHTS
           </div>
           <ul>
            <li>
             <a href="/en-il/flights/city/from-istanbul-to-london-flights/">
              Istanbul - London flights
             </a>
            </li>
            <li>
             <a href="/en-il/flights/city/from-istanbul-to-amsterdam-flights/">
              Istanbul - Amsterdam flights
             </a>
            </li>
            <li>
             <a href="/en-il/flights/city/from-istanbul-to-frankfurt-flights/">
              Istanbul - Frankfurt flights
             </a>
            </li>
            <li>
             <a href="/en-il/flights/city/from-istanbul-to-vienna-flights/">
              Istanbul - Vienna flights
             </a>
            </li>
            <li>
             <a href="/en-il/flights/city/from-istanbul-to-athens-flights/">
              Istanbul - Athens flights
             </a>
            </li>
           </ul>
          </div>
          <div class="col-md-4">
           <!-- Component information ['Component ID': 'tcm:270-262555', 'Component last modified date-time': '18.07.2019 10:20:03', 'Component template ID': 'tcm:270-759-32', 'Component template last modified date-time': '11.07.2018 17:43:20', 'Publish time': '25.08.2022 13:09:41'] -->
           <div class="h4">
            AMERICA FLIGHTS
           </div>
           <ul>
            <li>
             <a href="/en-il/flights/city/from-istanbul-to-newyork-flights/">
              Istanbul - New York flights
             </a>
            </li>
            <li>
             <a href="/en-il/flights/city/from-istanbul-to-sanfrancisco-flights/">
              Istanbul - San Francisco flights
             </a>
            </li>
            <li>
             <a href="/en-il/flights/city/from-istanbul-to-houston-flights/">
              Istanbul - Houston flights
             </a>
            </li>
            <li>
             <a href="/en-il/flights/city/from-istanbul-to-boston-flights/">
              Istanbul - Boston flights
             </a>
            </li>
           </ul>
          </div>
          <div class="col-md-4">
           <!-- Component information ['Component ID': 'tcm:270-262560', 'Component last modified date-time': '18.07.2019 10:21:04', 'Component template ID': 'tcm:270-759-32', 'Component template last modified date-time': '11.07.2018 17:43:20', 'Publish time': '25.08.2022 13:09:42'] -->
           <div class="h4">
            FAR EAST FLIGHTS
           </div>
           <ul>
            <li>
             <a href="/en-il/flights/city/from-istanbul-to-seoul-flights/">
              Istanbul - Seoul flights
             </a>
            </li>
            <li>
             <a href="/en-il/flights/city/from-istanbul-to-bangkok-flights/">
              Istanbul - Bangkok flights
             </a>
            </li>
           </ul>
          </div>
         </div>
         <div class="row">
          <div class="col-md-4">
           <!-- Component information ['Component ID': 'tcm:270-262563', 'Component last modified date-time': '18.07.2019 10:34:33', 'Component template ID': 'tcm:270-759-32', 'Component template last modified date-time': '11.07.2018 17:43:20', 'Publish time': '25.08.2022 13:09:43'] -->
           <div class="h4">
            AFRICA FLIGHTS
           </div>
           <ul>
            <li>
             <a href="/en-il/flights/city/from-istanbul-to-casablanca-flights/">
              Istanbul - Casablanca flights
             </a>
            </li>
            <li>
             <a href="/en-il/flights/city/from-istanbul-to-cairo-flights/">
              Istanbul - Cairo flights
             </a>
            </li>
           </ul>
          </div>
          <div class="col-md-4">
           <!-- Component information ['Component ID': 'tcm:270-262565', 'Component last modified date-time': '18.07.2019 10:34:59', 'Component template ID': 'tcm:270-759-32', 'Component template last modified date-time': '11.07.2018 17:43:20', 'Publish time': '25.08.2022 13:09:45'] -->
           <div class="h4">
            MIDDLE EAST FLIGHTS
           </div>
           <ul>
            <li>
             <a href="/en-il/flights/city/from-istanbul-to-tehran-flights/">
              Istanbul - Tehran flights
             </a>
            </li>
            <li>
             <a href="/en-il/flights/city/from-istanbul-to-dubai-flights/">
              Istanbul - Dubai flights
             </a>
            </li>
            <li>
             <a href="/en-il/flights/city/from-istanbul-to-beirut-flights/">
              Istanbul - Beirut flights
             </a>
            </li>
            <li>
             <a href="/en-il/flights/city/from-istanbul-to-doha-flights/">
              Istanbul - Doha flights
             </a>
            </li>
           </ul>
          </div>
          <div class="col-md-4">
           <!-- Component information ['Component ID': 'tcm:270-262566', 'Component last modified date-time': '15.03.2022 15:54:03', 'Component template ID': 'tcm:270-759-32', 'Component template last modified date-time': '11.07.2018 17:43:20', 'Publish time': '25.08.2022 13:09:46'] -->
           <div class="h4">
            TÜRKIYE FLIGHTS
           </div>
           <ul>
            <li>
             <a href="/en-il/flights/flights-to-istanbul/">
              Istanbul flights
             </a>
            </li>
            <li>
             <a href="/en-il/flights/flights-to-ankara/">
              Ankara flights
             </a>
            </li>
            <li>
             <a href="/en-il/flights/flights-to-izmir/">
              Izmir flights
             </a>
            </li>
            <li>
             <a href="/en-il/flights/flights-to-antalya/">
              Antalya flights
             </a>
            </li>
            <li>
             <a href="/en-il/flights/flights-to-trabzon/">
              Trabzon flights
             </a>
            </li>
            <li>
             <a href="/en-il/flights/flights-to-adana/">
              Adana flights
             </a>
            </li>
           </ul>
          </div>
         </div>
        </div>
       </div>
      </div>
     </div>
     <div class="container tab-content-item hide" id="tabindex4" role="tabpanel">
      <!-- Component information ['Component ID': 'tcm:270-262583', 'Component last modified date-time': '10.09.2021 12:13:21', 'Component template ID': 'tcm:270-262601-32', 'Component template last modified date-time': '18.07.2019 12:55:03', 'Publish time': '25.08.2022 13:09:47'] -->
      <div class="row">
       <div class="col-md-3">
        <div class="footer-content-title h3">
         ANY QUESTIONS
        </div>
       </div>
       <div class="col-md-9">
        <div class="footer-content-lists">
         <div class="row">
          <div class="col-md-4">
           <!-- Component information ['Component ID': 'tcm:270-262557', 'Component last modified date-time': '31.07.2019 08:27:59', 'Component template ID': 'tcm:270-759-32', 'Component template last modified date-time': '11.07.2018 17:43:20', 'Publish time': '25.08.2022 13:09:49'] -->
           <div class="h4">
            BAGGAGE
           </div>
           <ul>
            <li>
             <a href="/en-il/any-questions/baggage-information/">
              Baggage information
             </a>
            </li>
            <li>
             <a href="/en-il/any-questions/free-baggage/baggage-calculator/">
              Baggage calculator
             </a>
            </li>
            <li>
             <a href="/en-il/any-questions/sports-equipment/">
              Sports equipment
             </a>
            </li>
            <li>
             <a class="external" href="https://www4.thy.com/baggage/?lang=en" target="_blank">
              Baggage irregularity report and follow-up
             </a>
            </li>
            <li>
             <a href="/en-il/any-questions/restrictions/">
              Restrictions
             </a>
            </li>
           </ul>
          </div>
          <div class="col-md-4">
           <!-- Component information ['Component ID': 'tcm:270-262562', 'Component last modified date-time': '10.05.2022 16:35:34', 'Component template ID': 'tcm:270-759-32', 'Component template last modified date-time': '11.07.2018 17:43:20', 'Publish time': '25.08.2022 13:09:50'] -->
           <div class="h4">
            HELP
           </div>
           <ul>
            <li>
             <a href="/en-il/any-questions/">
              Frequently asked questions
             </a>
            </li>
            <li>
             <a href="/en-il/any-questions/check-in/">
              Check-in information
             </a>
            </li>
            <li>
             <a href="/en-il/any-questions/special-assistance-for-passengers/">
              Special assistance
             </a>
            </li>
            <li>
             <a href="/en-il/any-questions/infants-and-children/">
              Infants&amp;children
             </a>
            </li>
            <li>
             <a href="/en-il/any-questions/transfer-transit-passengers/">
              Transfer/Transit passengers
             </a>
            </li>
            <li>
             <a href="/en-il/any-questions/traveling-with-pets/">
              Traveling with pets
             </a>
            </li>
            <li>
             <a href="/en-il/phishing/">
              Phishing
             </a>
            </li>
           </ul>
          </div>
          <div class="col-md-4">
           <!-- Component information ['Component ID': 'tcm:270-351112', 'Component last modified date-time': '10.09.2021 12:08:16', 'Component template ID': 'tcm:270-759-32', 'Component template last modified date-time': '11.07.2018 17:43:20', 'Publish time': '25.08.2022 13:09:52'] -->
           <div class="h4">
            TRAVEL AGENCIES
           </div>
           <ul>
            <li>
             <a href="/en-il/flights/agency-information/">
              Agency information
             </a>
            </li>
           </ul>
          </div>
         </div>
        </div>
       </div>
      </div>
     </div>
     <div class="container tab-content-item hide" id="tabindex5" role="tabpanel">
      <!-- Component information ['Component ID': 'tcm:270-262584', 'Component last modified date-time': '10.09.2021 12:57:41', 'Component template ID': 'tcm:270-262601-32', 'Component template last modified date-time': '18.07.2019 12:55:03', 'Publish time': '25.08.2022 13:09:55'] -->
      <div class="row">
       <div class="col-md-3">
        <div class="footer-content-title h3">
         MILES&amp;SMILES
        </div>
       </div>
       <div class="col-md-9">
        <div class="footer-content-lists">
         <div class="row">
          <div class="col-md-4">
           <!-- Component information ['Component ID': 'tcm:270-351113', 'Component last modified date-time': '13.09.2021 13:32:24', 'Component template ID': 'tcm:270-759-32', 'Component template last modified date-time': '11.07.2018 17:43:20', 'Publish time': '25.08.2022 13:09:56'] -->
           <div class="h4">
            MEMBERSHIP
           </div>
           <ul>
            <li>
             <a href="/en-il/miles-and-smiles/sign-up-form/">
              Become a member
             </a>
            </li>
            <li>
             <a href="/en-il/miles-and-smiles/account/">
              My Account
             </a>
            </li>
            <li>
             <a href="/en-il/miles-and-smiles/book-award-tickets/">
              Book an Award Ticket
             </a>
            </li>
           </ul>
          </div>
          <div class="col-md-4">
           <!-- Component information ['Component ID': 'tcm:270-262558', 'Component last modified date-time': '13.09.2021 13:34:20', 'Component template ID': 'tcm:270-759-32', 'Component template last modified date-time': '11.07.2018 17:43:20', 'Publish time': '25.08.2022 13:09:58'] -->
           <div class="h4">
            DISCOVER
           </div>
           <ul>
            <li>
             <a href="/en-il/miles-and-smiles/">
              Discover Miles&amp;Smiles
             </a>
            </li>
            <li>
             <a href="/en-il/miles-and-smiles/terms-and-conditions/">
              Terms and conditions
             </a>
            </li>
            <li>
             <a href="/en-il/any-questions/awards-questions/">
              Frequently asked questions
             </a>
            </li>
           </ul>
          </div>
          <div class="col-md-4">
           <!-- Component information ['Component ID': 'tcm:270-351114', 'Component last modified date-time': '10.09.2021 13:02:41', 'Component template ID': 'tcm:270-759-32', 'Component template last modified date-time': '11.07.2018 17:43:20', 'Publish time': '25.08.2022 13:09:59'] -->
           <div class="h4">
            PRIVILEGES
           </div>
           <ul>
            <li>
             <a href="/en-il/miles-and-smiles/campaigns/">
              Miles&amp;Smiles offers
             </a>
            </li>
            <li>
             <a class="external" href="https://shopandmiles.com/" target="_blank">
              Shop&amp;Miles
             </a>
            </li>
           </ul>
          </div>
         </div>
        </div>
       </div>
      </div>
     </div>
     <div class="container tab-content-item hide" id="tabindex6" role="tabpanel">
      <!-- Component information ['Component ID': 'tcm:270-288148', 'Component last modified date-time': '10.09.2021 13:26:05', 'Component template ID': 'tcm:270-262601-32', 'Component template last modified date-time': '18.07.2019 12:55:03', 'Publish time': '25.08.2022 13:10:00'] -->
      <div class="row">
       <div class="col-md-3">
        <div class="footer-content-title h3">
         CORPORATE CLUB
        </div>
       </div>
       <div class="col-md-9">
        <div class="footer-content-lists">
         <div class="row">
          <div class="col-md-4">
           <!-- Component information ['Component ID': 'tcm:270-288146', 'Component last modified date-time': '13.09.2021 13:35:33', 'Component template ID': 'tcm:270-759-32', 'Component template last modified date-time': '11.07.2018 17:43:20', 'Publish time': '25.08.2022 13:10:02'] -->
           <div class="h4">
            DISCOVER
           </div>
           <ul>
            <li>
             <a href="/en-il/corporate-club/">
              Discover Corporate Club
             </a>
            </li>
            <li>
             <a href="/en-il/registration/">
              Sign up
             </a>
            </li>
            <li>
             <a href="/en-il/corporate-club/terms-conditions/">
              Terms and conditions
             </a>
            </li>
            <li>
             <a href="/en-il/any-questions/">
              Frequently asked questions
             </a>
            </li>
           </ul>
          </div>
          <div class="col-md-4">
           <!-- Component information ['Component ID': 'tcm:270-351116', 'Component last modified date-time': '10.09.2021 13:22:11', 'Component template ID': 'tcm:270-759-32', 'Component template last modified date-time': '11.07.2018 17:43:20', 'Publish time': '25.08.2022 13:10:03'] -->
           <div class="h4">
            DISCOVER MORE
           </div>
           <ul>
            <li>
             <a href="/en-il/corporate-club/uatp-card/">
              UATP Card
             </a>
            </li>
            <li>
             <a href="/en-il/corporate-club/agencies/">
              Agencies
             </a>
            </li>
           </ul>
          </div>
         </div>
        </div>
       </div>
      </div>
     </div>
     <div class="container tab-content-item hide" id="tabindex7" role="tabpanel">
      <!-- Component information ['Component ID': 'tcm:270-262585', 'Component last modified date-time': '10.09.2021 15:18:51', 'Component template ID': 'tcm:270-262601-32', 'Component template last modified date-time': '18.07.2019 12:55:03', 'Publish time': '25.08.2022 13:10:05'] -->
      <div class="row">
       <div class="col-md-3">
        <div class="footer-content-title h3">
         TURKISH AIRLINES
        </div>
       </div>
       <div class="col-md-9">
        <div class="footer-content-lists">
         <div class="row">
          <div class="col-md-4">
           <!-- Component information ['Component ID': 'tcm:270-262561', 'Component last modified date-time': '25.02.2022 13:32:37', 'Component template ID': 'tcm:270-759-32', 'Component template last modified date-time': '11.07.2018 17:43:20', 'Publish time': '25.08.2022 13:10:07'] -->
           <div class="h4">
            CORPORATE
           </div>
           <ul>
            <li>
             <a href="/en-il/press-room/about-us/">
              About us
             </a>
            </li>
            <li>
             <a href="/en-il/press-room/about-us/our-policy/">
              Our policy
             </a>
            </li>
            <li>
             <a href="/en-il/press-room/sponsorships/">
              Sponsorships
             </a>
            </li>
            <li>
             <a href="/en-il/press-room/">
              Press room
             </a>
            </li>
            <li>
             <a href="/en-il/press-room/tender-notices/">
              Tender notices
             </a>
            </li>
            <li>
             <a class="external" href="https://investor.turkishairlines.com/en" target="_blank">
              Investor relations
             </a>
            </li>
            <li>
             <a class="external" href="https://careers.turkishairlines.com/en-US/" target="_blank">
              Careers
             </a>
            </li>
           </ul>
          </div>
          <div class="col-md-4">
           <!-- Component information ['Component ID': 'tcm:270-351117', 'Component last modified date-time': '11.02.2022 17:19:45', 'Component template ID': 'tcm:270-759-32', 'Component template last modified date-time': '11.07.2018 17:43:20', 'Publish time': '25.08.2022 13:10:09'] -->
           <div class="h4">
            LINKS
           </div>
           <ul>
            <li>
             <a href="/en-il/flights/turkish-conventions/">
              Turkish Airlines Conventions
             </a>
            </li>
            <li>
             <a class="external" href="http://charter.thy.com/ " target="_blank">
              Passenger charter
             </a>
            </li>
           </ul>
          </div>
          <div class="col-md-4">
           <!-- Component information ['Component ID': 'tcm:270-351118', 'Component last modified date-time': '13.09.2021 13:38:58', 'Component template ID': 'tcm:270-759-32', 'Component template last modified date-time': '11.07.2018 17:43:20', 'Publish time': '25.08.2022 13:10:10'] -->
           <div class="h4">
            CONTACT US
           </div>
           <ul>
            <li>
             <a href="/en-il/any-questions/get-in-touch/">
              Get in touch
             </a>
            </li>
           </ul>
          </div>
         </div>
        </div>
       </div>
      </div>
     </div>
    </div>
   </div>
   <div class="footer-bottom">
    <div class="container">
     <div class="row-flex justify-content-around">
      <a href="/en-il/accessibility/" target="_blank">
       Accessibility
      </a>
      <a href="/en-il/legal-notice/privacy-policy/" target="_blank">
       Privacy &amp; Cookie Policy
      </a>
      <a href="/en-il/legal-notice/" target="_blank">
       Legal Notice
      </a>
      <a href="/en-il/legal-notice/passenger-rights/" target="_blank">
       Passenger Rights
      </a>
      <a href="/en-il/legal-notice/gdpr-privacy-notice/" target="_blank">
       EU Data Subjects Rights
      </a>
      <span class="copy">
       Turkish Airlines Copyright © 1996 - 2022
      </span>
     </div>
    </div>
   </div>
  </footer>
  <!-- Component information ['Component ID': 'tcm:270-285097', 'Component last modified date-time': '21.04.2020 16:33:31', 'Component template ID': 'tcm:270-29651-32', 'Component template last modified date-time': '4.06.2019 16:14:09', 'Publish time': '25.08.2022 16:53:41'] -->
  <script type="text/javascript">
   require(["sdl-media-manager.player"]);
  </script>
  <noscript>
   <img src="https://www.turkishairlines.com/akam/13/pixel_7758959f?a=dD05Y2IxNTJiZGQ4YzY1ZmQ2ZDkyOThkYjZmMTJiN2UxZmEwOTBjZjk0JmpzPW9mZg==" style="visibility: hidden; position: absolute; left: -999px; top: -999px;"/>
  </noscript>
  <script src="/IZoRg/tjsL/ziWf/WieVKA/o/5pG5SVmp/Xmlu/MQ0iBSV/eBgE" type="text/javascript">
  </script>
  <script id="" type="text/javascript">
   var url=window.location.href,keyToFind="utm_source";if(-1<url.indexOf(keyToFind+"\x3d")){var valueFound=url.substr(url.indexOf(keyToFind+"\x3d")+keyToFind.length+1).split("\x26")[0];sessionStorage.setItem(keyToFind,valueFound)};
  </script>
  <script id="" type="text/javascript">
   var url=window.location.href,keyToFind="kayakclickid";if(-1<url.indexOf(keyToFind+"\x3d")){var valueFound=url.substr(url.indexOf(keyToFind+"\x3d")+keyToFind.length+1).split("\x26")[0];valueFound&&google_tag_manager["GTM-N4SDPR"].macro(17)(keyToFind,valueFound,.5)};
  </script>
  <script id="" type="text/javascript">
   function addpageMeta(){var a=document.createElement("meta");a.setAttribute("name","com.silverpop.brandeddomains");a.setAttribute("content","www.pages03.net,links.mail-link.turkishairlines.com,mail-link.turkishairlines.com,recp.mkt32.net,www.turkishairlines.com");document.getElementsByTagName("head")[0].appendChild(a);a=document.createElement("script");a.setAttribute("type","text/javascript");a.setAttribute("src","/lp/static/js/iMAWebCookie.js?3d42309-14c0a0c9d7b-b9e6bcd68d4fb511170ab3fcff55179d\x26h\x3dwww.pages03.net");
document.getElementsByTagName("head")[0].appendChild(a);a=document.createElement("meta");a.setAttribute("name","com.silverpop.cothost");a.setAttribute("content","engage3.silverpop.com");document.getElementsByTagName("head")[0].appendChild(a)}addpageMeta();
  </script>
  <div style="display: none; visibility: hidden;">
   <script type="application/ld+json">
    {
  "@context": "https://schema.org",
  "@type": "Airline",
  "name": "Turkish Airlines",
  "alternateName": "Türk Hava Yolları",
  "url": "https://www.turkishairlines.com/",
  "logo": "https://cdn.turkishairlines.com/m/2190da9e53a70e4e/original/THY-LOGO.png",
  "sameAs": [
    "https://www.facebook.com/TurkishAirlines/",
    "https://twitter.com/TurkishAirlines",
    "https://www.instagram.com/turkishairlines/",
    "https://www.youtube.com/channel/UCSK1_qvsEuTNZnvLQvNRLGQ",
    "https://www.linkedin.com/company/turkish-airlines/"
  ]
}
   </script>
  </div>
  <img height="1" src="https://t.co/i/adsct?bci=3&amp;eci=2&amp;event_id=92507f3c-42c0-4924-8e90-c12375437d48&amp;events=%5B%5B%22pageview%22%2C%7B%7D%5D%5D&amp;p_id=Twitter&amp;p_user_id=0&amp;pl_id=3d72130a-4dc0-4e4f-86aa-8cddb7c3243c&amp;tw_document_href=https%3A%2F%2Fwww.turkishairlines.com%2F&amp;tw_iframe_status=0&amp;tw_order_quantity=0&amp;tw_sale_amount=0&amp;txn_id=nxuy5&amp;type=javascript&amp;version=2.3.26" style="display: none;" width="1"/>
  <img height="1" src="https://analytics.twitter.com/i/adsct?bci=3&amp;eci=2&amp;event_id=92507f3c-42c0-4924-8e90-c12375437d48&amp;events=%5B%5B%22pageview%22%2C%7B%7D%5D%5D&amp;p_id=Twitter&amp;p_user_id=0&amp;pl_id=3d72130a-4dc0-4e4f-86aa-8cddb7c3243c&amp;tw_document_href=https%3A%2F%2Fwww.turkishairlines.com%2F&amp;tw_iframe_status=0&amp;tw_order_quantity=0&amp;tw_sale_amount=0&amp;txn_id=nxuy5&amp;type=javascript&amp;version=2.3.26" style="display: none;" width="1"/>
  <img height="1" src="https://t.co/i/adsct?bci=3&amp;eci=2&amp;event_id=a9c690af-bb84-4c2c-acb5-b4ddbda12a6f&amp;events=%5B%5B%22pageview%22%2C%7B%7D%5D%5D&amp;p_id=Twitter&amp;p_user_id=0&amp;pl_id=3d72130a-4dc0-4e4f-86aa-8cddb7c3243c&amp;tw_document_href=https%3A%2F%2Fwww.turkishairlines.com%2F&amp;tw_iframe_status=0&amp;tw_order_quantity=0&amp;tw_sale_amount=0&amp;txn_id=ny13p&amp;type=javascript&amp;version=2.3.26" style="display: none;" width="1"/>
  <img height="1" src="https://analytics.twitter.com/i/adsct?bci=3&amp;eci=2&amp;event_id=a9c690af-bb84-4c2c-acb5-b4ddbda12a6f&amp;events=%5B%5B%22pageview%22%2C%7B%7D%5D%5D&amp;p_id=Twitter&amp;p_user_id=0&amp;pl_id=3d72130a-4dc0-4e4f-86aa-8cddb7c3243c&amp;tw_document_href=https%3A%2F%2Fwww.turkishairlines.com%2F&amp;tw_iframe_status=0&amp;tw_order_quantity=0&amp;tw_sale_amount=0&amp;txn_id=ny13p&amp;type=javascript&amp;version=2.3.26" style="display: none;" width="1"/>
  <div id="allLoaderContainer">
   <div class="preloader-mask" style="display: block;">
    <div class="animation-area">
     <div class="animation-border">
     </div>
     <img alt="Page loader logo" src="/theme/img/LoadingGif/animation.gif"/>
    </div>
   </div>
  </div>
  <div class="ui-datepicker ui-widget ui-widget-content ui-helper-clearfix ui-corner-all" id="ui-datepicker-div">
  </div>
  <iframe height="0" src="//8425477.fls.doubleclick.net/activityi;src=8425477;type=homepage;cat=homep0;ord=4126357494590;gtm=2wg8o0;auiddc=313581432.1661443921;u1=Desktop;u2=en;u3=undefined;u4=undefined;u33=undefined;u36=undefined;~oref=https%3A%2F%2Fwww.turkishairlines.com%2F?" style="display: none; visibility: hidden;" width="0">
  </iframe>
  <img src="https://www.pages03.net/WTS/event.jpeg?accesskey=3d42309-14c0a0c9d7b-b9e6bcd68d4fb511170ab3fcff55179d&amp;v=1.3&amp;isNewSession=1&amp;type=pageview&amp;isNewVisitor=1&amp;sessionGUID=18c0054d-9918-4be9-445e-57198836d96c&amp;webSyncID=cc6a34c1-40c3-dad3-41bd-6da1468120ca&amp;url=https%3A%2F%2Fwww.turkishairlines.com%2F&amp;newSiteVisit=1&amp;hostname=www.turkishairlines.com&amp;pathname=%2F&amp;newPageVisit=1&amp;eventKey=b516517a-4933-30d1-deee-1128b4740561" style="display: none;"/>
  <script id="" type="text/javascript">
   var GAClientID;try{var trackers=ga.getAll(),i,len;i=0;for(len=trackers.length;i<len;i+=1)"UA-45731639-2"===trackers[i].get("trackingId")&&(GAClientID=trackers[i].get("clientId"))}catch(a){}var cookieName="clientID",cookieValue=GAClientID,cookiePath="/",expirationTime=2628E3;expirationTime*=1E3;var date=new Date,dateTimeNow=date.getTime();date.setTime(dateTimeNow+expirationTime);expirationTime=date.toUTCString();
document.cookie=cookieName+"\x3d"+cookieValue+"; expires\x3d"+expirationTime+"; path\x3d"+cookiePath;
  </script>
  <script id="" type="text/javascript">
   !function(b,e,f,g,a,c,d){b.fbq||(a=b.fbq=function(){a.callMethod?a.callMethod.apply(a,arguments):a.queue.push(arguments)},b._fbq||(b._fbq=a),a.push=a,a.loaded=!0,a.version="2.0",a.queue=[],c=e.createElement(f),c.async=!0,c.src=g,d=e.getElementsByTagName(f)[0],d.parentNode.insertBefore(c,d))}(window,document,"script","https://connect.facebook.net/en_US/fbevents.js");fbq("init","912223215635574");fbq("track","PageView");
if("undefined"!=typeof __fbq)for(var iij=0;iij<__fbq.length;iij++)fbq.apply(window,__fbq[iij]);
  </script>
  <noscript>
   <img height="1" src="https://www.facebook.com/tr?id=912223215635574&amp;ev=PageView&amp;noscript=1" style="display:none" width="1"/>
  </noscript>
  <script id="" type="text/javascript">
   window.dataLayer=window.dataLayer||[];0==google_tag_manager["GTM-N4SDPR"].macro(59)&&"1"==google_tag_manager["GTM-N4SDPR"].macro(60)&&dataLayer.push({event:"Logged Out"});
  </script>
  <script id="" type="text/javascript">
   1!=google_tag_manager["GTM-N4SDPR"].macro(61)?google_tag_manager["GTM-N4SDPR"].macro(62)("c_log","0",30):google_tag_manager["GTM-N4SDPR"].macro(63)("c_log","1",30);
  </script>
 </body>
</html>